Archive member included to satisfy reference by file (symbol)

/home/nico/Documents/MCUXpresso_11.1.0_3209/workspace/lpcopen_2_10_lpcxpresso_nxp_lpcxpresso_1769.zip_expanded/lpc_board_nxp_lpcxpresso_1769/Debug/liblpc_board_nxp_lpcxpresso_1769.a(board.o)
                              ./freertos/src/FreeRTOSCommonHooks.o (Board_UARTPutSTR)
/home/nico/Documents/MCUXpresso_11.1.0_3209/workspace/lpcopen_2_10_lpcxpresso_nxp_lpcxpresso_1769.zip_expanded/lpc_board_nxp_lpcxpresso_1769/Debug/liblpc_board_nxp_lpcxpresso_1769.a(board_sysinit.o)
                              ./example/src/sysinit.o (Board_SystemInit)
/home/nico/Documents/MCUXpresso_11.1.0_3209/workspace/lpcopen_2_10_lpcxpresso_nxp_lpcxpresso_1769.zip_expanded/lpc_chip_175x_6x/Debug/liblpc_chip_175x_6x.a(chip_17xx_40xx.o)
                              ./freertos/src/port.o (SystemCoreClock)
/home/nico/Documents/MCUXpresso_11.1.0_3209/workspace/lpcopen_2_10_lpcxpresso_nxp_lpcxpresso_1769.zip_expanded/lpc_chip_175x_6x/Debug/liblpc_chip_175x_6x.a(clock_17xx_40xx.o)
                              /home/nico/Documents/MCUXpresso_11.1.0_3209/workspace/lpcopen_2_10_lpcxpresso_nxp_lpcxpresso_1769.zip_expanded/lpc_chip_175x_6x/Debug/liblpc_chip_175x_6x.a(chip_17xx_40xx.o) (Chip_Clock_EnablePLL)
/home/nico/Documents/MCUXpresso_11.1.0_3209/workspace/lpcopen_2_10_lpcxpresso_nxp_lpcxpresso_1769.zip_expanded/lpc_chip_175x_6x/Debug/liblpc_chip_175x_6x.a(i2s_17xx_40xx.o)
                              /home/nico/Documents/MCUXpresso_11.1.0_3209/workspace/lpcopen_2_10_lpcxpresso_nxp_lpcxpresso_1769.zip_expanded/lpc_board_nxp_lpcxpresso_1769/Debug/liblpc_board_nxp_lpcxpresso_1769.a(board.o) (Chip_I2S_Init)
/home/nico/Documents/MCUXpresso_11.1.0_3209/workspace/lpcopen_2_10_lpcxpresso_nxp_lpcxpresso_1769.zip_expanded/lpc_chip_175x_6x/Debug/liblpc_chip_175x_6x.a(iocon_17xx_40xx.o)
                              /home/nico/Documents/MCUXpresso_11.1.0_3209/workspace/lpcopen_2_10_lpcxpresso_nxp_lpcxpresso_1769.zip_expanded/lpc_board_nxp_lpcxpresso_1769/Debug/liblpc_board_nxp_lpcxpresso_1769.a(board.o) (Chip_IOCON_PinMux)
/home/nico/Documents/MCUXpresso_11.1.0_3209/workspace/lpcopen_2_10_lpcxpresso_nxp_lpcxpresso_1769.zip_expanded/lpc_chip_175x_6x/Debug/liblpc_chip_175x_6x.a(sysinit_17xx_40xx.o)
                              /home/nico/Documents/MCUXpresso_11.1.0_3209/workspace/lpcopen_2_10_lpcxpresso_nxp_lpcxpresso_1769.zip_expanded/lpc_board_nxp_lpcxpresso_1769/Debug/liblpc_board_nxp_lpcxpresso_1769.a(board_sysinit.o) (Chip_SetupXtalClocking)
/home/nico/Documents/MCUXpresso_11.1.0_3209/workspace/lpcopen_2_10_lpcxpresso_nxp_lpcxpresso_1769.zip_expanded/lpc_chip_175x_6x/Debug/liblpc_chip_175x_6x.a(uart_17xx_40xx.o)
                              /home/nico/Documents/MCUXpresso_11.1.0_3209/workspace/lpcopen_2_10_lpcxpresso_nxp_lpcxpresso_1769.zip_expanded/lpc_board_nxp_lpcxpresso_1769/Debug/liblpc_board_nxp_lpcxpresso_1769.a(board.o) (Chip_UART_Init)
/home/nico/Documents/MCUXpresso_11.1.0_3209/workspace/lpcopen_2_10_lpcxpresso_nxp_lpcxpresso_1769.zip_expanded/lpc_chip_175x_6x/Debug/liblpc_chip_175x_6x.a(ring_buffer.o)
                              /home/nico/Documents/MCUXpresso_11.1.0_3209/workspace/lpcopen_2_10_lpcxpresso_nxp_lpcxpresso_1769.zip_expanded/lpc_chip_175x_6x/Debug/liblpc_chip_175x_6x.a(uart_17xx_40xx.o) (RingBuffer_Insert)
/usr/local/mcuxpressoide-11.1.0_3209/ide/plugins/com.nxp.mcuxpresso.tools.linux_11.1.0.201909161352/tools/bin/../lib/gcc/arm-none-eabi/8.3.1/../../../../arm-none-eabi/lib/thumb/v7-m/nofp/libcr_nohost_nf.a(_cr__main.o)
                              ./example/src/cr_startup_lpc175x_6x.o (__main)
/usr/local/mcuxpressoide-11.1.0_3209/ide/plugins/com.nxp.mcuxpresso.tools.linux_11.1.0.201909161352/tools/bin/../lib/gcc/arm-none-eabi/8.3.1/../../../../arm-none-eabi/lib/thumb/v7-m/nofp/libcr_c.a(memcpy.o)
                              ./freertos/src/queue.o (memcpy)
/usr/local/mcuxpressoide-11.1.0_3209/ide/plugins/com.nxp.mcuxpresso.tools.linux_11.1.0.201909161352/tools/bin/../lib/gcc/arm-none-eabi/8.3.1/../../../../arm-none-eabi/lib/thumb/v7-m/nofp/libcr_c.a(memset.o)
                              ./freertos/src/tasks.o (memset)
/usr/local/mcuxpressoide-11.1.0_3209/ide/plugins/com.nxp.mcuxpresso.tools.linux_11.1.0.201909161352/tools/bin/../lib/gcc/arm-none-eabi/8.3.1/../../../../arm-none-eabi/lib/thumb/v7-m/nofp/libcr_c.a(alloc.o)
                              ./freertos/src/heap_3.o (malloc)
/usr/local/mcuxpressoide-11.1.0_3209/ide/plugins/com.nxp.mcuxpresso.tools.linux_11.1.0.201909161352/tools/bin/../lib/gcc/arm-none-eabi/8.3.1/../../../../arm-none-eabi/lib/thumb/v7-m/nofp/libcr_c.a(cr_time.o)
                              ./example/src/PP-C-doble.o (time)
/usr/local/mcuxpressoide-11.1.0_3209/ide/plugins/com.nxp.mcuxpresso.tools.linux_11.1.0.201909161352/tools/bin/../lib/gcc/arm-none-eabi/8.3.1/../../../../arm-none-eabi/lib/thumb/v7-m/nofp/libcr_c.a(fpprintf.o)
                              ./freertos/src/FreeRTOSCommonHooks.o (printf)
[...]
Memory Configuration

Name             Origin             Length             Attributes
MFlash512        0x0000000000000000 0x0000000000080000 xr
RamLoc32         0x0000000010000000 0x0000000000008000 xrw
RamAHB32         0x000000002007c000 0x0000000000008000 xrw
*default*        0x0000000000000000 0xffffffffffffffff

Linker script and memory map

LOAD ./freertos/src/FreeRTOSCommonHooks.o
LOAD ./freertos/src/heap_3.o
LOAD ./freertos/src/list.o
LOAD ./freertos/src/port.o
LOAD ./freertos/src/queue.o
LOAD ./freertos/src/tasks.o
LOAD ./example/src/PP-C-doble.o
LOAD ./example/src/cr_startup_lpc175x_6x.o
LOAD ./example/src/sysinit.o
LOAD ./example/src/trcKernelPort.o
LOAD ./example/src/trcSnapshotRecorder.o
LOAD ./example/src/trcStreamingRecorder.o
LOAD /home/nico/Documents/MCUXpresso_11.1.0_3209/workspace/lpcopen_2_10_lpcxpresso_nxp_lpcxpresso_1769.zip_expanded/lpc_board_nxp_lpcxpresso_1769/Debug/liblpc_board_nxp_lpcxpresso_1769.a
LOAD /home/nico/Documents/MCUXpresso_11.1.0_3209/workspace/lpcopen_2_10_lpcxpresso_nxp_lpcxpresso_1769.zip_expanded/lpc_chip_175x_6x/Debug/liblpc_chip_175x_6x.a
START GROUP
LOAD /usr/local/mcuxpressoide-11.1.0_3209/ide/plugins/com.nxp.mcuxpresso.tools.linux_11.1.0.201909161352/tools/bin/../lib/gcc/arm-none-eabi/8.3.1/../../../../arm-none-eabi/lib/thumb/v7-m/nofp/libcr_nohost_nf.a
LOAD /usr/local/mcuxpressoide-11.1.0_3209/ide/plugins/com.nxp.mcuxpresso.tools.linux_11.1.0.201909161352/tools/bin/../lib/gcc/arm-none-eabi/8.3.1/../../../../arm-none-eabi/lib/thumb/v7-m/nofp/libcr_c.a
LOAD /usr/local/mcuxpressoide-11.1.0_3209/ide/plugins/com.nxp.mcuxpresso.tools.linux_11.1.0.201909161352/tools/bin/../lib/gcc/arm-none-eabi/8.3.1/thumb/v7-m/nofp/libcr_eabihelpers.a
LOAD /usr/local/mcuxpressoide-11.1.0_3209/ide/plugins/com.nxp.mcuxpresso.tools.linux_11.1.0.201909161352/tools/bin/../lib/gcc/arm-none-eabi/8.3.1/thumb/v7-m/nofp/libgcc.a
END GROUP
                0x0000000000000000                __base_MFlash512 = 0x0
                0x0000000000000000                __base_Flash = 0x0
                0x0000000000080000                __top_MFlash512 = 0x80000
                0x0000000000080000                __top_Flash = 0x80000
                0x0000000010000000                __base_RamLoc32 = 0x10000000
                0x0000000010000000                __base_RAM = 0x10000000
                0x0000000010008000                __top_RamLoc32 = 0x10008000
                0x0000000010008000                __top_RAM = 0x10008000
                0x000000002007c000                __base_RamAHB32 = 0x2007c000
                0x000000002007c000                __base_RAM2 = 0x2007c000
                0x0000000020084000                __top_RamAHB32 = 0x20084000
                0x0000000020084000                __top_RAM2 = 0x20084000

.text           0x0000000000000000     0x7f28
 FILL mask 0xff
                0x0000000000000000                __vectors_start__ = ABSOLUTE (.)
 *(.isr_vector)
 .isr_vector    0x0000000000000000       0xcc ./example/src/cr_startup_lpc175x_6x.o
                0x0000000000000000                g_pfnVectors
                0x00000000000000cc                . = ALIGN (0x4)
                0x00000000000000cc                __section_table_start = .
                0x00000000000000cc                __data_section_table = .
                0x00000000000000cc        0x4 LONG 0x7f28 LOADADDR (.data)
                0x00000000000000d0        0x4 LONG 0x10000000 ADDR (.data)
                0x00000000000000d4        0x4 LONG 0xfc SIZEOF (.data)
                0x00000000000000d8        0x4 LONG 0x7f28 LOADADDR (.data_RAM2)
                0x00000000000000dc        0x4 LONG 0x2007c000 ADDR (.data_RAM2)
                0x00000000000000e0        0x4 LONG 0x0 SIZEOF (.data_RAM2)
                0x00000000000000e4                __data_section_table_end = .
                0x00000000000000e4                __bss_section_table = .
                0x00000000000000e4        0x4 LONG 0x100000fc ADDR (.bss)
                0x00000000000000e8        0x4 LONG 0x1c54 SIZEOF (.bss)
                0x00000000000000ec        0x4 LONG 0x2007c000 ADDR (.bss_RAM2)
                0x00000000000000f0        0x4 LONG 0x0 SIZEOF (.bss_RAM2)
                0x00000000000000f4                __bss_section_table_end = .
                0x00000000000000f4                __section_table_end = .
 *(.after_vectors*)
 .after_vectors
                0x00000000000000f4      0x12c ./example/src/cr_startup_lpc175x_6x.o
                0x00000000000000f4                data_init
                0x0000000000000136                bss_init
                0x000000000000016c                ResetISR
                0x00000000000001e4                NMI_Handler
                0x00000000000001ea                HardFault_Handler
                0x00000000000001f0                MemManage_Handler
                0x00000000000001f6                BusFault_Handler
                0x00000000000001fc                UsageFault_Handler
                0x0000000000000208                DebugMon_Handler
                0x000000000000021a                TIMER2_IRQHandler
                0x000000000000021a                RIT_IRQHandler
                0x000000000000021a                I2C0_IRQHandler
                0x000000000000021a                USBActivity_IRQHandler
                0x000000000000021a                PWM1_IRQHandler
                0x000000000000021a                I2C1_IRQHandler
                0x000000000000021a                EINT2_IRQHandler
                0x000000000000021a                UART1_IRQHandler
                0x000000000000021a                EINT3_IRQHandler
                0x000000000000021a                CANActivity_IRQHandler
                0x000000000000021a                TIMER3_IRQHandler
                0x000000000000021a                UART0_IRQHandler
                0x000000000000021a                IntDefaultHandler
                0x000000000000021a                PLL0_IRQHandler
                0x000000000000021a                CAN_IRQHandler
                0x000000000000021a                PLL1_IRQHandler
                0x000000000000021a                SSP0_IRQHandler
                0x000000000000021a                I2S_IRQHandler
                0x000000000000021a                I2C2_IRQHandler
                0x000000000000021a                RTC_IRQHandler
                0x000000000000021a                TIMER0_IRQHandler
                0x000000000000021a                SPI_IRQHandler
                0x000000000000021a                EINT1_IRQHandler
                0x000000000000021a                TIMER1_IRQHandler
                0x000000000000021a                UART2_IRQHandler
                0x000000000000021a                ADC_IRQHandler
                0x000000000000021a                SSP1_IRQHandler
                0x000000000000021a                USB_IRQHandler
                0x000000000000021a                BOD_IRQHandler
                0x000000000000021a                WDT_IRQHandler
                0x000000000000021a                QEI_IRQHandler
                0x000000000000021a                EINT0_IRQHandler
                0x000000000000021a                ETH_IRQHandler
                0x000000000000021a                DMA_IRQHandler
                0x000000000000021a                UART3_IRQHandler
                0x000000000000021a                MCPWM_IRQHandler
 *(.text*)
 .text.vApplicationIdleHook
                0x0000000000000220        0xe ./freertos/src/FreeRTOSCommonHooks.o
                0x0000000000000220                vApplicationIdleHook
 .text.pvPortMalloc
                0x000000000000022e       0x22 ./freertos/src/heap_3.o
                0x000000000000022e                pvPortMalloc
 .text.vPortFree
                0x0000000000000250       0x24 ./freertos/src/heap_3.o
                0x0000000000000250                vPortFree
 .text.vListInitialise
                0x0000000000000274       0x3e ./freertos/src/list.o
                0x0000000000000274                vListInitialise
 .text.vListInitialiseItem
                0x00000000000002b2       0x18 ./freertos/src/list.o
                0x00000000000002b2                vListInitialiseItem
 .text.vListInsertEnd
                0x00000000000002ca       0x46 ./freertos/src/list.o
                0x00000000000002ca                vListInsertEnd
 .text.vListInsert
                0x0000000000000310       0x70 ./freertos/src/list.o
                0x0000000000000310                vListInsert
 .text.uxListRemove
                0x0000000000000380       0x52 ./freertos/src/list.o
                0x0000000000000380                uxListRemove
 *fill*         0x00000000000003d2        0x2 ff
 .text.pxPortInitialiseStack
                0x00000000000003d4       0x54 ./freertos/src/port.o
                0x00000000000003d4                pxPortInitialiseStack
 .text.prvTaskExitError
                0x0000000000000428        0xa ./freertos/src/port.o
 *fill*         0x0000000000000432        0x2 ff
 .text.SVC_Handler
                0x0000000000000434       0x24 ./freertos/src/port.o
                0x0000000000000434                SVC_Handler
 .text.prvPortStartFirstTask
                0x0000000000000458       0x18 ./freertos/src/port.o
 .text.xPortStartScheduler
                0x0000000000000470       0x38 ./freertos/src/port.o
                0x0000000000000470                xPortStartScheduler
 .text.vPortYield
                0x00000000000004a8       0x20 ./freertos/src/port.o
                0x00000000000004a8                vPortYield
 .text.vPortEnterCritical
                0x00000000000004c8       0x24 ./freertos/src/port.o
                0x00000000000004c8                vPortEnterCritical
 .text.vPortExitCritical
                0x00000000000004ec       0x24 ./freertos/src/port.o
                0x00000000000004ec                vPortExitCritical
 .text.ulPortSetInterruptMask
                0x0000000000000510       0x12 ./freertos/src/port.o
                0x0000000000000510                ulPortSetInterruptMask
 .text.vPortClearInterruptMask
                0x0000000000000522        0x8 ./freertos/src/port.o
                0x0000000000000522                vPortClearInterruptMask
 *fill*         0x000000000000052a        0x2 ff
 .text.PendSV_Handler
                0x000000000000052c       0x40 ./freertos/src/port.o
                0x000000000000052c                PendSV_Handler
 .text.SysTick_Handler
                0x000000000000056c       0x28 ./freertos/src/port.o
                0x000000000000056c                SysTick_Handler
 .text.vPortSuppressTicksAndSleep
                0x0000000000000594      0x15c ./freertos/src/port.o
                0x0000000000000594                vPortSuppressTicksAndSleep
 .text.vPortSetupTimerInterrupt
                0x00000000000006f0       0x68 ./freertos/src/port.o
                0x00000000000006f0                vPortSetupTimerInterrupt
 .text.xQueueGenericReset
                0x0000000000000758       0xa4 ./freertos/src/queue.o
                0x0000000000000758                xQueueGenericReset
 .text.xQueueGenericCreate
                0x00000000000007fc      0x148 ./freertos/src/queue.o
                0x00000000000007fc                xQueueGenericCreate
 .text.xQueueGenericSend
                0x0000000000000944      0x29c ./freertos/src/queue.o
                0x0000000000000944                xQueueGenericSend
 .text.xQueueGenericReceive
                0x0000000000000be0      0x49c ./freertos/src/queue.o
                0x0000000000000be0                xQueueGenericReceive
 .text.ucQueueGetQueueNumber
                0x000000000000107c       0x18 ./freertos/src/queue.o
                0x000000000000107c                ucQueueGetQueueNumber
 .text.vQueueSetQueueNumber
                0x0000000000001094       0x1e ./freertos/src/queue.o
                0x0000000000001094                vQueueSetQueueNumber
 .text.ucQueueGetQueueType
                0x00000000000010b2       0x18 ./freertos/src/queue.o
                0x00000000000010b2                ucQueueGetQueueType
 .text.prvCopyDataToQueue
                0x00000000000010ca       0xce ./freertos/src/queue.o
 .text.prvCopyDataFromQueue
                0x0000000000001198       0x4c ./freertos/src/queue.o
 .text.prvUnlockQueue
                0x00000000000011e4       0x98 ./freertos/src/queue.o
 .text.prvIsQueueEmpty
                0x000000000000127c       0x2c ./freertos/src/queue.o
 .text.prvIsQueueFull
                0x00000000000012a8       0x30 ./freertos/src/queue.o
 .text.xTaskGenericCreate
                0x00000000000012d8      0x1dc ./freertos/src/tasks.o
                0x00000000000012d8                xTaskGenericCreate
 .text.vTaskDelay
                0x00000000000014b4       0x98 ./freertos/src/tasks.o
                0x00000000000014b4                vTaskDelay
 .text.vTaskStartScheduler
                0x000000000000154c       0x58 ./freertos/src/tasks.o
                0x000000000000154c                vTaskStartScheduler
 .text.vTaskSuspendAll
                0x00000000000015a4       0x1c ./freertos/src/tasks.o
                0x00000000000015a4                vTaskSuspendAll
 .text.prvGetExpectedIdleTime
                0x00000000000015c0       0x4c ./freertos/src/tasks.o
 .text.xTaskResumeAll
                0x000000000000160c      0x118 ./freertos/src/tasks.o
                0x000000000000160c                xTaskResumeAll
 .text.vTaskStepTick
                0x0000000000001724       0x24 ./freertos/src/tasks.o
                0x0000000000001724                vTaskStepTick
 .text.xTaskIncrementTick
                0x0000000000001748      0x1e0 ./freertos/src/tasks.o
                0x0000000000001748                xTaskIncrementTick
 .text.vTaskSwitchContext
                0x0000000000001928       0xc8 ./freertos/src/tasks.o
                0x0000000000001928                vTaskSwitchContext
 .text.vTaskPlaceOnEventList
                0x00000000000019f0       0x60 ./freertos/src/tasks.o
                0x00000000000019f0                vTaskPlaceOnEventList
 .text.xTaskRemoveFromEventList
                0x0000000000001a50       0xc8 ./freertos/src/tasks.o
                0x0000000000001a50                xTaskRemoveFromEventList
 .text.vTaskSetTimeOutState
                0x0000000000001b18       0x2c ./freertos/src/tasks.o
                0x0000000000001b18                vTaskSetTimeOutState
 .text.xTaskCheckForTimeOut
                0x0000000000001b44       0x88 ./freertos/src/tasks.o
                0x0000000000001b44                xTaskCheckForTimeOut
 .text.vTaskMissedYield
                0x0000000000001bcc       0x18 ./freertos/src/tasks.o
                0x0000000000001bcc                vTaskMissedYield
 .text.uxTaskGetTaskNumber
                0x0000000000001be4       0x2a ./freertos/src/tasks.o
                0x0000000000001be4                uxTaskGetTaskNumber
 .text.vTaskSetTaskNumber
                0x0000000000001c0e       0x24 ./freertos/src/tasks.o
                0x0000000000001c0e                vTaskSetTaskNumber
 *fill*         0x0000000000001c32        0x2 ff
 .text.prvIdleTask
                0x0000000000001c34       0x64 ./freertos/src/tasks.o
 .text.eTaskConfirmSleepModeStatus
                0x0000000000001c98       0x5c ./freertos/src/tasks.o
                0x0000000000001c98                eTaskConfirmSleepModeStatus
 .text.prvInitialiseTCBVariables
                0x0000000000001cf4       0x98 ./freertos/src/tasks.o
 .text.prvInitialiseTaskLists
                0x0000000000001d8c       0x80 ./freertos/src/tasks.o
 .text.prvCheckTasksWaitingTermination
                0x0000000000001e0c       0x78 ./freertos/src/tasks.o
 .text.prvAddCurrentTaskToDelayedList
                0x0000000000001e84       0x6c ./freertos/src/tasks.o
 .text.prvAllocateTCBAndStack
                0x0000000000001ef0       0x62 ./freertos/src/tasks.o
 .text.prvTaskCheckFreeStackSpace
                0x0000000000001f52       0x34 ./freertos/src/tasks.o
 *fill*         0x0000000000001f86        0x2 ff
 .text.uxTaskGetStackHighWaterMark
                0x0000000000001f88       0x38 ./freertos/src/tasks.o
                0x0000000000001f88                uxTaskGetStackHighWaterMark
 .text.prvDeleteTCB
                0x0000000000001fc0       0x20 ./freertos/src/tasks.o
 .text.xTaskGetCurrentTaskHandle
                0x0000000000001fe0       0x1c ./freertos/src/tasks.o
                0x0000000000001fe0                xTaskGetCurrentTaskHandle
 .text.vTaskPriorityInherit
                0x0000000000001ffc      0x11c ./freertos/src/tasks.o
                0x0000000000001ffc                vTaskPriorityInherit
 .text.vTaskPriorityDisinherit
                0x0000000000002118       0xe4 ./freertos/src/tasks.o
                0x0000000000002118                vTaskPriorityDisinherit
 .text.prvSetupHardware
                0x00000000000021fc       0x10 ./example/src/PP-C-doble.o
 .text.temperatureGenerator
                0x000000000000220c       0x70 ./example/src/PP-C-doble.o
 .text.stringGenerator
                0x000000000000227c      0x150 ./example/src/PP-C-doble.o
 .text.consumidor
                0x00000000000023cc       0x6c ./example/src/PP-C-doble.o
 .text.main     0x0000000000002438       0xac ./example/src/PP-C-doble.o
                0x0000000000002438                main
 .text.SystemInit
                0x00000000000024e4       0x24 ./example/src/sysinit.o
                0x00000000000024e4                SystemInit
 .text.prvTraceGetQueueNumber
                0x0000000000002508       0x18 ./example/src/trcKernelPort.o
                0x0000000000002508                prvTraceGetQueueNumber
 .text.prvTraceGetQueueType
                0x0000000000002520       0x18 ./example/src/trcKernelPort.o
                0x0000000000002520                prvTraceGetQueueType
 .text.prvTraceGetTaskNumberLow16
                0x0000000000002538       0x1a ./example/src/trcKernelPort.o
                0x0000000000002538                prvTraceGetTaskNumberLow16
 .text.prvTraceSetTaskNumberLow16
                0x0000000000002552       0x2c ./example/src/trcKernelPort.o
                0x0000000000002552                prvTraceSetTaskNumberLow16
 .text.prvTraceGetQueueNumberLow16
                0x000000000000257e       0x1a ./example/src/trcKernelPort.o
                0x000000000000257e                prvTraceGetQueueNumberLow16
 .text.prvTraceSetQueueNumberLow16
                0x0000000000002598       0x26 ./example/src/trcKernelPort.o
                0x0000000000002598                prvTraceSetQueueNumberLow16
 *fill*         0x00000000000025be        0x2 ff
 .text.prvAddTaskToStackMonitor
                0x00000000000025c0       0x6c ./example/src/trcKernelPort.o
                0x00000000000025c0                prvAddTaskToStackMonitor
 .text.prvReportStackUsage
                0x000000000000262c       0xc8 ./example/src/trcKernelPort.o
                0x000000000000262c                prvReportStackUsage
 .text.prvTraceGetCurrentTaskHandle
                0x00000000000026f4        0xe ./example/src/trcKernelPort.o
                0x00000000000026f4                prvTraceGetCurrentTaskHandle
 *fill*         0x0000000000002702        0x2 ff
 .text.vTraceEnable
                0x0000000000002704       0x74 ./example/src/trcKernelPort.o
                0x0000000000002704                vTraceEnable
 .text.TzCtrl   0x0000000000002778       0x1e ./example/src/trcKernelPort.o
 *fill*         0x0000000000002796        0x2 ff
 .text.vTraceInitObjectPropertyTable
                0x0000000000002798      0x198 ./example/src/trcKernelPort.o
                0x0000000000002798                vTraceInitObjectPropertyTable
 .text.vTraceInitObjectHandleStack
                0x0000000000002930       0xc4 ./example/src/trcKernelPort.o
                0x0000000000002930                vTraceInitObjectHandleStack
 .text.pszTraceGetErrorNotEnoughHandles
                0x00000000000029f4       0x94 ./example/src/trcKernelPort.o
                0x00000000000029f4                pszTraceGetErrorNotEnoughHandles
 .text.uiTraceStart
                0x0000000000002a88       0xdc ./example/src/trcSnapshotRecorder.o
                0x0000000000002a88                uiTraceStart
 .text.vTraceStart
                0x0000000000002b64        0xc ./example/src/trcSnapshotRecorder.o
                0x0000000000002b64                vTraceStart
 .text.vTraceStop
                0x0000000000002b70       0x30 ./example/src/trcSnapshotRecorder.o
                0x0000000000002b70                vTraceStop
 .text.xTraceIsRecordingEnabled
                0x0000000000002ba0       0x24 ./example/src/trcSnapshotRecorder.o
                0x0000000000002ba0                xTraceIsRecordingEnabled
 .text.prvTraceStoreTaskReady
                0x0000000000002bc4       0xc8 ./example/src/trcSnapshotRecorder.o
                0x0000000000002bc4                prvTraceStoreTaskReady
 .text.prvTraceStoreLowPower
                0x0000000000002c8c       0xa8 ./example/src/trcSnapshotRecorder.o
                0x0000000000002c8c                prvTraceStoreLowPower
 .text.prvTraceStoreKernelCall
                0x0000000000002d34       0xf8 ./example/src/trcSnapshotRecorder.o
                0x0000000000002d34                prvTraceStoreKernelCall
 .text.prvTraceStoreKernelCallWithParam
                0x0000000000002e2c      0x110 ./example/src/trcSnapshotRecorder.o
                0x0000000000002e2c                prvTraceStoreKernelCallWithParam
 .text.prvTraceGetParam
                0x0000000000002f3c       0x78 ./example/src/trcSnapshotRecorder.o
 .text.prvTraceStoreKernelCallWithNumericParamOnly
                0x0000000000002fb4       0xc8 ./example/src/trcSnapshotRecorder.o
                0x0000000000002fb4                prvTraceStoreKernelCallWithNumericParamOnly
 .text.prvTraceStoreTaskswitch
                0x000000000000307c       0xe0 ./example/src/trcSnapshotRecorder.o
                0x000000000000307c                prvTraceStoreTaskswitch
 .text.prvTraceSetPriorityProperty
                0x000000000000315c       0x78 ./example/src/trcSnapshotRecorder.o
                0x000000000000315c                prvTraceSetPriorityProperty
 .text.prvTraceGetPriorityProperty
                0x00000000000031d4       0x7c ./example/src/trcSnapshotRecorder.o
                0x00000000000031d4                prvTraceGetPriorityProperty
 .text.prvTraceSetObjectState
                0x0000000000003250       0x78 ./example/src/trcSnapshotRecorder.o
                0x0000000000003250                prvTraceSetObjectState
 .text.prvTraceGetObjectState
                0x00000000000032c8       0x78 ./example/src/trcSnapshotRecorder.o
 .text.prvTraceSetTaskInstanceFinished
                0x0000000000003340       0x54 ./example/src/trcSnapshotRecorder.o
                0x0000000000003340                prvTraceSetTaskInstanceFinished
 .text.prvTraceInitTraceData
                0x0000000000003394      0x22c ./example/src/trcSnapshotRecorder.o
                0x0000000000003394                prvTraceInitTraceData
 .text.prvTraceNextFreeEventBufferSlot
                0x00000000000035c0       0x48 ./example/src/trcSnapshotRecorder.o
 .text.uiIndexOfObject
                0x0000000000003608       0xb0 ./example/src/trcSnapshotRecorder.o
                0x0000000000003608                uiIndexOfObject
 .text.prvTraceGetObjectHandle
                0x00000000000036b8      0x158 ./example/src/trcSnapshotRecorder.o
                0x00000000000036b8                prvTraceGetObjectHandle
 .text.prvMarkObjectAsUsed
                0x0000000000003810       0x3c ./example/src/trcSnapshotRecorder.o
                0x0000000000003810                prvMarkObjectAsUsed
 .text.prvStrncpy
                0x000000000000384c       0x4a ./example/src/trcSnapshotRecorder.o
 *fill*         0x0000000000003896        0x2 ff
 .text.prvTraceSetObjectName
                0x0000000000003898       0xbc ./example/src/trcSnapshotRecorder.o
                0x0000000000003898                prvTraceSetObjectName
 .text.prvTraceError
                0x0000000000003954       0x58 ./example/src/trcSnapshotRecorder.o
                0x0000000000003954                prvTraceError
 .text.prvCheckDataToBeOverwrittenForMultiEntryEvents
                0x00000000000039ac      0x114 ./example/src/trcSnapshotRecorder.o
 .text.prvTraceUpdateCounters
                0x0000000000003ac0       0x50 ./example/src/trcSnapshotRecorder.o
 .text.prvTraceGetDTS
                0x0000000000003b10      0x1b0 ./example/src/trcSnapshotRecorder.o
 .text.prvTraceInitCortexM
                0x0000000000003cc0       0x6c ./example/src/trcSnapshotRecorder.o
                0x0000000000003cc0                prvTraceInitCortexM
 .text.prvTracePortGetTimeStamp
                0x0000000000003d2c       0x94 ./example/src/trcSnapshotRecorder.o
                0x0000000000003d2c                prvTracePortGetTimeStamp
 .text.Chip_IOCON_Init
                0x0000000000003dc0       0x16 /home/nico/Documents/MCUXpresso_11.1.0_3209/workspace/lpcopen_2_10_lpcxpresso_nxp_lpcxpresso_1769.zip_expanded/lpc_board_nxp_lpcxpresso_1769/Debug/liblpc_board_nxp_lpcxpresso_1769.a(board.o)
 .text.Chip_GPIO_Init
                0x0000000000003dd6       0x16 /home/nico/Documents/MCUXpresso_11.1.0_3209/workspace/lpcopen_2_10_lpcxpresso_nxp_lpcxpresso_1769.zip_expanded/lpc_board_nxp_lpcxpresso_1769/Debug/liblpc_board_nxp_lpcxpresso_1769.a(board.o)
 .text.Chip_GPIO_SetPinDIROutput
                0x0000000000003dec       0x36 /home/nico/Documents/MCUXpresso_11.1.0_3209/workspace/lpcopen_2_10_lpcxpresso_nxp_lpcxpresso_1769.zip_expanded/lpc_board_nxp_lpcxpresso_1769/Debug/liblpc_board_nxp_lpcxpresso_1769.a(board.o)
 .text.Chip_GPIO_SetPinDIRInput
                0x0000000000003e22       0x3a /home/nico/Documents/MCUXpresso_11.1.0_3209/workspace/lpcopen_2_10_lpcxpresso_nxp_lpcxpresso_1769.zip_expanded/lpc_board_nxp_lpcxpresso_1769/Debug/liblpc_board_nxp_lpcxpresso_1769.a(board.o)
 .text.Chip_GPIO_SetPinDIR
                0x0000000000003e5c       0x42 /home/nico/Documents/MCUXpresso_11.1.0_3209/workspace/lpcopen_2_10_lpcxpresso_nxp_lpcxpresso_1769.zip_expanded/lpc_board_nxp_lpcxpresso_1769/Debug/liblpc_board_nxp_lpcxpresso_1769.a(board.o)
 .text.Chip_GPIO_WriteDirBit
                0x0000000000003e9e       0x2e /home/nico/Documents/MCUXpresso_11.1.0_3209/workspace/lpcopen_2_10_lpcxpresso_nxp_lpcxpresso_1769.zip_expanded/lpc_board_nxp_lpcxpresso_1769/Debug/liblpc_board_nxp_lpcxpresso_1769.a(board.o)
 .text.Chip_UART_SendByte
                0x0000000000003ecc       0x1c /home/nico/Documents/MCUXpresso_11.1.0_3209/workspace/lpcopen_2_10_lpcxpresso_nxp_lpcxpresso_1769.zip_expanded/lpc_board_nxp_lpcxpresso_1769/Debug/liblpc_board_nxp_lpcxpresso_1769.a(board.o)
 .text.Chip_UART_ConfigData
                0x0000000000003ee8       0x1a /home/nico/Documents/MCUXpresso_11.1.0_3209/workspace/lpcopen_2_10_lpcxpresso_nxp_lpcxpresso_1769.zip_expanded/lpc_board_nxp_lpcxpresso_1769/Debug/liblpc_board_nxp_lpcxpresso_1769.a(board.o)
 .text.Chip_UART_ReadLineStatus
                0x0000000000003f02       0x16 /home/nico/Documents/MCUXpresso_11.1.0_3209/workspace/lpcopen_2_10_lpcxpresso_nxp_lpcxpresso_1769.zip_expanded/lpc_board_nxp_lpcxpresso_1769/Debug/liblpc_board_nxp_lpcxpresso_1769.a(board.o)
 .text.__sys_write
                0x0000000000003f18       0x38 /home/nico/Documents/MCUXpresso_11.1.0_3209/workspace/lpcopen_2_10_lpcxpresso_nxp_lpcxpresso_1769.zip_expanded/lpc_board_nxp_lpcxpresso_1769/Debug/liblpc_board_nxp_lpcxpresso_1769.a(board.o)
                0x0000000000003f18                __sys_write
 .text.Board_LED_Init
                0x0000000000003f50       0x18 /home/nico/Documents/MCUXpresso_11.1.0_3209/workspace/lpcopen_2_10_lpcxpresso_nxp_lpcxpresso_1769.zip_expanded/lpc_board_nxp_lpcxpresso_1769/Debug/liblpc_board_nxp_lpcxpresso_1769.a(board.o)
 .text.Board_UART_Init
                0x0000000000003f68       0x12 /home/nico/Documents/MCUXpresso_11.1.0_3209/workspace/lpcopen_2_10_lpcxpresso_nxp_lpcxpresso_1769.zip_expanded/lpc_board_nxp_lpcxpresso_1769/Debug/liblpc_board_nxp_lpcxpresso_1769.a(board.o)
                0x0000000000003f68                Board_UART_Init
 *fill*         0x0000000000003f7a        0x2 ff
 .text.Board_Debug_Init
                0x0000000000003f7c       0x30 /home/nico/Documents/MCUXpresso_11.1.0_3209/workspace/lpcopen_2_10_lpcxpresso_nxp_lpcxpresso_1769.zip_expanded/lpc_board_nxp_lpcxpresso_1769/Debug/liblpc_board_nxp_lpcxpresso_1769.a(board.o)
                0x0000000000003f7c                Board_Debug_Init
 .text.Board_UARTPutChar
                0x0000000000003fac       0x34 /home/nico/Documents/MCUXpresso_11.1.0_3209/workspace/lpcopen_2_10_lpcxpresso_nxp_lpcxpresso_1769.zip_expanded/lpc_board_nxp_lpcxpresso_1769/Debug/liblpc_board_nxp_lpcxpresso_1769.a(board.o)
                0x0000000000003fac                Board_UARTPutChar
 .text.Board_Init
                0x0000000000003fe0       0x24 /home/nico/Documents/MCUXpresso_11.1.0_3209/workspace/lpcopen_2_10_lpcxpresso_nxp_lpcxpresso_1769.zip_expanded/lpc_board_nxp_lpcxpresso_1769/Debug/liblpc_board_nxp_lpcxpresso_1769.a(board.o)
                0x0000000000003fe0                Board_Init
 .text.Chip_SYSCTL_SetFLASHAccess
                0x0000000000004004       0x30 /home/nico/Documents/MCUXpresso_11.1.0_3209/workspace/lpcopen_2_10_lpcxpresso_nxp_lpcxpresso_1769.zip_expanded/lpc_board_nxp_lpcxpresso_1769/Debug/liblpc_board_nxp_lpcxpresso_1769.a(board_sysinit.o)
 .text.Board_SetupMuxing
                0x0000000000004034       0x1c /home/nico/Documents/MCUXpresso_11.1.0_3209/workspace/lpcopen_2_10_lpcxpresso_nxp_lpcxpresso_1769.zip_expanded/lpc_board_nxp_lpcxpresso_1769/Debug/liblpc_board_nxp_lpcxpresso_1769.a(board_sysinit.o)
                0x0000000000004034                Board_SetupMuxing
 .text.Board_SetupClocking
                0x0000000000004050       0x12 /home/nico/Documents/MCUXpresso_11.1.0_3209/workspace/lpcopen_2_10_lpcxpresso_nxp_lpcxpresso_1769.zip_expanded/lpc_board_nxp_lpcxpresso_1769/Debug/liblpc_board_nxp_lpcxpresso_1769.a(board_sysinit.o)
                0x0000000000004050                Board_SetupClocking
 .text.Board_SystemInit
                0x0000000000004062       0x10 /home/nico/Documents/MCUXpresso_11.1.0_3209/workspace/lpcopen_2_10_lpcxpresso_nxp_lpcxpresso_1769.zip_expanded/lpc_board_nxp_lpcxpresso_1769/Debug/liblpc_board_nxp_lpcxpresso_1769.a(board_sysinit.o)
                0x0000000000004062                Board_SystemInit
 *fill*         0x0000000000004072        0x2 ff
 .text.SystemCoreClockUpdate
                0x0000000000004074       0x18 /home/nico/Documents/MCUXpresso_11.1.0_3209/workspace/lpcopen_2_10_lpcxpresso_nxp_lpcxpresso_1769.zip_expanded/lpc_chip_175x_6x/Debug/liblpc_chip_175x_6x.a(chip_17xx_40xx.o)
                0x0000000000004074                SystemCoreClockUpdate
 .text.Chip_Clock_IsMainPLLEnabled
                0x000000000000408c       0x24 /home/nico/Documents/MCUXpresso_11.1.0_3209/workspace/lpcopen_2_10_lpcxpresso_nxp_lpcxpresso_1769.zip_expanded/lpc_chip_175x_6x/Debug/liblpc_chip_175x_6x.a(clock_17xx_40xx.o)
 .text.Chip_Clock_IsMainPLLConnected
                0x00000000000040b0       0x24 /home/nico/Documents/MCUXpresso_11.1.0_3209/workspace/lpcopen_2_10_lpcxpresso_nxp_lpcxpresso_1769.zip_expanded/lpc_chip_175x_6x/Debug/liblpc_chip_175x_6x.a(clock_17xx_40xx.o)
 .text.Chip_Clock_FeedPLL
                0x00000000000040d4       0x34 /home/nico/Documents/MCUXpresso_11.1.0_3209/workspace/lpcopen_2_10_lpcxpresso_nxp_lpcxpresso_1769.zip_expanded/lpc_chip_175x_6x/Debug/liblpc_chip_175x_6x.a(clock_17xx_40xx.o)
 .text.Chip_Clock_GetMainPLLSource
                0x0000000000004108       0x20 /home/nico/Documents/MCUXpresso_11.1.0_3209/workspace/lpcopen_2_10_lpcxpresso_nxp_lpcxpresso_1769.zip_expanded/lpc_chip_175x_6x/Debug/liblpc_chip_175x_6x.a(clock_17xx_40xx.o)
 .text.Chip_Clock_GetMainOscRate
                0x0000000000004128       0x14 /home/nico/Documents/MCUXpresso_11.1.0_3209/workspace/lpcopen_2_10_lpcxpresso_nxp_lpcxpresso_1769.zip_expanded/lpc_chip_175x_6x/Debug/liblpc_chip_175x_6x.a(clock_17xx_40xx.o)
 .text.Chip_Clock_GetIntOscRate
                0x000000000000413c       0x14 /home/nico/Documents/MCUXpresso_11.1.0_3209/workspace/lpcopen_2_10_lpcxpresso_nxp_lpcxpresso_1769.zip_expanded/lpc_chip_175x_6x/Debug/liblpc_chip_175x_6x.a(clock_17xx_40xx.o)
 .text.Chip_Clock_GetRTCOscRate
                0x0000000000004150       0x14 /home/nico/Documents/MCUXpresso_11.1.0_3209/workspace/lpcopen_2_10_lpcxpresso_nxp_lpcxpresso_1769.zip_expanded/lpc_chip_175x_6x/Debug/liblpc_chip_175x_6x.a(clock_17xx_40xx.o)
 .text.Chip_Clock_GetMainPLLInClockRate
                0x0000000000004164        0xe /home/nico/Documents/MCUXpresso_11.1.0_3209/workspace/lpcopen_2_10_lpcxpresso_nxp_lpcxpresso_1769.zip_expanded/lpc_chip_175x_6x/Debug/liblpc_chip_175x_6x.a(clock_17xx_40xx.o)
 *fill*         0x0000000000004172        0x2 ff
 .text.Chip_Clock_EnablePLL
                0x0000000000004174       0x44 /home/nico/Documents/MCUXpresso_11.1.0_3209/workspace/lpcopen_2_10_lpcxpresso_nxp_lpcxpresso_1769.zip_expanded/lpc_chip_175x_6x/Debug/liblpc_chip_175x_6x.a(clock_17xx_40xx.o)
                0x0000000000004174                Chip_Clock_EnablePLL
 .text.Chip_Clock_DisablePLL
                0x00000000000041b8       0x48 /home/nico/Documents/MCUXpresso_11.1.0_3209/workspace/lpcopen_2_10_lpcxpresso_nxp_lpcxpresso_1769.zip_expanded/lpc_chip_175x_6x/Debug/liblpc_chip_175x_6x.a(clock_17xx_40xx.o)
                0x00000000000041b8                Chip_Clock_DisablePLL
 .text.Chip_Clock_SetupPLL
                0x0000000000004200       0x5c /home/nico/Documents/MCUXpresso_11.1.0_3209/workspace/lpcopen_2_10_lpcxpresso_nxp_lpcxpresso_1769.zip_expanded/lpc_chip_175x_6x/Debug/liblpc_chip_175x_6x.a(clock_17xx_40xx.o)
                0x0000000000004200                Chip_Clock_SetupPLL
 .text.Chip_Clock_EnablePeriphClock
                0x000000000000425c       0x34 /home/nico/Documents/MCUXpresso_11.1.0_3209/workspace/lpcopen_2_10_lpcxpresso_nxp_lpcxpresso_1769.zip_expanded/lpc_chip_175x_6x/Debug/liblpc_chip_175x_6x.a(clock_17xx_40xx.o)
                0x000000000000425c                Chip_Clock_EnablePeriphClock
 .text.Chip_Clock_GetCPUClockSource
                0x0000000000004290       0x24 /home/nico/Documents/MCUXpresso_11.1.0_3209/workspace/lpcopen_2_10_lpcxpresso_nxp_lpcxpresso_1769.zip_expanded/lpc_chip_175x_6x/Debug/liblpc_chip_175x_6x.a(clock_17xx_40xx.o)
                0x0000000000004290                Chip_Clock_GetCPUClockSource
 .text.Chip_Clock_SetCPUClockDiv
                0x00000000000042b4       0x20 /home/nico/Documents/MCUXpresso_11.1.0_3209/workspace/lpcopen_2_10_lpcxpresso_nxp_lpcxpresso_1769.zip_expanded/lpc_chip_175x_6x/Debug/liblpc_chip_175x_6x.a(clock_17xx_40xx.o)
                0x00000000000042b4                Chip_Clock_SetCPUClockDiv
 .text.Chip_Clock_GetCPUClockDiv
                0x00000000000042d4       0x1c /home/nico/Documents/MCUXpresso_11.1.0_3209/workspace/lpcopen_2_10_lpcxpresso_nxp_lpcxpresso_1769.zip_expanded/lpc_chip_175x_6x/Debug/liblpc_chip_175x_6x.a(clock_17xx_40xx.o)
                0x00000000000042d4                Chip_Clock_GetCPUClockDiv
 .text.Chip_Clock_GetPCLKDiv
                0x00000000000042f0       0x8c /home/nico/Documents/MCUXpresso_11.1.0_3209/workspace/lpcopen_2_10_lpcxpresso_nxp_lpcxpresso_1769.zip_expanded/lpc_chip_175x_6x/Debug/liblpc_chip_175x_6x.a(clock_17xx_40xx.o)
                0x00000000000042f0                Chip_Clock_GetPCLKDiv
 .text.Chip_Clock_GetSYSCLKRate
                0x000000000000437c       0x34 /home/nico/Documents/MCUXpresso_11.1.0_3209/workspace/lpcopen_2_10_lpcxpresso_nxp_lpcxpresso_1769.zip_expanded/lpc_chip_175x_6x/Debug/liblpc_chip_175x_6x.a(clock_17xx_40xx.o)
                0x000000000000437c                Chip_Clock_GetSYSCLKRate
 .text.Chip_Clock_GetMainPLLOutClockRate
                0x00000000000043b0       0x54 /home/nico/Documents/MCUXpresso_11.1.0_3209/workspace/lpcopen_2_10_lpcxpresso_nxp_lpcxpresso_1769.zip_expanded/lpc_chip_175x_6x/Debug/liblpc_chip_175x_6x.a(clock_17xx_40xx.o)
                0x00000000000043b0                Chip_Clock_GetMainPLLOutClockRate
 .text.Chip_Clock_GetMainClockRate
                0x0000000000004404       0x28 /home/nico/Documents/MCUXpresso_11.1.0_3209/workspace/lpcopen_2_10_lpcxpresso_nxp_lpcxpresso_1769.zip_expanded/lpc_chip_175x_6x/Debug/liblpc_chip_175x_6x.a(clock_17xx_40xx.o)
                0x0000000000004404                Chip_Clock_GetMainClockRate
 .text.Chip_Clock_GetSystemClockRate
                0x000000000000442c       0x18 /home/nico/Documents/MCUXpresso_11.1.0_3209/workspace/lpcopen_2_10_lpcxpresso_nxp_lpcxpresso_1769.zip_expanded/lpc_chip_175x_6x/Debug/liblpc_chip_175x_6x.a(clock_17xx_40xx.o)
                0x000000000000442c                Chip_Clock_GetSystemClockRate
 .text.Chip_Clock_GetPeripheralClockRate
                0x0000000000004444       0x26 /home/nico/Documents/MCUXpresso_11.1.0_3209/workspace/lpcopen_2_10_lpcxpresso_nxp_lpcxpresso_1769.zip_expanded/lpc_chip_175x_6x/Debug/liblpc_chip_175x_6x.a(clock_17xx_40xx.o)
                0x0000000000004444                Chip_Clock_GetPeripheralClockRate
 .text.Chip_IOCON_PinMuxSet
                0x000000000000446a       0x36 /home/nico/Documents/MCUXpresso_11.1.0_3209/workspace/lpcopen_2_10_lpcxpresso_nxp_lpcxpresso_1769.zip_expanded/lpc_chip_175x_6x/Debug/liblpc_chip_175x_6x.a(iocon_17xx_40xx.o)
                0x000000000000446a                Chip_IOCON_PinMuxSet
 .text.Chip_IOCON_PinMux
                0x00000000000044a0       0x94 /home/nico/Documents/MCUXpresso_11.1.0_3209/workspace/lpcopen_2_10_lpcxpresso_nxp_lpcxpresso_1769.zip_expanded/lpc_chip_175x_6x/Debug/liblpc_chip_175x_6x.a(iocon_17xx_40xx.o)
                0x00000000000044a0                Chip_IOCON_PinMux
 .text.Chip_IOCON_SetPinMuxing
                0x0000000000004534       0x62 /home/nico/Documents/MCUXpresso_11.1.0_3209/workspace/lpcopen_2_10_lpcxpresso_nxp_lpcxpresso_1769.zip_expanded/lpc_chip_175x_6x/Debug/liblpc_chip_175x_6x.a(iocon_17xx_40xx.o)
                0x0000000000004534                Chip_IOCON_SetPinMuxing
 *fill*         0x0000000000004596        0x2 ff
 .text.Chip_Clock_IsMainPLLEnabled
                0x0000000000004598       0x24 /home/nico/Documents/MCUXpresso_11.1.0_3209/workspace/lpcopen_2_10_lpcxpresso_nxp_lpcxpresso_1769.zip_expanded/lpc_chip_175x_6x/Debug/liblpc_chip_175x_6x.a(sysinit_17xx_40xx.o)
 .text.Chip_Clock_IsMainPLLLocked
                0x00000000000045bc       0x24 /home/nico/Documents/MCUXpresso_11.1.0_3209/workspace/lpcopen_2_10_lpcxpresso_nxp_lpcxpresso_1769.zip_expanded/lpc_chip_175x_6x/Debug/liblpc_chip_175x_6x.a(sysinit_17xx_40xx.o)
 .text.Chip_Clock_IsMainPLLConnected
                0x00000000000045e0       0x24 /home/nico/Documents/MCUXpresso_11.1.0_3209/workspace/lpcopen_2_10_lpcxpresso_nxp_lpcxpresso_1769.zip_expanded/lpc_chip_175x_6x/Debug/liblpc_chip_175x_6x.a(sysinit_17xx_40xx.o)
 .text.Chip_Clock_EnableCrystal
                0x0000000000004604       0x20 /home/nico/Documents/MCUXpresso_11.1.0_3209/workspace/lpcopen_2_10_lpcxpresso_nxp_lpcxpresso_1769.zip_expanded/lpc_chip_175x_6x/Debug/liblpc_chip_175x_6x.a(sysinit_17xx_40xx.o)
 .text.Chip_Clock_IsCrystalEnabled
                0x0000000000004624       0x24 /home/nico/Documents/MCUXpresso_11.1.0_3209/workspace/lpcopen_2_10_lpcxpresso_nxp_lpcxpresso_1769.zip_expanded/lpc_chip_175x_6x/Debug/liblpc_chip_175x_6x.a(sysinit_17xx_40xx.o)
 .text.Chip_Clock_SetMainPLLSource
                0x0000000000004648       0x20 /home/nico/Documents/MCUXpresso_11.1.0_3209/workspace/lpcopen_2_10_lpcxpresso_nxp_lpcxpresso_1769.zip_expanded/lpc_chip_175x_6x/Debug/liblpc_chip_175x_6x.a(sysinit_17xx_40xx.o)
 .text.Chip_SetupXtalClocking
                0x0000000000004668       0x90 /home/nico/Documents/MCUXpresso_11.1.0_3209/workspace/lpcopen_2_10_lpcxpresso_nxp_lpcxpresso_1769.zip_expanded/lpc_chip_175x_6x/Debug/liblpc_chip_175x_6x.a(sysinit_17xx_40xx.o)
                0x0000000000004668                Chip_SetupXtalClocking
 .text.Chip_UART_SetupFIFOS
                0x00000000000046f8       0x1a /home/nico/Documents/MCUXpresso_11.1.0_3209/workspace/lpcopen_2_10_lpcxpresso_nxp_lpcxpresso_1769.zip_expanded/lpc_chip_175x_6x/Debug/liblpc_chip_175x_6x.a(uart_17xx_40xx.o)
 .text.Chip_UART_ConfigData
                0x0000000000004712       0x1a /home/nico/Documents/MCUXpresso_11.1.0_3209/workspace/lpcopen_2_10_lpcxpresso_nxp_lpcxpresso_1769.zip_expanded/lpc_chip_175x_6x/Debug/liblpc_chip_175x_6x.a(uart_17xx_40xx.o)
 .text.Chip_UART_EnableDivisorAccess
                0x000000000000472c       0x1e /home/nico/Documents/MCUXpresso_11.1.0_3209/workspace/lpcopen_2_10_lpcxpresso_nxp_lpcxpresso_1769.zip_expanded/lpc_chip_175x_6x/Debug/liblpc_chip_175x_6x.a(uart_17xx_40xx.o)
 .text.Chip_UART_DisableDivisorAccess
                0x000000000000474a       0x1e /home/nico/Documents/MCUXpresso_11.1.0_3209/workspace/lpcopen_2_10_lpcxpresso_nxp_lpcxpresso_1769.zip_expanded/lpc_chip_175x_6x/Debug/liblpc_chip_175x_6x.a(uart_17xx_40xx.o)
 .text.Chip_UART_SetDivisorLatches
                0x0000000000004768       0x26 /home/nico/Documents/MCUXpresso_11.1.0_3209/workspace/lpcopen_2_10_lpcxpresso_nxp_lpcxpresso_1769.zip_expanded/lpc_chip_175x_6x/Debug/liblpc_chip_175x_6x.a(uart_17xx_40xx.o)
 *fill*         0x000000000000478e        0x2 ff
 .text.Chip_UART_GetClockIndex
                0x0000000000004790       0x50 /home/nico/Documents/MCUXpresso_11.1.0_3209/workspace/lpcopen_2_10_lpcxpresso_nxp_lpcxpresso_1769.zip_expanded/lpc_chip_175x_6x/Debug/liblpc_chip_175x_6x.a(uart_17xx_40xx.o)
 .text.Chip_UART_GetClkIndex
                0x00000000000047e0       0x50 /home/nico/Documents/MCUXpresso_11.1.0_3209/workspace/lpcopen_2_10_lpcxpresso_nxp_lpcxpresso_1769.zip_expanded/lpc_chip_175x_6x/Debug/liblpc_chip_175x_6x.a(uart_17xx_40xx.o)
 .text.Chip_UART_Init
                0x0000000000004830       0x78 /home/nico/Documents/MCUXpresso_11.1.0_3209/workspace/lpcopen_2_10_lpcxpresso_nxp_lpcxpresso_1769.zip_expanded/lpc_chip_175x_6x/Debug/liblpc_chip_175x_6x.a(uart_17xx_40xx.o)
                0x0000000000004830                Chip_UART_Init
 .text.Chip_UART_TXEnable
                0x00000000000048a8       0x18 /home/nico/Documents/MCUXpresso_11.1.0_3209/workspace/lpcopen_2_10_lpcxpresso_nxp_lpcxpresso_1769.zip_expanded/lpc_chip_175x_6x/Debug/liblpc_chip_175x_6x.a(uart_17xx_40xx.o)
                0x00000000000048a8                Chip_UART_TXEnable
 .text.Chip_UART_TXDisable
                0x00000000000048c0       0x18 /home/nico/Documents/MCUXpresso_11.1.0_3209/workspace/lpcopen_2_10_lpcxpresso_nxp_lpcxpresso_1769.zip_expanded/lpc_chip_175x_6x/Debug/liblpc_chip_175x_6x.a(uart_17xx_40xx.o)
                0x00000000000048c0                Chip_UART_TXDisable
 .text.Chip_UART_SetBaud
                0x00000000000048d8       0x62 /home/nico/Documents/MCUXpresso_11.1.0_3209/workspace/lpcopen_2_10_lpcxpresso_nxp_lpcxpresso_1769.zip_expanded/lpc_chip_175x_6x/Debug/liblpc_chip_175x_6x.a(uart_17xx_40xx.o)
                0x00000000000048d8                Chip_UART_SetBaud
 .text.__main   0x000000000000493a        0xe /usr/local/mcuxpressoide-11.1.0_3209/ide/plugins/com.nxp.mcuxpresso.tools.linux_11.1.0.201909161352/tools/bin/../lib/gcc/arm-none-eabi/8.3.1/../../../../arm-none-eabi/lib/thumb/v7-m/nofp/libcr_nohost_nf.a(_cr__main.o)
                0x000000000000493a                __main
 .text.memcpy   0x0000000000004948        0x4 /usr/local/mcuxpressoide-11.1.0_3209/ide/plugins/com.nxp.mcuxpresso.tools.linux_11.1.0.201909161352/tools/bin/../lib/gcc/arm-none-eabi/8.3.1/../../../../arm-none-eabi/lib/thumb/v7-m/nofp/libcr_c.a(memcpy.o)
                0x0000000000004948                memcpy
 .text.memset   0x000000000000494c        0x4 /usr/local/mcuxpressoide-11.1.0_3209/ide/plugins/com.nxp.mcuxpresso.tools.linux_11.1.0.201909161352/tools/bin/../lib/gcc/arm-none-eabi/8.3.1/../../../../arm-none-eabi/lib/thumb/v7-m/nofp/libcr_c.a(memset.o)
                0x000000000000494c                memset
 .text.malloc   0x0000000000004950       0xc8 /usr/local/mcuxpressoide-11.1.0_3209/ide/plugins/com.nxp.mcuxpresso.tools.linux_11.1.0.201909161352/tools/bin/../lib/gcc/arm-none-eabi/8.3.1/../../../../arm-none-eabi/lib/thumb/v7-m/nofp/libcr_c.a(alloc.o)
                0x0000000000004950                malloc
 .text.free     0x0000000000004a18       0x30 /usr/local/mcuxpressoide-11.1.0_3209/ide/plugins/com.nxp.mcuxpresso.tools.linux_11.1.0.201909161352/tools/bin/../lib/gcc/arm-none-eabi/8.3.1/../../../../arm-none-eabi/lib/thumb/v7-m/nofp/libcr_c.a(alloc.o)
                0x0000000000004a18                free
 .text._Csys_alloc
                0x0000000000004a48       0x20 /usr/local/mcuxpressoide-11.1.0_3209/ide/plugins/com.nxp.mcuxpresso.tools.linux_11.1.0.201909161352/tools/bin/../lib/gcc/arm-none-eabi/8.3.1/../../../../arm-none-eabi/lib/thumb/v7-m/nofp/libcr_c.a(alloc.o)
                0x0000000000004a48                _Csys_alloc
 .text.time     0x0000000000004a68        0xe /usr/local/mcuxpressoide-11.1.0_3209/ide/plugins/com.nxp.mcuxpresso.tools.linux_11.1.0.201909161352/tools/bin/../lib/gcc/arm-none-eabi/8.3.1/../../../../arm-none-eabi/lib/thumb/v7-m/nofp/libcr_c.a(cr_time.o)
                0x0000000000004a68                time
 .text.fp_round
                0x0000000000004a76       0x4c /usr/local/mcuxpressoide-11.1.0_3209/ide/plugins/com.nxp.mcuxpresso.tools.linux_11.1.0.201909161352/tools/bin/../lib/gcc/arm-none-eabi/8.3.1/../../../../arm-none-eabi/lib/thumb/v7-m/nofp/libcr_c.a(fpprintf.o)
 .text.pr_dec.constprop.1
                0x0000000000004ac2       0x26 /usr/local/mcuxpressoide-11.1.0_3209/ide/plugins/com.nxp.mcuxpresso.tools.linux_11.1.0.201909161352/tools/bin/../lib/gcc/arm-none-eabi/8.3.1/../../../../arm-none-eabi/lib/thumb/v7-m/nofp/libcr_c.a(fpprintf.o)
 .text.sprintf  0x0000000000004ae8       0x6c /usr/local/mcuxpressoide-11.1.0_3209/ide/plugins/com.nxp.mcuxpresso.tools.linux_11.1.0.201909161352/tools/bin/../lib/gcc/arm-none-eabi/8.3.1/../../../../arm-none-eabi/lib/thumb/v7-m/nofp/libcr_c.a(fpprintf.o)
                0x0000000000004ae8                sprintf
 *fill*         0x0000000000004b54        0x4 ff
 .text.fp_display
                0x0000000000004b58      0x948 /usr/local/mcuxpressoide-11.1.0_3209/ide/plugins/com.nxp.mcuxpresso.tools.linux_11.1.0.201909161352/tools/bin/../lib/gcc/arm-none-eabi/8.3.1/../../../../arm-none-eabi/lib/thumb/v7-m/nofp/libcr_c.a(fpprintf.o)
 .text.vsnprintf
                0x00000000000054a0       0x68 /usr/local/mcuxpressoide-11.1.0_3209/ide/plugins/com.nxp.mcuxpresso.tools.linux_11.1.0.201909161352/tools/bin/../lib/gcc/arm-none-eabi/8.3.1/../../../../arm-none-eabi/lib/thumb/v7-m/nofp/libcr_c.a(fpprintf.o)
                0x00000000000054a0                vsnprintf
 .text.printf   0x0000000000005508       0x54 /usr/local/mcuxpressoide-11.1.0_3209/ide/plugins/com.nxp.mcuxpresso.tools.linux_11.1.0.201909161352/tools/bin/../lib/gcc/arm-none-eabi/8.3.1/../../../../arm-none-eabi/lib/thumb/v7-m/nofp/libcr_c.a(fpprintf.o)
                0x0000000000005508                printf
 .text._initio  0x000000000000555c       0x78 /usr/local/mcuxpressoide-11.1.0_3209/ide/plugins/com.nxp.mcuxpresso.tools.linux_11.1.0.201909161352/tools/bin/../lib/gcc/arm-none-eabi/8.3.1/../../../../arm-none-eabi/lib/thumb/v7-m/nofp/libcr_c.a(initio.o)
                0x000000000000555c                _initio
 .text.__vfprintf
                0x00000000000055d4      0xbd4 /usr/local/mcuxpressoide-11.1.0_3209/ide/plugins/com.nxp.mcuxpresso.tools.linux_11.1.0.201909161352/tools/bin/../lib/gcc/arm-none-eabi/8.3.1/../../../../arm-none-eabi/lib/thumb/v7-m/nofp/libcr_c.a(printf.o)
                0x00000000000055d4                __vfprintf
 .text.setvbuf  0x00000000000061a8       0x40 /usr/local/mcuxpressoide-11.1.0_3209/ide/plugins/com.nxp.mcuxpresso.tools.linux_11.1.0.201909161352/tools/bin/../lib/gcc/arm-none-eabi/8.3.1/../../../../arm-none-eabi/lib/thumb/v7-m/nofp/libcr_c.a(setvbuf.o)
                0x00000000000061a8                setvbuf
 .text.rand     0x00000000000061e8       0x48 /usr/local/mcuxpressoide-11.1.0_3209/ide/plugins/com.nxp.mcuxpresso.tools.linux_11.1.0.201909161352/tools/bin/../lib/gcc/arm-none-eabi/8.3.1/../../../../arm-none-eabi/lib/thumb/v7-m/nofp/libcr_c.a(stdlib.o)
                0x00000000000061e8                rand
 .text.srand    0x0000000000006230       0x40 /usr/local/mcuxpressoide-11.1.0_3209/ide/plugins/com.nxp.mcuxpresso.tools.linux_11.1.0.201909161352/tools/bin/../lib/gcc/arm-none-eabi/8.3.1/../../../../arm-none-eabi/lib/thumb/v7-m/nofp/libcr_c.a(stdlib.o)
                0x0000000000006230                srand
 .text.strcpy   0x0000000000006270       0x42 /usr/local/mcuxpressoide-11.1.0_3209/ide/plugins/com.nxp.mcuxpresso.tools.linux_11.1.0.201909161352/tools/bin/../lib/gcc/arm-none-eabi/8.3.1/../../../../arm-none-eabi/lib/thumb/v7-m/nofp/libcr_c.a(strcpy.o)
                0x0000000000006270                strcpy
 .text.strlen   0x00000000000062b2       0x4c /usr/local/mcuxpressoide-11.1.0_3209/ide/plugins/com.nxp.mcuxpresso.tools.linux_11.1.0.201909161352/tools/bin/../lib/gcc/arm-none-eabi/8.3.1/../../../../arm-none-eabi/lib/thumb/v7-m/nofp/libcr_c.a(strlen.o)
                0x00000000000062b2                strlen
 *fill*         0x00000000000062fe        0x2 ff
 .text._sbrk    0x0000000000006300       0x3c /usr/local/mcuxpressoide-11.1.0_3209/ide/plugins/com.nxp.mcuxpresso.tools.linux_11.1.0.201909161352/tools/bin/../lib/gcc/arm-none-eabi/8.3.1/../../../../arm-none-eabi/lib/thumb/v7-m/nofp/libcr_c.a(_cr_sbrk.o)
                0x0000000000006300                _sbrk
 .text._deferredlazyseek
                0x000000000000633c       0x40 /usr/local/mcuxpressoide-11.1.0_3209/ide/plugins/com.nxp.mcuxpresso.tools.linux_11.1.0.201909161352/tools/bin/../lib/gcc/arm-none-eabi/8.3.1/../../../../arm-none-eabi/lib/thumb/v7-m/nofp/libcr_c.a(_deferredlazyseek.o)
                0x000000000000633c                _deferredlazyseek
 .text.__flsbuf
                0x000000000000637c      0x140 /usr/local/mcuxpressoide-11.1.0_3209/ide/plugins/com.nxp.mcuxpresso.tools.linux_11.1.0.201909161352/tools/bin/../lib/gcc/arm-none-eabi/8.3.1/../../../../arm-none-eabi/lib/thumb/v7-m/nofp/libcr_c.a(_deferredlazyseek.o)
                0x000000000000637c                __flsbuf
 .text._fdopen  0x00000000000064bc       0x68 /usr/local/mcuxpressoide-11.1.0_3209/ide/plugins/com.nxp.mcuxpresso.tools.linux_11.1.0.201909161352/tools/bin/../lib/gcc/arm-none-eabi/8.3.1/../../../../arm-none-eabi/lib/thumb/v7-m/nofp/libcr_c.a(_fdopen.o)
                0x00000000000064bc                _fdopen
 .text._fflush  0x0000000000006524       0x52 /usr/local/mcuxpressoide-11.1.0_3209/ide/plugins/com.nxp.mcuxpresso.tools.linux_11.1.0.201909161352/tools/bin/../lib/gcc/arm-none-eabi/8.3.1/../../../../arm-none-eabi/lib/thumb/v7-m/nofp/libcr_c.a(_fflush.o)
                0x0000000000006524                _fflush
 .text._frexpl  0x0000000000006576       0x56 /usr/local/mcuxpressoide-11.1.0_3209/ide/plugins/com.nxp.mcuxpresso.tools.linux_11.1.0.201909161352/tools/bin/../lib/gcc/arm-none-eabi/8.3.1/../../../../arm-none-eabi/lib/thumb/v7-m/nofp/libcr_c.a(_frexpl.o)
                0x0000000000006576                _frexpl
 .text._ldexpl  0x00000000000065cc       0x48 /usr/local/mcuxpressoide-11.1.0_3209/ide/plugins/com.nxp.mcuxpresso.tools.linux_11.1.0.201909161352/tools/bin/../lib/gcc/arm-none-eabi/8.3.1/../../../../arm-none-eabi/lib/thumb/v7-m/nofp/libcr_c.a(_ldexpl.o)
                0x00000000000065cc                _ldexpl
 .text._Cwritebuf
                0x0000000000006614       0x6c /usr/local/mcuxpressoide-11.1.0_3209/ide/plugins/com.nxp.mcuxpresso.tools.linux_11.1.0.201909161352/tools/bin/../lib/gcc/arm-none-eabi/8.3.1/../../../../arm-none-eabi/lib/thumb/v7-m/nofp/libcr_c.a(_writebuf.o)
                0x0000000000006614                _Cwritebuf
 .text.fclose   0x0000000000006680       0x58 /usr/local/mcuxpressoide-11.1.0_3209/ide/plugins/com.nxp.mcuxpresso.tools.linux_11.1.0.201909161352/tools/bin/../lib/gcc/arm-none-eabi/8.3.1/../../../../arm-none-eabi/lib/thumb/v7-m/nofp/libcr_c.a(fclose.o)
                0x0000000000006680                fclose
 .text.fflush   0x00000000000066d8       0x44 /usr/local/mcuxpressoide-11.1.0_3209/ide/plugins/com.nxp.mcuxpresso.tools.linux_11.1.0.201909161352/tools/bin/../lib/gcc/arm-none-eabi/8.3.1/../../../../arm-none-eabi/lib/thumb/v7-m/nofp/libcr_c.a(fflush.o)
                0x00000000000066d8                fflush
 .text.fseek    0x000000000000671c      0x100 /usr/local/mcuxpressoide-11.1.0_3209/ide/plugins/com.nxp.mcuxpresso.tools.linux_11.1.0.201909161352/tools/bin/../lib/gcc/arm-none-eabi/8.3.1/../../../../arm-none-eabi/lib/thumb/v7-m/nofp/libcr_c.a(fseek.o)
                0x000000000000671c                fseek
 .text.ftell    0x000000000000681c       0x48 /usr/local/mcuxpressoide-11.1.0_3209/ide/plugins/com.nxp.mcuxpresso.tools.linux_11.1.0.201909161352/tools/bin/../lib/gcc/arm-none-eabi/8.3.1/../../../../arm-none-eabi/lib/thumb/v7-m/nofp/libcr_c.a(ftell.o)
                0x000000000000681c                ftell
 .text.remove   0x0000000000006864       0x14 /usr/local/mcuxpressoide-11.1.0_3209/ide/plugins/com.nxp.mcuxpresso.tools.linux_11.1.0.201909161352/tools/bin/../lib/gcc/arm-none-eabi/8.3.1/../../../../arm-none-eabi/lib/thumb/v7-m/nofp/libcr_c.a(remove.o)
                0x0000000000006864                remove
 .text.__check_heap_overflow
                0x0000000000006878       0x18 /usr/local/mcuxpressoide-11.1.0_3209/ide/plugins/com.nxp.mcuxpresso.tools.linux_11.1.0.201909161352/tools/bin/../lib/gcc/arm-none-eabi/8.3.1/../../../../arm-none-eabi/lib/thumb/v7-m/nofp/libcr_c.a(_cr_check_heap.o)
                0x0000000000006878                __check_heap_overflow
 .text._do_fflush
                0x0000000000006890       0x40 /usr/local/mcuxpressoide-11.1.0_3209/ide/plugins/com.nxp.mcuxpresso.tools.linux_11.1.0.201909161352/tools/bin/../lib/gcc/arm-none-eabi/8.3.1/../../../../arm-none-eabi/lib/thumb/v7-m/nofp/libcr_c.a(_do_fflush.o)
                0x0000000000006890                _do_fflush
 .text.__aeabi_dmul
                0x00000000000068d0      0x10c /usr/local/mcuxpressoide-11.1.0_3209/ide/plugins/com.nxp.mcuxpresso.tools.linux_11.1.0.201909161352/tools/bin/../lib/gcc/arm-none-eabi/8.3.1/thumb/v7-m/nofp/libcr_eabihelpers.a(double.o)
                0x00000000000068d0                __aeabi_dmul
 .text.__aeabi_ddiv
                0x00000000000069dc      0x140 /usr/local/mcuxpressoide-11.1.0_3209/ide/plugins/com.nxp.mcuxpresso.tools.linux_11.1.0.201909161352/tools/bin/../lib/gcc/arm-none-eabi/8.3.1/thumb/v7-m/nofp/libcr_eabihelpers.a(double.o)
                0x00000000000069dc                __aeabi_ddiv
 .text.__aeabi_dsub
                0x0000000000006b1c      0x1a8 /usr/local/mcuxpressoide-11.1.0_3209/ide/plugins/com.nxp.mcuxpresso.tools.linux_11.1.0.201909161352/tools/bin/../lib/gcc/arm-none-eabi/8.3.1/thumb/v7-m/nofp/libcr_eabihelpers.a(double.o)
                0x0000000000006b1c                __aeabi_dsub
 .text.__aeabi_dadd
                0x0000000000006cc4      0x108 /usr/local/mcuxpressoide-11.1.0_3209/ide/plugins/com.nxp.mcuxpresso.tools.linux_11.1.0.201909161352/tools/bin/../lib/gcc/arm-none-eabi/8.3.1/thumb/v7-m/nofp/libcr_eabihelpers.a(double.o)
                0x0000000000006cc4                __aeabi_dadd
 .text.__aeabi_d2iz
                0x0000000000006dcc       0x40 /usr/local/mcuxpressoide-11.1.0_3209/ide/plugins/com.nxp.mcuxpresso.tools.linux_11.1.0.201909161352/tools/bin/../lib/gcc/arm-none-eabi/8.3.1/thumb/v7-m/nofp/libcr_eabihelpers.a(double.o)
                0x0000000000006dcc                __aeabi_d2iz
 .text.__bhs_ui2d
                0x0000000000006e0c       0x46 /usr/local/mcuxpressoide-11.1.0_3209/ide/plugins/com.nxp.mcuxpresso.tools.linux_11.1.0.201909161352/tools/bin/../lib/gcc/arm-none-eabi/8.3.1/thumb/v7-m/nofp/libcr_eabihelpers.a(double.o)
                0x0000000000006e0c                __bhs_ui2d
 .text.__aeabi_i2d
                0x0000000000006e52       0x12 /usr/local/mcuxpressoide-11.1.0_3209/ide/plugins/com.nxp.mcuxpresso.tools.linux_11.1.0.201909161352/tools/bin/../lib/gcc/arm-none-eabi/8.3.1/thumb/v7-m/nofp/libcr_eabihelpers.a(double.o)
                0x0000000000006e52                __aeabi_i2d
 .text.__aeabi_dcmpeq
                0x0000000000006e64       0x2a /usr/local/mcuxpressoide-11.1.0_3209/ide/plugins/com.nxp.mcuxpresso.tools.linux_11.1.0.201909161352/tools/bin/../lib/gcc/arm-none-eabi/8.3.1/thumb/v7-m/nofp/libcr_eabihelpers.a(double.o)
                0x0000000000006e64                __aeabi_dcmpeq
 .text.__aeabi_dcmplt
                0x0000000000006e8e       0x52 /usr/local/mcuxpressoide-11.1.0_3209/ide/plugins/com.nxp.mcuxpresso.tools.linux_11.1.0.201909161352/tools/bin/../lib/gcc/arm-none-eabi/8.3.1/thumb/v7-m/nofp/libcr_eabihelpers.a(double.o)
                0x0000000000006e8e                __aeabi_dcmplt
 .text.__aeabi_dcmple
                0x0000000000006ee0       0x52 /usr/local/mcuxpressoide-11.1.0_3209/ide/plugins/com.nxp.mcuxpresso.tools.linux_11.1.0.201909161352/tools/bin/../lib/gcc/arm-none-eabi/8.3.1/thumb/v7-m/nofp/libcr_eabihelpers.a(double.o)
                0x0000000000006ee0                __aeabi_dcmple
 .text.__aeabi_dcmpge
                0x0000000000006f32       0x58 /usr/local/mcuxpressoide-11.1.0_3209/ide/plugins/com.nxp.mcuxpresso.tools.linux_11.1.0.201909161352/tools/bin/../lib/gcc/arm-none-eabi/8.3.1/thumb/v7-m/nofp/libcr_eabihelpers.a(double.o)
                0x0000000000006f32                __aeabi_dcmpge
 .text.__aeabi_memcpy
                0x0000000000006f8a       0x34 /usr/local/mcuxpressoide-11.1.0_3209/ide/plugins/com.nxp.mcuxpresso.tools.linux_11.1.0.201909161352/tools/bin/../lib/gcc/arm-none-eabi/8.3.1/thumb/v7-m/nofp/libcr_eabihelpers.a(memcpy.o)
                0x0000000000006f8a                __aeabi_memcpy
                0x0000000000006f94                __aeabi_memcpy4
                0x0000000000006f94                __aeabi_memcpy8
 .text.__aeabi_memset_lowlevel
                0x0000000000006fbe       0x32 /usr/local/mcuxpressoide-11.1.0_3209/ide/plugins/com.nxp.mcuxpresso.tools.linux_11.1.0.201909161352/tools/bin/../lib/gcc/arm-none-eabi/8.3.1/thumb/v7-m/nofp/libcr_eabihelpers.a(memcpy.o)
                0x0000000000006fbe                __aeabi_lowlevel_memset
 .text.__sys_appexit
                0x0000000000006ff0        0x2 /usr/local/mcuxpressoide-11.1.0_3209/ide/plugins/com.nxp.mcuxpresso.tools.linux_11.1.0.201909161352/tools/bin/../lib/gcc/arm-none-eabi/8.3.1/../../../../arm-none-eabi/lib/thumb/v7-m/nofp/libcr_nohost_nf.a(__sys_appexit.o)
                0x0000000000006ff0                __exit
                0x0000000000006ff0                __sys_appexit
 .text.__sys_close
                0x0000000000006ff2        0x6 /usr/local/mcuxpressoide-11.1.0_3209/ide/plugins/com.nxp.mcuxpresso.tools.linux_11.1.0.201909161352/tools/bin/../lib/gcc/arm-none-eabi/8.3.1/../../../../arm-none-eabi/lib/thumb/v7-m/nofp/libcr_nohost_nf.a(__sys_close.o)
                0x0000000000006ff2                __sys_close
 .text.__sys_flen
                0x0000000000006ff8        0x6 /usr/local/mcuxpressoide-11.1.0_3209/ide/plugins/com.nxp.mcuxpresso.tools.linux_11.1.0.201909161352/tools/bin/../lib/gcc/arm-none-eabi/8.3.1/../../../../arm-none-eabi/lib/thumb/v7-m/nofp/libcr_nohost_nf.a(__sys_flen.o)
                0x0000000000006ff8                __sys_flen
 .text.__sys_istty
                0x0000000000006ffe        0x6 /usr/local/mcuxpressoide-11.1.0_3209/ide/plugins/com.nxp.mcuxpresso.tools.linux_11.1.0.201909161352/tools/bin/../lib/gcc/arm-none-eabi/8.3.1/../../../../arm-none-eabi/lib/thumb/v7-m/nofp/libcr_nohost_nf.a(__sys_istty.o)
                0x0000000000006ffe                __sys_istty
 .text.__sys_remove
                0x0000000000007004        0x6 /usr/local/mcuxpressoide-11.1.0_3209/ide/plugins/com.nxp.mcuxpresso.tools.linux_11.1.0.201909161352/tools/bin/../lib/gcc/arm-none-eabi/8.3.1/../../../../arm-none-eabi/lib/thumb/v7-m/nofp/libcr_nohost_nf.a(__sys_remove.o)
                0x0000000000007004                __sys_remove
 .text.__sys_seek
                0x000000000000700a        0x6 /usr/local/mcuxpressoide-11.1.0_3209/ide/plugins/com.nxp.mcuxpresso.tools.linux_11.1.0.201909161352/tools/bin/../lib/gcc/arm-none-eabi/8.3.1/../../../../arm-none-eabi/lib/thumb/v7-m/nofp/libcr_nohost_nf.a(__sys_seek.o)
                0x000000000000700a                __sys_seek
 .text.__sys_time
                0x0000000000007010        0x4 /usr/local/mcuxpressoide-11.1.0_3209/ide/plugins/com.nxp.mcuxpresso.tools.linux_11.1.0.201909161352/tools/bin/../lib/gcc/arm-none-eabi/8.3.1/../../../../arm-none-eabi/lib/thumb/v7-m/nofp/libcr_nohost_nf.a(__sys_time.o)
                0x0000000000007010                __sys_time
 .text.__sys_tmpnam
                0x0000000000007014        0x6 /usr/local/mcuxpressoide-11.1.0_3209/ide/plugins/com.nxp.mcuxpresso.tools.linux_11.1.0.201909161352/tools/bin/../lib/gcc/arm-none-eabi/8.3.1/../../../../arm-none-eabi/lib/thumb/v7-m/nofp/libcr_nohost_nf.a(__sys_tmpnam.o)
                0x0000000000007014                __sys_tmpnam
 *(.rodata .rodata.* .constdata .constdata.*)
 *fill*         0x000000000000701a        0x2 ff
 .rodata.vTaskStartScheduler.str1.4
                0x000000000000701c        0x5 ./freertos/src/tasks.o
 *fill*         0x0000000000007021        0x3 ff
 .rodata.stringGenerator.str1.4
                0x0000000000007024       0x25 ./example/src/PP-C-doble.o
 *fill*         0x0000000000007049        0x3 ff
 .rodata.consumidor.str1.4
                0x000000000000704c       0x29 ./example/src/PP-C-doble.o
 *fill*         0x0000000000007075        0x3 ff
 .rodata.main.str1.4
                0x0000000000007078       0x18 ./example/src/PP-C-doble.o
 .rodata.vTraceEnable.str1.4
                0x0000000000007090       0x7b ./example/src/trcKernelPort.o
 *fill*         0x000000000000710b        0x1 ff
 .rodata.pszTraceGetErrorNotEnoughHandles.str1.4
                0x000000000000710c      0x2fe ./example/src/trcKernelPort.o
 *fill*         0x000000000000740a        0x2 ff
 .rodata.uiTraceStart.str1.4
                0x000000000000740c       0x4e ./example/src/trcSnapshotRecorder.o
 *fill*         0x000000000000745a        0x2 ff
 .rodata.xTraceSetISRProperties.str1.4
                0x000000000000745c       0xb7 ./example/src/trcSnapshotRecorder.o
 *fill*         0x0000000000007513        0x1 ff
 .rodata.prvTraceStoreTaskReady.str1.4
                0x0000000000007514       0x75 ./example/src/trcSnapshotRecorder.o
 *fill*         0x0000000000007589        0x3 ff
 .rodata.prvTraceStoreLowPower.str1.4
                0x000000000000758c       0x38 ./example/src/trcSnapshotRecorder.o
 .rodata.prvTraceStoreKernelCall.str1.4
                0x00000000000075c4       0xfd ./example/src/trcSnapshotRecorder.o
 *fill*         0x00000000000076c1        0x3 ff
 .rodata.prvTraceStoreKernelCallWithParam.str1.4
                0x00000000000076c4      0x115 ./example/src/trcSnapshotRecorder.o
 *fill*         0x00000000000077d9        0x3 ff
 .rodata.prvTraceGetParam.str1.4
                0x00000000000077dc       0x3c ./example/src/trcSnapshotRecorder.o
 .rodata.prvTraceStoreKernelCallWithNumericParamOnly.str1.4
                0x0000000000007818       0x8d ./example/src/trcSnapshotRecorder.o
 *fill*         0x00000000000078a5        0x3 ff
 .rodata.prvTraceStoreTaskswitch.str1.4
                0x00000000000078a8       0x45 ./example/src/trcSnapshotRecorder.o
 *fill*         0x00000000000078ed        0x3 ff
 .rodata.prvTraceSetPriorityProperty.str1.4
                0x00000000000078f0       0x8c ./example/src/trcSnapshotRecorder.o
 .rodata.prvTraceGetPriorityProperty.str1.4
                0x000000000000797c       0x8c ./example/src/trcSnapshotRecorder.o
 .rodata.prvTraceSetObjectState.str1.4
                0x0000000000007a08       0x7f ./example/src/trcSnapshotRecorder.o
 *fill*         0x0000000000007a87        0x1 ff
 .rodata.prvTraceGetObjectState.str1.4
                0x0000000000007a88       0x7f ./example/src/trcSnapshotRecorder.o
 *fill*         0x0000000000007b07        0x1 ff
 .rodata.prvTraceSetTaskInstanceFinished.str1.4
                0x0000000000007b08       0x48 ./example/src/trcSnapshotRecorder.o
 .rodata.prvTraceInitTraceData.str1.4
                0x0000000000007b50       0x14 ./example/src/trcSnapshotRecorder.o
 .rodata.prvTraceNextFreeEventBufferSlot.str1.4
                0x0000000000007b64       0x27 ./example/src/trcSnapshotRecorder.o
 *fill*         0x0000000000007b8b        0x1 ff
 .rodata.uiIndexOfObject.str1.4
                0x0000000000007b8c       0xc0 ./example/src/trcSnapshotRecorder.o
 .rodata.prvTraceGetObjectHandle.str1.4
                0x0000000000007c4c       0x45 ./example/src/trcSnapshotRecorder.o
 *fill*         0x0000000000007c91        0x3 ff
 .rodata.prvTraceSetObjectName.str1.4
                0x0000000000007c94       0x91 ./example/src/trcSnapshotRecorder.o
 *fill*         0x0000000000007d25        0x3 ff
 .rodata.prvCheckDataToBeOverwrittenForMultiEntryEvents.str1.4
                0x0000000000007d28       0x55 ./example/src/trcSnapshotRecorder.o
 *fill*         0x0000000000007d7d        0x3 ff
 .rodata.prvTraceGetDTS.str1.4
                0x0000000000007d80       0x63 ./example/src/trcSnapshotRecorder.o
 *fill*         0x0000000000007de3        0x1 ff
 .rodata.prvTraceInitCortexM.str1.4
                0x0000000000007de4       0x58 ./example/src/trcSnapshotRecorder.o
 .rodata.OscRateIn
                0x0000000000007e3c        0x4 /home/nico/Documents/MCUXpresso_11.1.0_3209/workspace/lpcopen_2_10_lpcxpresso_nxp_lpcxpresso_1769.zip_expanded/lpc_board_nxp_lpcxpresso_1769/Debug/liblpc_board_nxp_lpcxpresso_1769.a(board.o)
                0x0000000000007e3c                OscRateIn
 .rodata.RTCOscRateIn
                0x0000000000007e40        0x4 /home/nico/Documents/MCUXpresso_11.1.0_3209/workspace/lpcopen_2_10_lpcxpresso_nxp_lpcxpresso_1769.zip_expanded/lpc_board_nxp_lpcxpresso_1769/Debug/liblpc_board_nxp_lpcxpresso_1769.a(board.o)
                0x0000000000007e40                RTCOscRateIn
 .rodata.pinmuxing
                0x0000000000007e44       0x5c /home/nico/Documents/MCUXpresso_11.1.0_3209/workspace/lpcopen_2_10_lpcxpresso_nxp_lpcxpresso_1769.zip_expanded/lpc_board_nxp_lpcxpresso_1769/Debug/liblpc_board_nxp_lpcxpresso_1769.a(board_sysinit.o)
 .rodata._Csys_alloc.str1.1
                0x0000000000007ea0       0x18 /usr/local/mcuxpressoide-11.1.0_3209/ide/plugins/com.nxp.mcuxpresso.tools.linux_11.1.0.201909161352/tools/bin/../lib/gcc/arm-none-eabi/8.3.1/../../../../arm-none-eabi/lib/thumb/v7-m/nofp/libcr_c.a(alloc.o)
 .rodata.fp_display.str1.1
                0x0000000000007eb8       0x34 /usr/local/mcuxpressoide-11.1.0_3209/ide/plugins/com.nxp.mcuxpresso.tools.linux_11.1.0.201909161352/tools/bin/../lib/gcc/arm-none-eabi/8.3.1/../../../../arm-none-eabi/lib/thumb/v7-m/nofp/libcr_c.a(fpprintf.o)
                                         0x35 (size before relaxing)
 .rodata._initio.str1.1
                0x0000000000007eec        0x4 /usr/local/mcuxpressoide-11.1.0_3209/ide/plugins/com.nxp.mcuxpresso.tools.linux_11.1.0.201909161352/tools/bin/../lib/gcc/arm-none-eabi/8.3.1/../../../../arm-none-eabi/lib/thumb/v7-m/nofp/libcr_c.a(initio.o)
 .rodata.__vfprintf.str1.1
                0x0000000000007ef0       0x31 /usr/local/mcuxpressoide-11.1.0_3209/ide/plugins/com.nxp.mcuxpresso.tools.linux_11.1.0.201909161352/tools/bin/../lib/gcc/arm-none-eabi/8.3.1/../../../../arm-none-eabi/lib/thumb/v7-m/nofp/libcr_c.a(printf.o)
                                         0x38 (size before relaxing)
 *fill*         0x0000000000007f21        0x3 ff
 .rodata.__num_Ciob_streams
                0x0000000000007f24        0x4 /usr/local/mcuxpressoide-11.1.0_3209/ide/plugins/com.nxp.mcuxpresso.tools.linux_11.1.0.201909161352/tools/bin/../lib/gcc/arm-none-eabi/8.3.1/../../../../arm-none-eabi/lib/thumb/v7-m/nofp/libcr_nohost_nf.a(__ciob.o)
                0x0000000000007f24                __num_Ciob_streams
                0x0000000000007f28                . = ALIGN (0x4)

.glue_7         0x0000000000007f28        0x0
 .glue_7        0x0000000000007f28        0x0 linker stubs

.glue_7t        0x0000000000007f28        0x0
 .glue_7t       0x0000000000007f28        0x0 linker stubs

.vfp11_veneer   0x0000000000007f28        0x0
 .vfp11_veneer  0x0000000000007f28        0x0 linker stubs

.v4_bx          0x0000000000007f28        0x0
 .v4_bx         0x0000000000007f28        0x0 linker stubs

.iplt           0x0000000000007f28        0x0
 .iplt          0x0000000000007f28        0x0 ./freertos/src/FreeRTOSCommonHooks.o

.rel.dyn        0x0000000000007f28        0x0
 .rel.iplt      0x0000000000007f28        0x0 ./freertos/src/FreeRTOSCommonHooks.o

.ARM.extab
 *(.ARM.extab* .gnu.linkonce.armextab.*)
                0x0000000000007f28                __exidx_start = .

.ARM.exidx
 *(.ARM.exidx* .gnu.linkonce.armexidx.*)
                0x0000000000007f28                __exidx_end = .
                0x0000000000007f28                _etext = .

.data_RAM2      0x000000002007c000        0x0 load address 0x0000000000007f28
 FILL mask 0xff
                [!provide]                        PROVIDE (__start_data_RAM2 = .)
                [!provide]                        PROVIDE (__start_data_RamAHB32 = .)
 *(.ramfunc.$RAM2)
 *(.ramfunc.$RamAHB32)
 *(.data.$RAM2)
 *(.data.$RamAHB32)
 *(.data.$RAM2.*)
 *(.data.$RamAHB32.*)
                0x000000002007c000                . = ALIGN (0x4)
                [!provide]                        PROVIDE (__end_data_RAM2 = .)
                [!provide]                        PROVIDE (__end_data_RamAHB32 = .)

.uninit_RESERVED
                0x0000000010000000        0x0
                0x0000000010000000                _start_uninit_RESERVED = .
 *(.bss.$RESERVED*)
                0x0000000010000000                . = ALIGN (0x4)
                0x0000000010000000                _end_uninit_RESERVED = .

.data           0x0000000010000000       0xfc load address 0x0000000000007f28
 FILL mask 0xff
                0x0000000010000000                _data = .
                [!provide]                        PROVIDE (__start_data_RAM = .)
                [!provide]                        PROVIDE (__start_data_RamLoc32 = .)
 *(vtable)
 *(.ramfunc*)
 *(CodeQuickAccess)
 *(DataQuickAccess)
 *(RamFunction)
 *(.data*)
 .data.uxCriticalNesting
                0x0000000010000000        0x4 ./freertos/src/port.o
 .data.xNextTaskUnblockTime
                0x0000000010000004        0x4 ./freertos/src/tasks.o
 .data.TraceQueueClassTable
                0x0000000010000008        0x5 ./example/src/trcKernelPort.o
                0x0000000010000008                TraceQueueClassTable
 *fill*         0x000000001000000d        0x3 ff
 .data.readyEventsEnabled
                0x0000000010000010        0x4 ./example/src/trcSnapshotRecorder.o
 .data.CurrentFilterMask
                0x0000000010000014        0x2 ./example/src/trcSnapshotRecorder.o
                0x0000000010000014                CurrentFilterMask
 *fill*         0x0000000010000016        0x2 ff
 .data._random_j
                0x0000000010000018        0x4 /usr/local/mcuxpressoide-11.1.0_3209/ide/plugins/com.nxp.mcuxpresso.tools.linux_11.1.0.201909161352/tools/bin/../lib/gcc/arm-none-eabi/8.3.1/../../../../arm-none-eabi/lib/thumb/v7-m/nofp/libcr_c.a(stdlib.o)
 .data._random_k
                0x000000001000001c        0x4 /usr/local/mcuxpressoide-11.1.0_3209/ide/plugins/com.nxp.mcuxpresso.tools.linux_11.1.0.201909161352/tools/bin/../lib/gcc/arm-none-eabi/8.3.1/../../../../arm-none-eabi/lib/thumb/v7-m/nofp/libcr_c.a(stdlib.o)
 .data._random_number_seed
                0x0000000010000020       0xdc /usr/local/mcuxpressoide-11.1.0_3209/ide/plugins/com.nxp.mcuxpresso.tools.linux_11.1.0.201909161352/tools/bin/../lib/gcc/arm-none-eabi/8.3.1/../../../../arm-none-eabi/lib/thumb/v7-m/nofp/libcr_c.a(stdlib.o)
                0x00000000100000fc                . = ALIGN (0x4)
                0x00000000100000fc                _edata = .
                [!provide]                        PROVIDE (__end_data_RAM = .)
                [!provide]                        PROVIDE (__end_data_RamLoc32 = .)

.igot.plt       0x00000000100000fc        0x0 load address 0x0000000000008024
 .igot.plt      0x00000000100000fc        0x0 ./freertos/src/FreeRTOSCommonHooks.o

.bss_RAM2       0x000000002007c000        0x0
                [!provide]                        PROVIDE (__start_bss_RAM2 = .)
                [!provide]                        PROVIDE (__start_bss_RamAHB32 = .)
 *(.bss.$RAM2)
 *(.bss.$RamAHB32)
 *(.bss.$RAM2.*)
 *(.bss.$RamAHB32.*)
                0x000000002007c000                . = ALIGN ((. != 0x0)?0x4:0x1)
                [!provide]                        PROVIDE (__end_bss_RAM2 = .)
                [!provide]                        PROVIDE (__end_bss_RamAHB32 = .)

.bss            0x00000000100000fc     0x1c54
                0x00000000100000fc                _bss = .
                [!provide]                        PROVIDE (__start_bss_RAM = .)
                [!provide]                        PROVIDE (__start_bss_RamLoc32 = .)
 *(.bss*)
 .bss.ulTimerCountsForOneTick
                0x00000000100000fc        0x4 ./freertos/src/port.o
 .bss.xMaximumPossibleSuppressedTicks
                0x0000000010000100        0x4 ./freertos/src/port.o
 .bss.ulStoppedTimerCompensation
                0x0000000010000104        0x4 ./freertos/src/port.o
 .bss.pxCurrentTCB
                0x0000000010000108        0x4 ./freertos/src/tasks.o
                0x0000000010000108                pxCurrentTCB
 .bss.pxReadyTasksLists
                0x000000001000010c       0xa0 ./freertos/src/tasks.o
 .bss.xDelayedTaskList1
                0x00000000100001ac       0x14 ./freertos/src/tasks.o
 .bss.xDelayedTaskList2
                0x00000000100001c0       0x14 ./freertos/src/tasks.o
 .bss.pxDelayedTaskList
                0x00000000100001d4        0x4 ./freertos/src/tasks.o
 .bss.pxOverflowDelayedTaskList
                0x00000000100001d8        0x4 ./freertos/src/tasks.o
 .bss.xPendingReadyList
                0x00000000100001dc       0x14 ./freertos/src/tasks.o
 .bss.xTasksWaitingTermination
                0x00000000100001f0       0x14 ./freertos/src/tasks.o
 .bss.uxTasksDeleted
                0x0000000010000204        0x4 ./freertos/src/tasks.o
 .bss.xSuspendedTaskList
                0x0000000010000208       0x14 ./freertos/src/tasks.o
 .bss.uxCurrentNumberOfTasks
                0x000000001000021c        0x4 ./freertos/src/tasks.o
 .bss.xTickCount
                0x0000000010000220        0x4 ./freertos/src/tasks.o
 .bss.uxTopReadyPriority
                0x0000000010000224        0x4 ./freertos/src/tasks.o
 .bss.xSchedulerRunning
                0x0000000010000228        0x4 ./freertos/src/tasks.o
 .bss.uxSchedulerSuspended
                0x000000001000022c        0x4 ./freertos/src/tasks.o
 .bss.uxPendedTicks
                0x0000000010000230        0x4 ./freertos/src/tasks.o
 .bss.xYieldPending
                0x0000000010000234        0x4 ./freertos/src/tasks.o
 .bss.xNumOfOverflows
                0x0000000010000238        0x4 ./freertos/src/tasks.o
 .bss.uxTaskNumber
                0x000000001000023c        0x4 ./freertos/src/tasks.o
 .bss.HandleTzCtrl
                0x0000000010000240        0x4 ./example/src/trcKernelPort.o
 .bss.tasksInStackMonitor
                0x0000000010000244       0x50 ./example/src/trcKernelPort.o
                0x0000000010000244                tasksInStackMonitor
 .bss.tasksNotIncluded
                0x0000000010000294        0x4 ./example/src/trcKernelPort.o
                0x0000000010000294                tasksNotIncluded
 .bss.i.8023    0x0000000010000298        0x4 ./example/src/trcKernelPort.o
 .bss.isPendingContextSwitch
                0x000000001000029c        0x4 ./example/src/trcSnapshotRecorder.o
                0x000000001000029c                isPendingContextSwitch
 .bss.uiTraceTickCount
                0x00000000100002a0        0x4 ./example/src/trcSnapshotRecorder.o
                0x00000000100002a0                uiTraceTickCount
 .bss.trace_disable_timestamp
                0x00000000100002a4        0x4 ./example/src/trcSnapshotRecorder.o
                0x00000000100002a4                trace_disable_timestamp
 .bss.last_timestamp
                0x00000000100002a8        0x4 ./example/src/trcSnapshotRecorder.o
 .bss.uiTraceSystemState
                0x00000000100002ac        0x4 ./example/src/trcSnapshotRecorder.o
                0x00000000100002ac                uiTraceSystemState
 .bss.recorder_busy
                0x00000000100002b0        0x4 ./example/src/trcSnapshotRecorder.o
                0x00000000100002b0                recorder_busy
 .bss.timestampFrequency
                0x00000000100002b4        0x4 ./example/src/trcSnapshotRecorder.o
                0x00000000100002b4                timestampFrequency
 .bss.traceErrorMessage
                0x00000000100002b8        0x4 ./example/src/trcSnapshotRecorder.o
                0x00000000100002b8                traceErrorMessage
 .bss.handle_of_last_logged_task
                0x00000000100002bc        0x1 ./example/src/trcSnapshotRecorder.o
                0x00000000100002bc                handle_of_last_logged_task
 *fill*         0x00000000100002bd        0x3 
 .bss.vTraceStopHookPtr
                0x00000000100002c0        0x4 ./example/src/trcSnapshotRecorder.o
                0x00000000100002c0                vTraceStopHookPtr
 .bss.objectHandleStacks
                0x00000000100002c4       0x8e ./example/src/trcSnapshotRecorder.o
                0x00000000100002c4                objectHandleStacks
 *fill*         0x0000000010000352        0x2 
 .bss.RecorderDataPtr
                0x0000000010000354        0x4 ./example/src/trcSnapshotRecorder.o
                0x0000000010000354                RecorderDataPtr
 .bss.indexOfHandle.8084
                0x0000000010000358        0x4 ./example/src/trcSnapshotRecorder.o
 .bss.idx.8111  0x000000001000035c        0x2 ./example/src/trcSnapshotRecorder.o
 *fill*         0x000000001000035e        0x2 
 .bss.old_timestamp.8147
                0x0000000010000360        0x4 ./example/src/trcSnapshotRecorder.o
 .bss.last_hwtc_count.8185
                0x0000000010000364        0x4 ./example/src/trcSnapshotRecorder.o
 .bss.last_hwtc_rest.8187
                0x0000000010000368        0x4 ./example/src/trcSnapshotRecorder.o
 .bss.__end_of_heap
                0x000000001000036c        0x4 /usr/local/mcuxpressoide-11.1.0_3209/ide/plugins/com.nxp.mcuxpresso.tools.linux_11.1.0.201909161352/tools/bin/../lib/gcc/arm-none-eabi/8.3.1/../../../../arm-none-eabi/lib/thumb/v7-m/nofp/libcr_c.a(__init_alloc.o)
                0x000000001000036c                __end_of_heap
 .bss.__heaps   0x0000000010000370        0x4 /usr/local/mcuxpressoide-11.1.0_3209/ide/plugins/com.nxp.mcuxpresso.tools.linux_11.1.0.201909161352/tools/bin/../lib/gcc/arm-none-eabi/8.3.1/../../../../arm-none-eabi/lib/thumb/v7-m/nofp/libcr_c.a(__init_alloc.o)
                0x0000000010000370                __heaps
 .bss.errno     0x0000000010000374        0x4 /usr/local/mcuxpressoide-11.1.0_3209/ide/plugins/com.nxp.mcuxpresso.tools.linux_11.1.0.201909161352/tools/bin/../lib/gcc/arm-none-eabi/8.3.1/../../../../arm-none-eabi/lib/thumb/v7-m/nofp/libcr_c.a(errno.o)
                0x0000000010000374                errno
 .bss.__Ciob    0x0000000010000378       0xb4 /usr/local/mcuxpressoide-11.1.0_3209/ide/plugins/com.nxp.mcuxpresso.tools.linux_11.1.0.201909161352/tools/bin/../lib/gcc/arm-none-eabi/8.3.1/../../../../arm-none-eabi/lib/thumb/v7-m/nofp/libcr_nohost_nf.a(__ciob.o)
                0x0000000010000378                __Ciob
 *(COMMON)
 COMMON         0x000000001000042c        0x4 ./example/src/PP-C-doble.o
                0x000000001000042c                xQueue1
 COMMON         0x0000000010000430     0x191c ./example/src/trcSnapshotRecorder.o
                0x0000000010000430                RecorderData
                0x0000000010001d48                init_hwtc_count
 COMMON         0x0000000010001d4c        0x4 /home/nico/Documents/MCUXpresso_11.1.0_3209/workspace/lpcopen_2_10_lpcxpresso_nxp_lpcxpresso_1769.zip_expanded/lpc_chip_175x_6x/Debug/liblpc_chip_175x_6x.a(chip_17xx_40xx.o)
                0x0000000010001d4c                SystemCoreClock
                0x0000000010001d50                . = ALIGN (0x4)
                0x0000000010001d50                _ebss = .
                [!provide]                        PROVIDE (__end_bss_RAM = .)
                [!provide]                        PROVIDE (__end_bss_RamLoc32 = .)
                [!provide]                        PROVIDE (end = .)

.noinit_RAM2    0x000000002007c000        0x0
                [!provide]                        PROVIDE (__start_noinit_RAM2 = .)
                [!provide]                        PROVIDE (__start_noinit_RamAHB32 = .)
 *(.noinit.$RAM2)
 *(.noinit.$RamAHB32)
 *(.noinit.$RAM2.*)
 *(.noinit.$RamAHB32.*)
                0x000000002007c000                . = ALIGN (0x4)
                [!provide]                        PROVIDE (__end_noinit_RAM2 = .)
                [!provide]                        PROVIDE (__end_noinit_RamAHB32 = .)

.noinit         0x0000000010001d50        0x0
                0x0000000010001d50                _noinit = .
                [!provide]                        PROVIDE (__start_noinit_RAM = .)
                [!provide]                        PROVIDE (__start_noinit_RamLoc32 = .)
 *(.noinit*)
                0x0000000010001d50                . = ALIGN (0x4)
                0x0000000010001d50                _end_noinit = .
                [!provide]                        PROVIDE (__end_noinit_RAM = .)
                [!provide]                        PROVIDE (__end_noinit_RamLoc32 = .)
                0x0000000010001d50                PROVIDE (_pvHeapStart = DEFINED (__user_heap_base)?__user_heap_base:.)
                0x0000000010008000                PROVIDE (_vStackTop = DEFINED (__user_stack_top)?__user_stack_top:(__top_RamLoc32 - 0x0))
                [!provide]                        PROVIDE (__valid_user_code_checksum = (0x0 - ((((((_vStackTop + (ResetISR + 0x1)) + (NMI_Handler + 0x1)) + (HardFault_Handler + 0x1)) + (DEFINED (MemManage_Handler)?MemManage_Handler:0x0 + 0x1)) + (DEFINED (BusFault_Handler)?BusFault_Handler:0x0 + 0x1)) + (DEFINED (UsageFault_Handler)?UsageFault_Handler:0x0 + 0x1))))
                0x0000000000000000                _image_start = LOADADDR (.text)
                0x0000000000008024                _image_end = (LOADADDR (.data) + SIZEOF (.data))
                0x0000000000008024                _image_size = (_image_end - _image_start)
OUTPUT(dobleProductor-consumidor.axf elf32-littlearm)

.debug_info     0x0000000000000000     0xde98
 .debug_info    0x0000000000000000      0x8ab ./freertos/src/FreeRTOSCommonHooks.o
 .debug_info    0x00000000000008ab      0x835 ./freertos/src/heap_3.o
 .debug_info    0x00000000000010e0      0x9ec ./freertos/src/list.o
 .debug_info    0x0000000000001acc      0xaf1 ./freertos/src/port.o
 .debug_info    0x00000000000025bd     0x142e ./freertos/src/queue.o
 .debug_info    0x00000000000039eb     0x1b14 ./freertos/src/tasks.o
 .debug_info    0x00000000000054ff      0xa2e ./example/src/PP-C-doble.o
 .debug_info    0x0000000000005f2d      0x272 ./example/src/cr_startup_lpc175x_6x.o
 .debug_info    0x000000000000619f      0x250 ./example/src/sysinit.o
 .debug_info    0x00000000000063ef      0xd6b ./example/src/trcKernelPort.o
 .debug_info    0x000000000000715a     0x264b ./example/src/trcSnapshotRecorder.o
 .debug_info    0x00000000000097a5     0x164a /home/nico/Documents/MCUXpresso_11.1.0_3209/workspace/lpcopen_2_10_lpcxpresso_nxp_lpcxpresso_1769.zip_expanded/lpc_board_nxp_lpcxpresso_1769/Debug/liblpc_board_nxp_lpcxpresso_1769.a(board.o)
 .debug_info    0x000000000000adef      0x71d /home/nico/Documents/MCUXpresso_11.1.0_3209/workspace/lpcopen_2_10_lpcxpresso_nxp_lpcxpresso_1769.zip_expanded/lpc_board_nxp_lpcxpresso_1769/Debug/liblpc_board_nxp_lpcxpresso_1769.a(board_sysinit.o)
 .debug_info    0x000000000000b50c      0x591 /home/nico/Documents/MCUXpresso_11.1.0_3209/workspace/lpcopen_2_10_lpcxpresso_nxp_lpcxpresso_1769.zip_expanded/lpc_chip_175x_6x/Debug/liblpc_chip_175x_6x.a(chip_17xx_40xx.o)
 .debug_info    0x000000000000ba9d      0xc2a /home/nico/Documents/MCUXpresso_11.1.0_3209/workspace/lpcopen_2_10_lpcxpresso_nxp_lpcxpresso_1769.zip_expanded/lpc_chip_175x_6x/Debug/liblpc_chip_175x_6x.a(clock_17xx_40xx.o)
 .debug_info    0x000000000000c6c7      0x347 /home/nico/Documents/MCUXpresso_11.1.0_3209/workspace/lpcopen_2_10_lpcxpresso_nxp_lpcxpresso_1769.zip_expanded/lpc_chip_175x_6x/Debug/liblpc_chip_175x_6x.a(iocon_17xx_40xx.o)
 .debug_info    0x000000000000ca0e      0x4b0 /home/nico/Documents/MCUXpresso_11.1.0_3209/workspace/lpcopen_2_10_lpcxpresso_nxp_lpcxpresso_1769.zip_expanded/lpc_chip_175x_6x/Debug/liblpc_chip_175x_6x.a(sysinit_17xx_40xx.o)
 .debug_info    0x000000000000cebe      0xfda /home/nico/Documents/MCUXpresso_11.1.0_3209/workspace/lpcopen_2_10_lpcxpresso_nxp_lpcxpresso_1769.zip_expanded/lpc_chip_175x_6x/Debug/liblpc_chip_175x_6x.a(uart_17xx_40xx.o)

.debug_abbrev   0x0000000000000000     0x29e0
 .debug_abbrev  0x0000000000000000      0x1d9 ./freertos/src/FreeRTOSCommonHooks.o
 .debug_abbrev  0x00000000000001d9      0x183 ./freertos/src/heap_3.o
 .debug_abbrev  0x000000000000035c      0x18e ./freertos/src/list.o
 .debug_abbrev  0x00000000000004ea      0x29b ./freertos/src/port.o
 .debug_abbrev  0x0000000000000785      0x31b ./freertos/src/queue.o
 .debug_abbrev  0x0000000000000aa0      0x363 ./freertos/src/tasks.o
 .debug_abbrev  0x0000000000000e03      0x214 ./example/src/PP-C-doble.o
 .debug_abbrev  0x0000000000001017      0x117 ./example/src/cr_startup_lpc175x_6x.o
 .debug_abbrev  0x000000000000112e       0xeb ./example/src/sysinit.o
 .debug_abbrev  0x0000000000001219      0x2c1 ./example/src/trcKernelPort.o
 .debug_abbrev  0x00000000000014da      0x422 ./example/src/trcSnapshotRecorder.o
 .debug_abbrev  0x00000000000018fc      0x420 /home/nico/Documents/MCUXpresso_11.1.0_3209/workspace/lpcopen_2_10_lpcxpresso_nxp_lpcxpresso_1769.zip_expanded/lpc_board_nxp_lpcxpresso_1769/Debug/liblpc_board_nxp_lpcxpresso_1769.a(board.o)
 .debug_abbrev  0x0000000000001d1c      0x1a2 /home/nico/Documents/MCUXpresso_11.1.0_3209/workspace/lpcopen_2_10_lpcxpresso_nxp_lpcxpresso_1769.zip_expanded/lpc_board_nxp_lpcxpresso_1769/Debug/liblpc_board_nxp_lpcxpresso_1769.a(board_sysinit.o)
 .debug_abbrev  0x0000000000001ebe      0x16d /home/nico/Documents/MCUXpresso_11.1.0_3209/workspace/lpcopen_2_10_lpcxpresso_nxp_lpcxpresso_1769.zip_expanded/lpc_chip_175x_6x/Debug/liblpc_chip_175x_6x.a(chip_17xx_40xx.o)
 .debug_abbrev  0x000000000000202b      0x34d /home/nico/Documents/MCUXpresso_11.1.0_3209/workspace/lpcopen_2_10_lpcxpresso_nxp_lpcxpresso_1769.zip_expanded/lpc_chip_175x_6x/Debug/liblpc_chip_175x_6x.a(clock_17xx_40xx.o)
 .debug_abbrev  0x0000000000002378      0x164 /home/nico/Documents/MCUXpresso_11.1.0_3209/workspace/lpcopen_2_10_lpcxpresso_nxp_lpcxpresso_1769.zip_expanded/lpc_chip_175x_6x/Debug/liblpc_chip_175x_6x.a(iocon_17xx_40xx.o)
 .debug_abbrev  0x00000000000024dc      0x1b0 /home/nico/Documents/MCUXpresso_11.1.0_3209/workspace/lpcopen_2_10_lpcxpresso_nxp_lpcxpresso_1769.zip_expanded/lpc_chip_175x_6x/Debug/liblpc_chip_175x_6x.a(sysinit_17xx_40xx.o)
 .debug_abbrev  0x000000000000268c      0x354 /home/nico/Documents/MCUXpresso_11.1.0_3209/workspace/lpcopen_2_10_lpcxpresso_nxp_lpcxpresso_1769.zip_expanded/lpc_chip_175x_6x/Debug/liblpc_chip_175x_6x.a(uart_17xx_40xx.o)

.debug_aranges  0x0000000000000000      0xbf8
 .debug_aranges
                0x0000000000000000       0x40 ./freertos/src/FreeRTOSCommonHooks.o
 .debug_aranges
                0x0000000000000040       0x28 ./freertos/src/heap_3.o
 .debug_aranges
                0x0000000000000068       0x40 ./freertos/src/list.o
 .debug_aranges
                0x00000000000000a8       0x90 ./freertos/src/port.o
 .debug_aranges
                0x0000000000000138       0xf0 ./freertos/src/queue.o
 .debug_aranges
                0x0000000000000228      0x178 ./freertos/src/tasks.o
 .debug_aranges
                0x00000000000003a0       0x40 ./example/src/PP-C-doble.o
 .debug_aranges
                0x00000000000003e0       0x80 ./example/src/cr_startup_lpc175x_6x.o
 .debug_aranges
                0x0000000000000460       0x20 ./example/src/sysinit.o
 .debug_aranges
                0x0000000000000480       0xd0 ./example/src/trcKernelPort.o
 .debug_aranges
                0x0000000000000550      0x200 ./example/src/trcSnapshotRecorder.o
 .debug_aranges
                0x0000000000000750      0x160 /home/nico/Documents/MCUXpresso_11.1.0_3209/workspace/lpcopen_2_10_lpcxpresso_nxp_lpcxpresso_1769.zip_expanded/lpc_board_nxp_lpcxpresso_1769/Debug/liblpc_board_nxp_lpcxpresso_1769.a(board.o)
 .debug_aranges
                0x00000000000008b0       0x38 /home/nico/Documents/MCUXpresso_11.1.0_3209/workspace/lpcopen_2_10_lpcxpresso_nxp_lpcxpresso_1769.zip_expanded/lpc_board_nxp_lpcxpresso_1769/Debug/liblpc_board_nxp_lpcxpresso_1769.a(board_sysinit.o)
 .debug_aranges
                0x00000000000008e8       0x38 /home/nico/Documents/MCUXpresso_11.1.0_3209/workspace/lpcopen_2_10_lpcxpresso_nxp_lpcxpresso_1769.zip_expanded/lpc_chip_175x_6x/Debug/liblpc_chip_175x_6x.a(chip_17xx_40xx.o)
 .debug_aranges
                0x0000000000000920      0x120 /home/nico/Documents/MCUXpresso_11.1.0_3209/workspace/lpcopen_2_10_lpcxpresso_nxp_lpcxpresso_1769.zip_expanded/lpc_chip_175x_6x/Debug/liblpc_chip_175x_6x.a(clock_17xx_40xx.o)
 .debug_aranges
                0x0000000000000a40       0x30 /home/nico/Documents/MCUXpresso_11.1.0_3209/workspace/lpcopen_2_10_lpcxpresso_nxp_lpcxpresso_1769.zip_expanded/lpc_chip_175x_6x/Debug/liblpc_chip_175x_6x.a(iocon_17xx_40xx.o)
 .debug_aranges
                0x0000000000000a70       0x60 /home/nico/Documents/MCUXpresso_11.1.0_3209/workspace/lpcopen_2_10_lpcxpresso_nxp_lpcxpresso_1769.zip_expanded/lpc_chip_175x_6x/Debug/liblpc_chip_175x_6x.a(sysinit_17xx_40xx.o)
 .debug_aranges
                0x0000000000000ad0      0x128 /home/nico/Documents/MCUXpresso_11.1.0_3209/workspace/lpcopen_2_10_lpcxpresso_nxp_lpcxpresso_1769.zip_expanded/lpc_chip_175x_6x/Debug/liblpc_chip_175x_6x.a(uart_17xx_40xx.o)

.debug_ranges   0x0000000000000000      0xad8
 .debug_ranges  0x0000000000000000       0x30 ./freertos/src/FreeRTOSCommonHooks.o
 .debug_ranges  0x0000000000000030       0x18 ./freertos/src/heap_3.o
 .debug_ranges  0x0000000000000048       0x30 ./freertos/src/list.o
 .debug_ranges  0x0000000000000078       0x80 ./freertos/src/port.o
 .debug_ranges  0x00000000000000f8       0xe0 ./freertos/src/queue.o
 .debug_ranges  0x00000000000001d8      0x168 ./freertos/src/tasks.o
 .debug_ranges  0x0000000000000340       0x30 ./example/src/PP-C-doble.o
 .debug_ranges  0x0000000000000370       0x70 ./example/src/cr_startup_lpc175x_6x.o
 .debug_ranges  0x00000000000003e0       0x10 ./example/src/sysinit.o
 .debug_ranges  0x00000000000003f0       0xc0 ./example/src/trcKernelPort.o
 .debug_ranges  0x00000000000004b0      0x1f0 ./example/src/trcSnapshotRecorder.o
 .debug_ranges  0x00000000000006a0      0x150 /home/nico/Documents/MCUXpresso_11.1.0_3209/workspace/lpcopen_2_10_lpcxpresso_nxp_lpcxpresso_1769.zip_expanded/lpc_board_nxp_lpcxpresso_1769/Debug/liblpc_board_nxp_lpcxpresso_1769.a(board.o)
 .debug_ranges  0x00000000000007f0       0x28 /home/nico/Documents/MCUXpresso_11.1.0_3209/workspace/lpcopen_2_10_lpcxpresso_nxp_lpcxpresso_1769.zip_expanded/lpc_board_nxp_lpcxpresso_1769/Debug/liblpc_board_nxp_lpcxpresso_1769.a(board_sysinit.o)
 .debug_ranges  0x0000000000000818       0x28 /home/nico/Documents/MCUXpresso_11.1.0_3209/workspace/lpcopen_2_10_lpcxpresso_nxp_lpcxpresso_1769.zip_expanded/lpc_chip_175x_6x/Debug/liblpc_chip_175x_6x.a(chip_17xx_40xx.o)
 .debug_ranges  0x0000000000000840      0x110 /home/nico/Documents/MCUXpresso_11.1.0_3209/workspace/lpcopen_2_10_lpcxpresso_nxp_lpcxpresso_1769.zip_expanded/lpc_chip_175x_6x/Debug/liblpc_chip_175x_6x.a(clock_17xx_40xx.o)
 .debug_ranges  0x0000000000000950       0x20 /home/nico/Documents/MCUXpresso_11.1.0_3209/workspace/lpcopen_2_10_lpcxpresso_nxp_lpcxpresso_1769.zip_expanded/lpc_chip_175x_6x/Debug/liblpc_chip_175x_6x.a(iocon_17xx_40xx.o)
 .debug_ranges  0x0000000000000970       0x50 /home/nico/Documents/MCUXpresso_11.1.0_3209/workspace/lpcopen_2_10_lpcxpresso_nxp_lpcxpresso_1769.zip_expanded/lpc_chip_175x_6x/Debug/liblpc_chip_175x_6x.a(sysinit_17xx_40xx.o)
 .debug_ranges  0x00000000000009c0      0x118 /home/nico/Documents/MCUXpresso_11.1.0_3209/workspace/lpcopen_2_10_lpcxpresso_nxp_lpcxpresso_1769.zip_expanded/lpc_chip_175x_6x/Debug/liblpc_chip_175x_6x.a(uart_17xx_40xx.o)

.debug_macro    0x0000000000000000     0x8a40
 .debug_macro   0x0000000000000000      0x2f3 ./freertos/src/FreeRTOSCommonHooks.o
 .debug_macro   0x00000000000002f3      0xaa2 ./freertos/src/FreeRTOSCommonHooks.o
 .debug_macro   0x0000000000000d95       0x10 ./freertos/src/FreeRTOSCommonHooks.o
 .debug_macro   0x0000000000000da5      0x12e ./freertos/src/FreeRTOSCommonHooks.o
 .debug_macro   0x0000000000000ed3       0x16 ./freertos/src/FreeRTOSCommonHooks.o
 .debug_macro   0x0000000000000ee9       0x46 ./freertos/src/FreeRTOSCommonHooks.o
 .debug_macro   0x0000000000000f2f      0x5b3 ./freertos/src/FreeRTOSCommonHooks.o
 .debug_macro   0x00000000000014e2       0x22 ./freertos/src/FreeRTOSCommonHooks.o
 .debug_macro   0x0000000000001504       0x74 ./freertos/src/FreeRTOSCommonHooks.o
 .debug_macro   0x0000000000001578       0x10 ./freertos/src/FreeRTOSCommonHooks.o
 .debug_macro   0x0000000000001588       0x2d ./freertos/src/FreeRTOSCommonHooks.o
 .debug_macro   0x00000000000015b5       0x3a ./freertos/src/FreeRTOSCommonHooks.o
 .debug_macro   0x00000000000015ef       0x2d ./freertos/src/FreeRTOSCommonHooks.o
 .debug_macro   0x000000000000161c      0xbb1 ./freertos/src/FreeRTOSCommonHooks.o
 .debug_macro   0x00000000000021cd      0x22c ./freertos/src/FreeRTOSCommonHooks.o