trcSnapshotRecorder.c:214:6:vTraceSetStopHook	16	static
trcSnapshotRecorder.c:225:6:vTraceClear	24	static
trcSnapshotRecorder.c:256:10:uiTraceStart	32	static
trcSnapshotRecorder.c:306:6:vTraceStart	8	static
trcSnapshotRecorder.c:317:6:vTraceStop	8	static
trcSnapshotRecorder.c:334:5:xTraceIsRecordingEnabled	4	static
trcSnapshotRecorder.c:352:13:xTraceGetLastError	4	static
trcSnapshotRecorder.c:365:6:vTraceClearError	4	static
trcSnapshotRecorder.c:382:7:xTraceGetTraceBuffer	4	static
trcSnapshotRecorder.c:394:10:uiTraceGetTraceBufferSize	4	static
trcSnapshotRecorder.c:404:13:prvTraceTaskInstanceFinish	40	static
trcSnapshotRecorder.c:452:6:vTraceInstanceFinishedNext	8	static
trcSnapshotRecorder.c:481:6:vTraceInstanceFinishedNow	8	static
trcSnapshotRecorder.c:510:14:xTraceSetISRProperties	16	static
trcSnapshotRecorder.c:543:6:vTraceStoreISRBegin	40	static
trcSnapshotRecorder.c:622:6:vTraceStoreISREnd	48	static
trcSnapshotRecorder.c:713:16:writeInt8	16	static
trcSnapshotRecorder.c:734:16:writeInt16	16	static
trcSnapshotRecorder.c:762:16:writeInt32	24	static
trcSnapshotRecorder.c:858:16:prvTraceUserEventFormat	40	static
trcSnapshotRecorder.c:1291:6:vTracePrintF	28	static
trcSnapshotRecorder.c:1309:6:vTraceVPrintF	88	static
trcSnapshotRecorder.c:1434:6:vTracePrint	40	static
trcSnapshotRecorder.c:1490:13:xTraceRegisterString	16	static
trcSnapshotRecorder.c:1501:6:prvTraceSetReadyEventsEnabled	16	static
trcSnapshotRecorder.c:1511:6:prvTraceStoreTaskReady	40	static
trcSnapshotRecorder.c:1575:6:prvTraceStoreLowPower	40	static
trcSnapshotRecorder.c:1625:6:vTraceStoreMemMangEvent	64	static
trcSnapshotRecorder.c:1704:6:prvTraceStoreKernelCall	48	static
trcSnapshotRecorder.c:1762:6:prvTraceStoreKernelCallWithParam	48	static
trcSnapshotRecorder.c:1822:17:prvTraceGetParam	24	static
trcSnapshotRecorder.c:1856:6:prvTraceStoreKernelCallWithNumericParamOnly	48	static
trcSnapshotRecorder.c:1906:6:prvTraceStoreTaskswitch	40	static
trcSnapshotRecorder.c:1966:6:prvTraceStoreObjectNameOnCloseEvent	40	static
trcSnapshotRecorder.c:1996:6:prvTraceStoreObjectPropertiesOnCloseEvent	32	static
trcSnapshotRecorder.c:2026:6:prvTraceSetPriorityProperty	24	static
trcSnapshotRecorder.c:2036:9:prvTraceGetPriorityProperty	24	static
trcSnapshotRecorder.c:2046:6:prvTraceSetObjectState	24	static
trcSnapshotRecorder.c:2056:9:prvTraceGetObjectState	24	static
trcSnapshotRecorder.c:2066:6:prvTraceSetTaskInstanceFinished	24	static
trcSnapshotRecorder.c:2111:6:prvTraceInitTraceData	8	static
trcSnapshotRecorder.c:2233:7:prvTraceNextFreeEventBufferSlot	8	static
trcSnapshotRecorder.c:2250:10:uiIndexOfObject	16	static
trcSnapshotRecorder.c:2268:13:prvTraceGetObjectHandle	40	static
trcSnapshotRecorder.c:2320:6:prvTraceFreeObjectHandle	24	static
trcSnapshotRecorder.c:2351:6:prvMarkObjectAsUsed	24	static
trcSnapshotRecorder.c:2362:13:prvStrncpy	32	static
trcSnapshotRecorder.c:2379:6:prvTraceSetObjectName	16	static
trcSnapshotRecorder.c:2417:13:prvTraceOpenSymbol	40	static
trcSnapshotRecorder.c:2456:6:vTraceSetFrequency	16	static
trcSnapshotRecorder.c:2477:6:prvTraceError	16	static
trcSnapshotRecorder.c:2497:6:vTraceSetFilterMask	16	static
trcSnapshotRecorder.c:2502:6:vTraceSetFilterGroup	16	static
trcSnapshotRecorder.c:2523:6:prvCheckDataToBeOverwrittenForMultiEntryEvents	32	static
trcSnapshotRecorder.c:2568:6:prvTraceUpdateCounters	8	static
trcSnapshotRecorder.c:2604:10:prvTraceGetDTS	32	static
trcSnapshotRecorder.c:2722:13:prvTraceLookupSymbolTableEntry	24	static
trcSnapshotRecorder.c:2765:10:prvTraceCreateSymbolTableEntry	24	static
trcSnapshotRecorder.c:2826:6:prvTraceGetChecksum	40	static
trcSnapshotRecorder.c:2898:6:prvTraceInitCortexM	8	static
trcSnapshotRecorder.c:2963:6:prvTracePortGetTimeStamp	32	static
