Archive member included to satisfy reference by file (symbol)

/home/nico/Documents/MCUXpresso_11.1.0_3209/workspace/lpcopen_2_10_lpcxpresso_nxp_lpcxpresso_1769.zip_expanded/lpc_board_nxp_lpcxpresso_1769/Debug/liblpc_board_nxp_lpcxpresso_1769.a(board.o)
                              ./freertos/src/FreeRTOSCommonHooks.o (Board_UARTPutSTR)
/home/nico/Documents/MCUXpresso_11.1.0_3209/workspace/lpcopen_2_10_lpcxpresso_nxp_lpcxpresso_1769.zip_expanded/lpc_board_nxp_lpcxpresso_1769/Debug/liblpc_board_nxp_lpcxpresso_1769.a(board_sysinit.o)
                              ./example/src/sysinit.o (Board_SystemInit)
/home/nico/Documents/MCUXpresso_11.1.0_3209/workspace/lpcopen_2_10_lpcxpresso_nxp_lpcxpresso_1769.zip_expanded/lpc_chip_175x_6x/Debug/liblpc_chip_175x_6x.a(chip_17xx_40xx.o)
                              ./freertos/src/port.o (SystemCoreClock)
/home/nico/Documents/MCUXpresso_11.1.0_3209/workspace/lpcopen_2_10_lpcxpresso_nxp_lpcxpresso_1769.zip_expanded/lpc_chip_175x_6x/Debug/liblpc_chip_175x_6x.a(clock_17xx_40xx.o)
                              /home/nico/Documents/MCUXpresso_11.1.0_3209/workspace/lpcopen_2_10_lpcxpresso_nxp_lpcxpresso_1769.zip_expanded/lpc_chip_175x_6x/Debug/liblpc_chip_175x_6x.a(chip_17xx_40xx.o) (Chip_Clock_EnablePLL)
/home/nico/Documents/MCUXpresso_11.1.0_3209/workspace/lpcopen_2_10_lpcxpresso_nxp_lpcxpresso_1769.zip_expanded/lpc_chip_175x_6x/Debug/liblpc_chip_175x_6x.a(i2s_17xx_40xx.o)
                              /home/nico/Documents/MCUXpresso_11.1.0_3209/workspace/lpcopen_2_10_lpcxpresso_nxp_lpcxpresso_1769.zip_expanded/lpc_board_nxp_lpcxpresso_1769/Debug/liblpc_board_nxp_lpcxpresso_1769.a(board.o) (Chip_I2S_Init)
/home/nico/Documents/MCUXpresso_11.1.0_3209/workspace/lpcopen_2_10_lpcxpresso_nxp_lpcxpresso_1769.zip_expanded/lpc_chip_175x_6x/Debug/liblpc_chip_175x_6x.a(iocon_17xx_40xx.o)
                              /home/nico/Documents/MCUXpresso_11.1.0_3209/workspace/lpcopen_2_10_lpcxpresso_nxp_lpcxpresso_1769.zip_expanded/lpc_board_nxp_lpcxpresso_1769/Debug/liblpc_board_nxp_lpcxpresso_1769.a(board.o) (Chip_IOCON_PinMux)
/home/nico/Documents/MCUXpresso_11.1.0_3209/workspace/lpcopen_2_10_lpcxpresso_nxp_lpcxpresso_1769.zip_expanded/lpc_chip_175x_6x/Debug/liblpc_chip_175x_6x.a(sysinit_17xx_40xx.o)
                              /home/nico/Documents/MCUXpresso_11.1.0_3209/workspace/lpcopen_2_10_lpcxpresso_nxp_lpcxpresso_1769.zip_expanded/lpc_board_nxp_lpcxpresso_1769/Debug/liblpc_board_nxp_lpcxpresso_1769.a(board_sysinit.o) (Chip_SetupXtalClocking)
/home/nico/Documents/MCUXpresso_11.1.0_3209/workspace/lpcopen_2_10_lpcxpresso_nxp_lpcxpresso_1769.zip_expanded/lpc_chip_175x_6x/Debug/liblpc_chip_175x_6x.a(uart_17xx_40xx.o)
                              /home/nico/Documents/MCUXpresso_11.1.0_3209/workspace/lpcopen_2_10_lpcxpresso_nxp_lpcxpresso_1769.zip_expanded/lpc_board_nxp_lpcxpresso_1769/Debug/liblpc_board_nxp_lpcxpresso_1769.a(board.o) (Chip_UART_Init)
/home/nico/Documents/MCUXpresso_11.1.0_3209/workspace/lpcopen_2_10_lpcxpresso_nxp_lpcxpresso_1769.zip_expanded/lpc_chip_175x_6x/Debug/liblpc_chip_175x_6x.a(ring_buffer.o)
                              /home/nico/Documents/MCUXpresso_11.1.0_3209/workspace/lpcopen_2_10_lpcxpresso_nxp_lpcxpresso_1769.zip_expanded/lpc_chip_175x_6x/Debug/liblpc_chip_175x_6x.a(uart_17xx_40xx.o) (RingBuffer_Insert)
/usr/local/mcuxpressoide-11.1.0_3209/ide/plugins/com.nxp.mcuxpresso.tools.linux_11.1.0.201909161352/tools/bin/../lib/gcc/arm-none-eabi/8.3.1/../../../../arm-none-eabi/lib/thumb/v7-m/nofp/libcr_nohost_nf.a(_cr__main.o)
                              ./example/src/cr_startup_lpc175x_6x.o (__main)
/usr/local/mcuxpressoide-11.1.0_3209/ide/plugins/com.nxp.mcuxpresso.tools.linux_11.1.0.201909161352/tools/bin/../lib/gcc/arm-none-eabi/8.3.1/../../../../arm-none-eabi/lib/thumb/v7-m/nofp/libcr_c.a(memcpy.o)
                              ./freertos/src/queue.o (memcpy)
/usr/local/mcuxpressoide-11.1.0_3209/ide/plugins/com.nxp.mcuxpresso.tools.linux_11.1.0.201909161352/tools/bin/../lib/gcc/arm-none-eabi/8.3.1/../../../../arm-none-eabi/lib/thumb/v7-m/nofp/libcr_c.a(memset.o)
                              ./freertos/src/tasks.o (memset)
/usr/local/mcuxpressoide-11.1.0_3209/ide/plugins/com.nxp.mcuxpresso.tools.linux_11.1.0.201909161352/tools/bin/../lib/gcc/arm-none-eabi/8.3.1/../../../../arm-none-eabi/lib/thumb/v7-m/nofp/libcr_c.a(alloc.o)
                              ./freertos/src/heap_3.o (malloc)
/usr/local/mcuxpressoide-11.1.0_3209/ide/plugins/com.nxp.mcuxpresso.tools.linux_11.1.0.201909161352/tools/bin/../lib/gcc/arm-none-eabi/8.3.1/../../../../arm-none-eabi/lib/thumb/v7-m/nofp/libcr_c.a(fpprintf.o)
                              ./example/src/P-C-individual.o (sprintf)
/usr/local/mcuxpressoide-11.1.0_3209/ide/plugins/com.nxp.mcuxpresso.tools.linux_11.1.0.201909161352/tools/bin/../lib/gcc/arm-none-eabi/8.3.1/../../../../arm-none-eabi/lib/thumb/v7-m/nofp/libcr_c.a(initio.o)
[...]
Memory Configuration

Name             Origin             Length             Attributes
MFlash512        0x0000000000000000 0x0000000000080000 xr
RamLoc32         0x0000000010000000 0x0000000000008000 xrw
RamAHB32         0x000000002007c000 0x0000000000008000 xrw
*default*        0x0000000000000000 0xffffffffffffffff

Linker script and memory map

LOAD ./freertos/src/FreeRTOSCommonHooks.o
LOAD ./freertos/src/heap_3.o
LOAD ./freertos/src/list.o
LOAD ./freertos/src/port.o
LOAD ./freertos/src/queue.o
LOAD ./freertos/src/tasks.o
LOAD ./example/src/P-C-individual.o
LOAD ./example/src/cr_startup_lpc175x_6x.o
LOAD ./example/src/sysinit.o
LOAD /home/nico/Documents/MCUXpresso_11.1.0_3209/workspace/lpcopen_2_10_lpcxpresso_nxp_lpcxpresso_1769.zip_expanded/lpc_board_nxp_lpcxpresso_1769/Debug/liblpc_board_nxp_lpcxpresso_1769.a
LOAD /home/nico/Documents/MCUXpresso_11.1.0_3209/workspace/lpcopen_2_10_lpcxpresso_nxp_lpcxpresso_1769.zip_expanded/lpc_chip_175x_6x/Debug/liblpc_chip_175x_6x.a
START GROUP
LOAD /usr/local/mcuxpressoide-11.1.0_3209/ide/plugins/com.nxp.mcuxpresso.tools.linux_11.1.0.201909161352/tools/bin/../lib/gcc/arm-none-eabi/8.3.1/../../../../arm-none-eabi/lib/thumb/v7-m/nofp/libcr_nohost_nf.a
LOAD /usr/local/mcuxpressoide-11.1.0_3209/ide/plugins/com.nxp.mcuxpresso.tools.linux_11.1.0.201909161352/tools/bin/../lib/gcc/arm-none-eabi/8.3.1/../../../../arm-none-eabi/lib/thumb/v7-m/nofp/libcr_c.a
LOAD /usr/local/mcuxpressoide-11.1.0_3209/ide/plugins/com.nxp.mcuxpresso.tools.linux_11.1.0.201909161352/tools/bin/../lib/gcc/arm-none-eabi/8.3.1/thumb/v7-m/nofp/libcr_eabihelpers.a
LOAD /usr/local/mcuxpressoide-11.1.0_3209/ide/plugins/com.nxp.mcuxpresso.tools.linux_11.1.0.201909161352/tools/bin/../lib/gcc/arm-none-eabi/8.3.1/thumb/v7-m/nofp/libgcc.a
END GROUP
                0x0000000000000000                __base_MFlash512 = 0x0
                0x0000000000000000                __base_Flash = 0x0
                0x0000000000080000                __top_MFlash512 = 0x80000
                0x0000000000080000                __top_Flash = 0x80000
                0x0000000010000000                __base_RamLoc32 = 0x10000000
                0x0000000010000000                __base_RAM = 0x10000000
                0x0000000010008000                __top_RamLoc32 = 0x10008000
                0x0000000010008000                __top_RAM = 0x10008000
                0x000000002007c000                __base_RamAHB32 = 0x2007c000
                0x000000002007c000                __base_RAM2 = 0x2007c000
                0x0000000020084000                __top_RamAHB32 = 0x20084000
                0x0000000020084000                __top_RAM2 = 0x20084000

.text           0x0000000000000000     0x43d0
 FILL mask 0xff
                0x0000000000000000                __vectors_start__ = ABSOLUTE (.)
 *(.isr_vector)
 .isr_vector    0x0000000000000000       0xcc ./example/src/cr_startup_lpc175x_6x.o
                0x0000000000000000                g_pfnVectors
                0x00000000000000cc                . = ALIGN (0x4)
                0x00000000000000cc                __section_table_start = .
                0x00000000000000cc                __data_section_table = .
                0x00000000000000cc        0x4 LONG 0x43d0 LOADADDR (.data)
                0x00000000000000d0        0x4 LONG 0x10000000 ADDR (.data)
                0x00000000000000d4        0x4 LONG 0x8 SIZEOF (.data)
                0x00000000000000d8        0x4 LONG 0x43d0 LOADADDR (.data_RAM2)
                0x00000000000000dc        0x4 LONG 0x2007c000 ADDR (.data_RAM2)
                0x00000000000000e0        0x4 LONG 0x0 SIZEOF (.data_RAM2)
                0x00000000000000e4                __data_section_table_end = .
                0x00000000000000e4                __bss_section_table = .
                0x00000000000000e4        0x4 LONG 0x10000008 ADDR (.bss)
                0x00000000000000e8        0x4 LONG 0x308 SIZEOF (.bss)
                0x00000000000000ec        0x4 LONG 0x2007c000 ADDR (.bss_RAM2)
                0x00000000000000f0        0x4 LONG 0x0 SIZEOF (.bss_RAM2)
                0x00000000000000f4                __bss_section_table_end = .
                0x00000000000000f4                __section_table_end = .
 *(.after_vectors*)
 .after_vectors
                0x00000000000000f4      0x12c ./example/src/cr_startup_lpc175x_6x.o
                0x00000000000000f4                data_init
                0x0000000000000136                bss_init
                0x000000000000016c                ResetISR
                0x00000000000001e4                NMI_Handler
                0x00000000000001ea                HardFault_Handler
                0x00000000000001f0                MemManage_Handler
                0x00000000000001f6                BusFault_Handler
                0x00000000000001fc                UsageFault_Handler
                0x0000000000000208                DebugMon_Handler
                0x000000000000021a                TIMER2_IRQHandler
                0x000000000000021a                RIT_IRQHandler
                0x000000000000021a                I2C0_IRQHandler
                0x000000000000021a                USBActivity_IRQHandler
                0x000000000000021a                PWM1_IRQHandler
                0x000000000000021a                I2C1_IRQHandler
                0x000000000000021a                EINT2_IRQHandler
                0x000000000000021a                UART1_IRQHandler
                0x000000000000021a                EINT3_IRQHandler
                0x000000000000021a                CANActivity_IRQHandler
                0x000000000000021a                TIMER3_IRQHandler
                0x000000000000021a                UART0_IRQHandler
                0x000000000000021a                IntDefaultHandler
                0x000000000000021a                PLL0_IRQHandler
                0x000000000000021a                CAN_IRQHandler
                0x000000000000021a                PLL1_IRQHandler
                0x000000000000021a                SSP0_IRQHandler
                0x000000000000021a                I2S_IRQHandler
                0x000000000000021a                I2C2_IRQHandler
                0x000000000000021a                RTC_IRQHandler
                0x000000000000021a                TIMER0_IRQHandler
                0x000000000000021a                SPI_IRQHandler
                0x000000000000021a                EINT1_IRQHandler
                0x000000000000021a                TIMER1_IRQHandler
                0x000000000000021a                UART2_IRQHandler
                0x000000000000021a                ADC_IRQHandler
                0x000000000000021a                SSP1_IRQHandler
                0x000000000000021a                USB_IRQHandler
                0x000000000000021a                BOD_IRQHandler
                0x000000000000021a                WDT_IRQHandler
                0x000000000000021a                QEI_IRQHandler
                0x000000000000021a                EINT0_IRQHandler
                0x000000000000021a                ETH_IRQHandler
                0x000000000000021a                DMA_IRQHandler
                0x000000000000021a                UART3_IRQHandler
                0x000000000000021a                MCPWM_IRQHandler
 *(.text*)
 .text.vApplicationIdleHook
                0x0000000000000220        0xe ./freertos/src/FreeRTOSCommonHooks.o
                0x0000000000000220                vApplicationIdleHook
 .text.pvPortMalloc
                0x000000000000022e       0x22 ./freertos/src/heap_3.o
                0x000000000000022e                pvPortMalloc
 .text.vPortFree
                0x0000000000000250       0x24 ./freertos/src/heap_3.o
                0x0000000000000250                vPortFree
 .text.vListInitialise
                0x0000000000000274       0x3e ./freertos/src/list.o
                0x0000000000000274                vListInitialise
 .text.vListInitialiseItem
                0x00000000000002b2       0x18 ./freertos/src/list.o
                0x00000000000002b2                vListInitialiseItem
 .text.vListInsertEnd
                0x00000000000002ca       0x46 ./freertos/src/list.o
                0x00000000000002ca                vListInsertEnd
 .text.vListInsert
                0x0000000000000310       0x70 ./freertos/src/list.o
                0x0000000000000310                vListInsert
 .text.uxListRemove
                0x0000000000000380       0x52 ./freertos/src/list.o
                0x0000000000000380                uxListRemove
 *fill*         0x00000000000003d2        0x2 ff
 .text.pxPortInitialiseStack
                0x00000000000003d4       0x54 ./freertos/src/port.o
                0x00000000000003d4                pxPortInitialiseStack
 .text.prvTaskExitError
                0x0000000000000428        0xa ./freertos/src/port.o
 *fill*         0x0000000000000432        0x2 ff
 .text.SVC_Handler
                0x0000000000000434       0x24 ./freertos/src/port.o
                0x0000000000000434                SVC_Handler
 .text.prvPortStartFirstTask
                0x0000000000000458       0x18 ./freertos/src/port.o
 .text.xPortStartScheduler
                0x0000000000000470       0x38 ./freertos/src/port.o
                0x0000000000000470                xPortStartScheduler
 .text.vPortYield
                0x00000000000004a8       0x20 ./freertos/src/port.o
                0x00000000000004a8                vPortYield
 .text.vPortEnterCritical
                0x00000000000004c8       0x24 ./freertos/src/port.o
                0x00000000000004c8                vPortEnterCritical
 .text.vPortExitCritical
                0x00000000000004ec       0x24 ./freertos/src/port.o
                0x00000000000004ec                vPortExitCritical
 .text.ulPortSetInterruptMask
                0x0000000000000510       0x12 ./freertos/src/port.o
                0x0000000000000510                ulPortSetInterruptMask
 .text.vPortClearInterruptMask
                0x0000000000000522        0x8 ./freertos/src/port.o
                0x0000000000000522                vPortClearInterruptMask
 *fill*         0x000000000000052a        0x2 ff
 .text.PendSV_Handler
                0x000000000000052c       0x40 ./freertos/src/port.o
                0x000000000000052c                PendSV_Handler
 .text.SysTick_Handler
                0x000000000000056c       0x28 ./freertos/src/port.o
                0x000000000000056c                SysTick_Handler
 .text.vPortSuppressTicksAndSleep
                0x0000000000000594      0x15c ./freertos/src/port.o
                0x0000000000000594                vPortSuppressTicksAndSleep
 .text.vPortSetupTimerInterrupt
                0x00000000000006f0       0x68 ./freertos/src/port.o
                0x00000000000006f0                vPortSetupTimerInterrupt
 .text.xTaskGenericCreate
                0x0000000000000758      0x140 ./freertos/src/tasks.o
                0x0000000000000758                xTaskGenericCreate
 .text.vTaskDelay
                0x0000000000000898       0x54 ./freertos/src/tasks.o
                0x0000000000000898                vTaskDelay
 .text.vTaskStartScheduler
                0x00000000000008ec       0x58 ./freertos/src/tasks.o
                0x00000000000008ec                vTaskStartScheduler
 .text.vTaskSuspendAll
                0x0000000000000944       0x1c ./freertos/src/tasks.o
                0x0000000000000944                vTaskSuspendAll
 .text.prvGetExpectedIdleTime
                0x0000000000000960       0x4c ./freertos/src/tasks.o
 .text.xTaskResumeAll
                0x00000000000009ac       0xfc ./freertos/src/tasks.o
                0x00000000000009ac                xTaskResumeAll
 .text.vTaskStepTick
                0x0000000000000aa8       0x24 ./freertos/src/tasks.o
                0x0000000000000aa8                vTaskStepTick
 .text.xTaskIncrementTick
                0x0000000000000acc      0x18c ./freertos/src/tasks.o
                0x0000000000000acc                xTaskIncrementTick
 .text.vTaskSwitchContext
                0x0000000000000c58       0x98 ./freertos/src/tasks.o
                0x0000000000000c58                vTaskSwitchContext
 .text.prvIdleTask
                0x0000000000000cf0       0x48 ./freertos/src/tasks.o
 .text.eTaskConfirmSleepModeStatus
                0x0000000000000d38       0x5c ./freertos/src/tasks.o
                0x0000000000000d38                eTaskConfirmSleepModeStatus
 .text.prvInitialiseTCBVariables
                0x0000000000000d94       0x98 ./freertos/src/tasks.o
 .text.prvInitialiseTaskLists
                0x0000000000000e2c       0x80 ./freertos/src/tasks.o
 .text.prvCheckTasksWaitingTermination
                0x0000000000000eac       0x78 ./freertos/src/tasks.o
 .text.prvAddCurrentTaskToDelayedList
                0x0000000000000f24       0x6c ./freertos/src/tasks.o
 .text.prvAllocateTCBAndStack
                0x0000000000000f90       0x62 ./freertos/src/tasks.o
 .text.prvDeleteTCB
                0x0000000000000ff2       0x20 ./freertos/src/tasks.o
 .text.prvSetupHardware
                0x0000000000001012       0x10 ./example/src/P-C-individual.o
 *fill*         0x0000000000001022        0x2 ff
 .text.producer
                0x0000000000001024       0x4c ./example/src/P-C-individual.o
 .text.consumer
                0x0000000000001070       0x54 ./example/src/P-C-individual.o
 .text.main     0x00000000000010c4       0x60 ./example/src/P-C-individual.o
                0x00000000000010c4                main
 .text.SystemInit
                0x0000000000001124       0x24 ./example/src/sysinit.o
                0x0000000000001124                SystemInit
 .text.Chip_IOCON_Init
                0x0000000000001148       0x16 /home/nico/Documents/MCUXpresso_11.1.0_3209/workspace/lpcopen_2_10_lpcxpresso_nxp_lpcxpresso_1769.zip_expanded/lpc_board_nxp_lpcxpresso_1769/Debug/liblpc_board_nxp_lpcxpresso_1769.a(board.o)
 .text.Chip_GPIO_Init
                0x000000000000115e       0x16 /home/nico/Documents/MCUXpresso_11.1.0_3209/workspace/lpcopen_2_10_lpcxpresso_nxp_lpcxpresso_1769.zip_expanded/lpc_board_nxp_lpcxpresso_1769/Debug/liblpc_board_nxp_lpcxpresso_1769.a(board.o)
 .text.Chip_GPIO_SetPinDIROutput
                0x0000000000001174       0x36 /home/nico/Documents/MCUXpresso_11.1.0_3209/workspace/lpcopen_2_10_lpcxpresso_nxp_lpcxpresso_1769.zip_expanded/lpc_board_nxp_lpcxpresso_1769/Debug/liblpc_board_nxp_lpcxpresso_1769.a(board.o)
 .text.Chip_GPIO_SetPinDIRInput
                0x00000000000011aa       0x3a /home/nico/Documents/MCUXpresso_11.1.0_3209/workspace/lpcopen_2_10_lpcxpresso_nxp_lpcxpresso_1769.zip_expanded/lpc_board_nxp_lpcxpresso_1769/Debug/liblpc_board_nxp_lpcxpresso_1769.a(board.o)
 .text.Chip_GPIO_SetPinDIR
                0x00000000000011e4       0x42 /home/nico/Documents/MCUXpresso_11.1.0_3209/workspace/lpcopen_2_10_lpcxpresso_nxp_lpcxpresso_1769.zip_expanded/lpc_board_nxp_lpcxpresso_1769/Debug/liblpc_board_nxp_lpcxpresso_1769.a(board.o)
 .text.Chip_GPIO_WriteDirBit
                0x0000000000001226       0x2e /home/nico/Documents/MCUXpresso_11.1.0_3209/workspace/lpcopen_2_10_lpcxpresso_nxp_lpcxpresso_1769.zip_expanded/lpc_board_nxp_lpcxpresso_1769/Debug/liblpc_board_nxp_lpcxpresso_1769.a(board.o)
 .text.Chip_UART_SendByte
                0x0000000000001254       0x1c /home/nico/Documents/MCUXpresso_11.1.0_3209/workspace/lpcopen_2_10_lpcxpresso_nxp_lpcxpresso_1769.zip_expanded/lpc_board_nxp_lpcxpresso_1769/Debug/liblpc_board_nxp_lpcxpresso_1769.a(board.o)
 .text.Chip_UART_ConfigData
                0x0000000000001270       0x1a /home/nico/Documents/MCUXpresso_11.1.0_3209/workspace/lpcopen_2_10_lpcxpresso_nxp_lpcxpresso_1769.zip_expanded/lpc_board_nxp_lpcxpresso_1769/Debug/liblpc_board_nxp_lpcxpresso_1769.a(board.o)
 .text.Chip_UART_ReadLineStatus
                0x000000000000128a       0x16 /home/nico/Documents/MCUXpresso_11.1.0_3209/workspace/lpcopen_2_10_lpcxpresso_nxp_lpcxpresso_1769.zip_expanded/lpc_board_nxp_lpcxpresso_1769/Debug/liblpc_board_nxp_lpcxpresso_1769.a(board.o)
 .text.__sys_write
                0x00000000000012a0       0x38 /home/nico/Documents/MCUXpresso_11.1.0_3209/workspace/lpcopen_2_10_lpcxpresso_nxp_lpcxpresso_1769.zip_expanded/lpc_board_nxp_lpcxpresso_1769/Debug/liblpc_board_nxp_lpcxpresso_1769.a(board.o)
                0x00000000000012a0                __sys_write
 .text.Board_LED_Init
                0x00000000000012d8       0x18 /home/nico/Documents/MCUXpresso_11.1.0_3209/workspace/lpcopen_2_10_lpcxpresso_nxp_lpcxpresso_1769.zip_expanded/lpc_board_nxp_lpcxpresso_1769/Debug/liblpc_board_nxp_lpcxpresso_1769.a(board.o)
 .text.Board_UART_Init
                0x00000000000012f0       0x12 /home/nico/Documents/MCUXpresso_11.1.0_3209/workspace/lpcopen_2_10_lpcxpresso_nxp_lpcxpresso_1769.zip_expanded/lpc_board_nxp_lpcxpresso_1769/Debug/liblpc_board_nxp_lpcxpresso_1769.a(board.o)
                0x00000000000012f0                Board_UART_Init
 *fill*         0x0000000000001302        0x2 ff
 .text.Board_Debug_Init
                0x0000000000001304       0x30 /home/nico/Documents/MCUXpresso_11.1.0_3209/workspace/lpcopen_2_10_lpcxpresso_nxp_lpcxpresso_1769.zip_expanded/lpc_board_nxp_lpcxpresso_1769/Debug/liblpc_board_nxp_lpcxpresso_1769.a(board.o)
                0x0000000000001304                Board_Debug_Init
 .text.Board_UARTPutChar
                0x0000000000001334       0x34 /home/nico/Documents/MCUXpresso_11.1.0_3209/workspace/lpcopen_2_10_lpcxpresso_nxp_lpcxpresso_1769.zip_expanded/lpc_board_nxp_lpcxpresso_1769/Debug/liblpc_board_nxp_lpcxpresso_1769.a(board.o)
                0x0000000000001334                Board_UARTPutChar
 .text.Board_Init
                0x0000000000001368       0x24 /home/nico/Documents/MCUXpresso_11.1.0_3209/workspace/lpcopen_2_10_lpcxpresso_nxp_lpcxpresso_1769.zip_expanded/lpc_board_nxp_lpcxpresso_1769/Debug/liblpc_board_nxp_lpcxpresso_1769.a(board.o)
                0x0000000000001368                Board_Init
 .text.Chip_SYSCTL_SetFLASHAccess
                0x000000000000138c       0x30 /home/nico/Documents/MCUXpresso_11.1.0_3209/workspace/lpcopen_2_10_lpcxpresso_nxp_lpcxpresso_1769.zip_expanded/lpc_board_nxp_lpcxpresso_1769/Debug/liblpc_board_nxp_lpcxpresso_1769.a(board_sysinit.o)
 .text.Board_SetupMuxing
                0x00000000000013bc       0x1c /home/nico/Documents/MCUXpresso_11.1.0_3209/workspace/lpcopen_2_10_lpcxpresso_nxp_lpcxpresso_1769.zip_expanded/lpc_board_nxp_lpcxpresso_1769/Debug/liblpc_board_nxp_lpcxpresso_1769.a(board_sysinit.o)
                0x00000000000013bc                Board_SetupMuxing
 .text.Board_SetupClocking
                0x00000000000013d8       0x12 /home/nico/Documents/MCUXpresso_11.1.0_3209/workspace/lpcopen_2_10_lpcxpresso_nxp_lpcxpresso_1769.zip_expanded/lpc_board_nxp_lpcxpresso_1769/Debug/liblpc_board_nxp_lpcxpresso_1769.a(board_sysinit.o)
                0x00000000000013d8                Board_SetupClocking
 .text.Board_SystemInit
                0x00000000000013ea       0x10 /home/nico/Documents/MCUXpresso_11.1.0_3209/workspace/lpcopen_2_10_lpcxpresso_nxp_lpcxpresso_1769.zip_expanded/lpc_board_nxp_lpcxpresso_1769/Debug/liblpc_board_nxp_lpcxpresso_1769.a(board_sysinit.o)
                0x00000000000013ea                Board_SystemInit
 *fill*         0x00000000000013fa        0x2 ff
 .text.SystemCoreClockUpdate
                0x00000000000013fc       0x18 /home/nico/Documents/MCUXpresso_11.1.0_3209/workspace/lpcopen_2_10_lpcxpresso_nxp_lpcxpresso_1769.zip_expanded/lpc_chip_175x_6x/Debug/liblpc_chip_175x_6x.a(chip_17xx_40xx.o)
                0x00000000000013fc                SystemCoreClockUpdate
 .text.Chip_Clock_IsMainPLLEnabled
                0x0000000000001414       0x24 /home/nico/Documents/MCUXpresso_11.1.0_3209/workspace/lpcopen_2_10_lpcxpresso_nxp_lpcxpresso_1769.zip_expanded/lpc_chip_175x_6x/Debug/liblpc_chip_175x_6x.a(clock_17xx_40xx.o)
 .text.Chip_Clock_IsMainPLLConnected
                0x0000000000001438       0x24 /home/nico/Documents/MCUXpresso_11.1.0_3209/workspace/lpcopen_2_10_lpcxpresso_nxp_lpcxpresso_1769.zip_expanded/lpc_chip_175x_6x/Debug/liblpc_chip_175x_6x.a(clock_17xx_40xx.o)
 .text.Chip_Clock_FeedPLL
                0x000000000000145c       0x34 /home/nico/Documents/MCUXpresso_11.1.0_3209/workspace/lpcopen_2_10_lpcxpresso_nxp_lpcxpresso_1769.zip_expanded/lpc_chip_175x_6x/Debug/liblpc_chip_175x_6x.a(clock_17xx_40xx.o)
 .text.Chip_Clock_GetMainPLLSource
                0x0000000000001490       0x20 /home/nico/Documents/MCUXpresso_11.1.0_3209/workspace/lpcopen_2_10_lpcxpresso_nxp_lpcxpresso_1769.zip_expanded/lpc_chip_175x_6x/Debug/liblpc_chip_175x_6x.a(clock_17xx_40xx.o)
 .text.Chip_Clock_GetMainOscRate
                0x00000000000014b0       0x14 /home/nico/Documents/MCUXpresso_11.1.0_3209/workspace/lpcopen_2_10_lpcxpresso_nxp_lpcxpresso_1769.zip_expanded/lpc_chip_175x_6x/Debug/liblpc_chip_175x_6x.a(clock_17xx_40xx.o)
 .text.Chip_Clock_GetIntOscRate
                0x00000000000014c4       0x14 /home/nico/Documents/MCUXpresso_11.1.0_3209/workspace/lpcopen_2_10_lpcxpresso_nxp_lpcxpresso_1769.zip_expanded/lpc_chip_175x_6x/Debug/liblpc_chip_175x_6x.a(clock_17xx_40xx.o)
 .text.Chip_Clock_GetRTCOscRate
                0x00000000000014d8       0x14 /home/nico/Documents/MCUXpresso_11.1.0_3209/workspace/lpcopen_2_10_lpcxpresso_nxp_lpcxpresso_1769.zip_expanded/lpc_chip_175x_6x/Debug/liblpc_chip_175x_6x.a(clock_17xx_40xx.o)
 .text.Chip_Clock_GetMainPLLInClockRate
                0x00000000000014ec        0xe /home/nico/Documents/MCUXpresso_11.1.0_3209/workspace/lpcopen_2_10_lpcxpresso_nxp_lpcxpresso_1769.zip_expanded/lpc_chip_175x_6x/Debug/liblpc_chip_175x_6x.a(clock_17xx_40xx.o)
 *fill*         0x00000000000014fa        0x2 ff
 .text.Chip_Clock_EnablePLL
                0x00000000000014fc       0x44 /home/nico/Documents/MCUXpresso_11.1.0_3209/workspace/lpcopen_2_10_lpcxpresso_nxp_lpcxpresso_1769.zip_expanded/lpc_chip_175x_6x/Debug/liblpc_chip_175x_6x.a(clock_17xx_40xx.o)
                0x00000000000014fc                Chip_Clock_EnablePLL
 .text.Chip_Clock_DisablePLL
                0x0000000000001540       0x48 /home/nico/Documents/MCUXpresso_11.1.0_3209/workspace/lpcopen_2_10_lpcxpresso_nxp_lpcxpresso_1769.zip_expanded/lpc_chip_175x_6x/Debug/liblpc_chip_175x_6x.a(clock_17xx_40xx.o)
                0x0000000000001540                Chip_Clock_DisablePLL
 .text.Chip_Clock_SetupPLL
                0x0000000000001588       0x5c /home/nico/Documents/MCUXpresso_11.1.0_3209/workspace/lpcopen_2_10_lpcxpresso_nxp_lpcxpresso_1769.zip_expanded/lpc_chip_175x_6x/Debug/liblpc_chip_175x_6x.a(clock_17xx_40xx.o)
                0x0000000000001588                Chip_Clock_SetupPLL
 .text.Chip_Clock_EnablePeriphClock
                0x00000000000015e4       0x34 /home/nico/Documents/MCUXpresso_11.1.0_3209/workspace/lpcopen_2_10_lpcxpresso_nxp_lpcxpresso_1769.zip_expanded/lpc_chip_175x_6x/Debug/liblpc_chip_175x_6x.a(clock_17xx_40xx.o)
                0x00000000000015e4                Chip_Clock_EnablePeriphClock
 .text.Chip_Clock_GetCPUClockSource
                0x0000000000001618       0x24 /home/nico/Documents/MCUXpresso_11.1.0_3209/workspace/lpcopen_2_10_lpcxpresso_nxp_lpcxpresso_1769.zip_expanded/lpc_chip_175x_6x/Debug/liblpc_chip_175x_6x.a(clock_17xx_40xx.o)
                0x0000000000001618                Chip_Clock_GetCPUClockSource
 .text.Chip_Clock_SetCPUClockDiv
                0x000000000000163c       0x20 /home/nico/Documents/MCUXpresso_11.1.0_3209/workspace/lpcopen_2_10_lpcxpresso_nxp_lpcxpresso_1769.zip_expanded/lpc_chip_175x_6x/Debug/liblpc_chip_175x_6x.a(clock_17xx_40xx.o)
                0x000000000000163c                Chip_Clock_SetCPUClockDiv
 .text.Chip_Clock_GetCPUClockDiv
                0x000000000000165c       0x1c /home/nico/Documents/MCUXpresso_11.1.0_3209/workspace/lpcopen_2_10_lpcxpresso_nxp_lpcxpresso_1769.zip_expanded/lpc_chip_175x_6x/Debug/liblpc_chip_175x_6x.a(clock_17xx_40xx.o)
                0x000000000000165c                Chip_Clock_GetCPUClockDiv
 .text.Chip_Clock_GetPCLKDiv
                0x0000000000001678       0x8c /home/nico/Documents/MCUXpresso_11.1.0_3209/workspace/lpcopen_2_10_lpcxpresso_nxp_lpcxpresso_1769.zip_expanded/lpc_chip_175x_6x/Debug/liblpc_chip_175x_6x.a(clock_17xx_40xx.o)
                0x0000000000001678                Chip_Clock_GetPCLKDiv
 .text.Chip_Clock_GetSYSCLKRate
                0x0000000000001704       0x34 /home/nico/Documents/MCUXpresso_11.1.0_3209/workspace/lpcopen_2_10_lpcxpresso_nxp_lpcxpresso_1769.zip_expanded/lpc_chip_175x_6x/Debug/liblpc_chip_175x_6x.a(clock_17xx_40xx.o)
                0x0000000000001704                Chip_Clock_GetSYSCLKRate
 .text.Chip_Clock_GetMainPLLOutClockRate
                0x0000000000001738       0x54 /home/nico/Documents/MCUXpresso_11.1.0_3209/workspace/lpcopen_2_10_lpcxpresso_nxp_lpcxpresso_1769.zip_expanded/lpc_chip_175x_6x/Debug/liblpc_chip_175x_6x.a(clock_17xx_40xx.o)
                0x0000000000001738                Chip_Clock_GetMainPLLOutClockRate
 .text.Chip_Clock_GetMainClockRate
                0x000000000000178c       0x28 /home/nico/Documents/MCUXpresso_11.1.0_3209/workspace/lpcopen_2_10_lpcxpresso_nxp_lpcxpresso_1769.zip_expanded/lpc_chip_175x_6x/Debug/liblpc_chip_175x_6x.a(clock_17xx_40xx.o)
                0x000000000000178c                Chip_Clock_GetMainClockRate
 .text.Chip_Clock_GetSystemClockRate
                0x00000000000017b4       0x18 /home/nico/Documents/MCUXpresso_11.1.0_3209/workspace/lpcopen_2_10_lpcxpresso_nxp_lpcxpresso_1769.zip_expanded/lpc_chip_175x_6x/Debug/liblpc_chip_175x_6x.a(clock_17xx_40xx.o)
                0x00000000000017b4                Chip_Clock_GetSystemClockRate
 .text.Chip_Clock_GetPeripheralClockRate
                0x00000000000017cc       0x26 /home/nico/Documents/MCUXpresso_11.1.0_3209/workspace/lpcopen_2_10_lpcxpresso_nxp_lpcxpresso_1769.zip_expanded/lpc_chip_175x_6x/Debug/liblpc_chip_175x_6x.a(clock_17xx_40xx.o)
                0x00000000000017cc                Chip_Clock_GetPeripheralClockRate
 .text.Chip_IOCON_PinMuxSet
                0x00000000000017f2       0x36 /home/nico/Documents/MCUXpresso_11.1.0_3209/workspace/lpcopen_2_10_lpcxpresso_nxp_lpcxpresso_1769.zip_expanded/lpc_chip_175x_6x/Debug/liblpc_chip_175x_6x.a(iocon_17xx_40xx.o)
                0x00000000000017f2                Chip_IOCON_PinMuxSet
 .text.Chip_IOCON_PinMux
                0x0000000000001828       0x94 /home/nico/Documents/MCUXpresso_11.1.0_3209/workspace/lpcopen_2_10_lpcxpresso_nxp_lpcxpresso_1769.zip_expanded/lpc_chip_175x_6x/Debug/liblpc_chip_175x_6x.a(iocon_17xx_40xx.o)
                0x0000000000001828                Chip_IOCON_PinMux
 .text.Chip_IOCON_SetPinMuxing
                0x00000000000018bc       0x62 /home/nico/Documents/MCUXpresso_11.1.0_3209/workspace/lpcopen_2_10_lpcxpresso_nxp_lpcxpresso_1769.zip_expanded/lpc_chip_175x_6x/Debug/liblpc_chip_175x_6x.a(iocon_17xx_40xx.o)
                0x00000000000018bc                Chip_IOCON_SetPinMuxing
 *fill*         0x000000000000191e        0x2 ff
 .text.Chip_Clock_IsMainPLLEnabled
                0x0000000000001920       0x24 /home/nico/Documents/MCUXpresso_11.1.0_3209/workspace/lpcopen_2_10_lpcxpresso_nxp_lpcxpresso_1769.zip_expanded/lpc_chip_175x_6x/Debug/liblpc_chip_175x_6x.a(sysinit_17xx_40xx.o)
 .text.Chip_Clock_IsMainPLLLocked
                0x0000000000001944       0x24 /home/nico/Documents/MCUXpresso_11.1.0_3209/workspace/lpcopen_2_10_lpcxpresso_nxp_lpcxpresso_1769.zip_expanded/lpc_chip_175x_6x/Debug/liblpc_chip_175x_6x.a(sysinit_17xx_40xx.o)
 .text.Chip_Clock_IsMainPLLConnected
                0x0000000000001968       0x24 /home/nico/Documents/MCUXpresso_11.1.0_3209/workspace/lpcopen_2_10_lpcxpresso_nxp_lpcxpresso_1769.zip_expanded/lpc_chip_175x_6x/Debug/liblpc_chip_175x_6x.a(sysinit_17xx_40xx.o)
 .text.Chip_Clock_EnableCrystal
                0x000000000000198c       0x20 /home/nico/Documents/MCUXpresso_11.1.0_3209/workspace/lpcopen_2_10_lpcxpresso_nxp_lpcxpresso_1769.zip_expanded/lpc_chip_175x_6x/Debug/liblpc_chip_175x_6x.a(sysinit_17xx_40xx.o)
 .text.Chip_Clock_IsCrystalEnabled
                0x00000000000019ac       0x24 /home/nico/Documents/MCUXpresso_11.1.0_3209/workspace/lpcopen_2_10_lpcxpresso_nxp_lpcxpresso_1769.zip_expanded/lpc_chip_175x_6x/Debug/liblpc_chip_175x_6x.a(sysinit_17xx_40xx.o)
 .text.Chip_Clock_SetMainPLLSource
                0x00000000000019d0       0x20 /home/nico/Documents/MCUXpresso_11.1.0_3209/workspace/lpcopen_2_10_lpcxpresso_nxp_lpcxpresso_1769.zip_expanded/lpc_chip_175x_6x/Debug/liblpc_chip_175x_6x.a(sysinit_17xx_40xx.o)
 .text.Chip_SetupXtalClocking
                0x00000000000019f0       0x90 /home/nico/Documents/MCUXpresso_11.1.0_3209/workspace/lpcopen_2_10_lpcxpresso_nxp_lpcxpresso_1769.zip_expanded/lpc_chip_175x_6x/Debug/liblpc_chip_175x_6x.a(sysinit_17xx_40xx.o)
                0x00000000000019f0                Chip_SetupXtalClocking
 .text.Chip_UART_SetupFIFOS
                0x0000000000001a80       0x1a /home/nico/Documents/MCUXpresso_11.1.0_3209/workspace/lpcopen_2_10_lpcxpresso_nxp_lpcxpresso_1769.zip_expanded/lpc_chip_175x_6x/Debug/liblpc_chip_175x_6x.a(uart_17xx_40xx.o)
 .text.Chip_UART_ConfigData
                0x0000000000001a9a       0x1a /home/nico/Documents/MCUXpresso_11.1.0_3209/workspace/lpcopen_2_10_lpcxpresso_nxp_lpcxpresso_1769.zip_expanded/lpc_chip_175x_6x/Debug/liblpc_chip_175x_6x.a(uart_17xx_40xx.o)
 .text.Chip_UART_EnableDivisorAccess
                0x0000000000001ab4       0x1e /home/nico/Documents/MCUXpresso_11.1.0_3209/workspace/lpcopen_2_10_lpcxpresso_nxp_lpcxpresso_1769.zip_expanded/lpc_chip_175x_6x/Debug/liblpc_chip_175x_6x.a(uart_17xx_40xx.o)
 .text.Chip_UART_DisableDivisorAccess
                0x0000000000001ad2       0x1e /home/nico/Documents/MCUXpresso_11.1.0_3209/workspace/lpcopen_2_10_lpcxpresso_nxp_lpcxpresso_1769.zip_expanded/lpc_chip_175x_6x/Debug/liblpc_chip_175x_6x.a(uart_17xx_40xx.o)
 .text.Chip_UART_SetDivisorLatches
                0x0000000000001af0       0x26 /home/nico/Documents/MCUXpresso_11.1.0_3209/workspace/lpcopen_2_10_lpcxpresso_nxp_lpcxpresso_1769.zip_expanded/lpc_chip_175x_6x/Debug/liblpc_chip_175x_6x.a(uart_17xx_40xx.o)
 *fill*         0x0000000000001b16        0x2 ff
 .text.Chip_UART_GetClockIndex
                0x0000000000001b18       0x50 /home/nico/Documents/MCUXpresso_11.1.0_3209/workspace/lpcopen_2_10_lpcxpresso_nxp_lpcxpresso_1769.zip_expanded/lpc_chip_175x_6x/Debug/liblpc_chip_175x_6x.a(uart_17xx_40xx.o)
 .text.Chip_UART_GetClkIndex
                0x0000000000001b68       0x50 /home/nico/Documents/MCUXpresso_11.1.0_3209/workspace/lpcopen_2_10_lpcxpresso_nxp_lpcxpresso_1769.zip_expanded/lpc_chip_175x_6x/Debug/liblpc_chip_175x_6x.a(uart_17xx_40xx.o)
 .text.Chip_UART_Init
                0x0000000000001bb8       0x78 /home/nico/Documents/MCUXpresso_11.1.0_3209/workspace/lpcopen_2_10_lpcxpresso_nxp_lpcxpresso_1769.zip_expanded/lpc_chip_175x_6x/Debug/liblpc_chip_175x_6x.a(uart_17xx_40xx.o)
                0x0000000000001bb8                Chip_UART_Init
 .text.Chip_UART_TXEnable
                0x0000000000001c30       0x18 /home/nico/Documents/MCUXpresso_11.1.0_3209/workspace/lpcopen_2_10_lpcxpresso_nxp_lpcxpresso_1769.zip_expanded/lpc_chip_175x_6x/Debug/liblpc_chip_175x_6x.a(uart_17xx_40xx.o)
                0x0000000000001c30                Chip_UART_TXEnable
 .text.Chip_UART_TXDisable
                0x0000000000001c48       0x18 /home/nico/Documents/MCUXpresso_11.1.0_3209/workspace/lpcopen_2_10_lpcxpresso_nxp_lpcxpresso_1769.zip_expanded/lpc_chip_175x_6x/Debug/liblpc_chip_175x_6x.a(uart_17xx_40xx.o)
                0x0000000000001c48                Chip_UART_TXDisable
 .text.Chip_UART_SetBaud
                0x0000000000001c60       0x62 /home/nico/Documents/MCUXpresso_11.1.0_3209/workspace/lpcopen_2_10_lpcxpresso_nxp_lpcxpresso_1769.zip_expanded/lpc_chip_175x_6x/Debug/liblpc_chip_175x_6x.a(uart_17xx_40xx.o)
                0x0000000000001c60                Chip_UART_SetBaud
 .text.__main   0x0000000000001cc2        0xe /usr/local/mcuxpressoide-11.1.0_3209/ide/plugins/com.nxp.mcuxpresso.tools.linux_11.1.0.201909161352/tools/bin/../lib/gcc/arm-none-eabi/8.3.1/../../../../arm-none-eabi/lib/thumb/v7-m/nofp/libcr_nohost_nf.a(_cr__main.o)
                0x0000000000001cc2                __main
 .text.memset   0x0000000000001cd0        0x4 /usr/local/mcuxpressoide-11.1.0_3209/ide/plugins/com.nxp.mcuxpresso.tools.linux_11.1.0.201909161352/tools/bin/../lib/gcc/arm-none-eabi/8.3.1/../../../../arm-none-eabi/lib/thumb/v7-m/nofp/libcr_c.a(memset.o)
                0x0000000000001cd0                memset
 .text.malloc   0x0000000000001cd4       0xc8 /usr/local/mcuxpressoide-11.1.0_3209/ide/plugins/com.nxp.mcuxpresso.tools.linux_11.1.0.201909161352/tools/bin/../lib/gcc/arm-none-eabi/8.3.1/../../../../arm-none-eabi/lib/thumb/v7-m/nofp/libcr_c.a(alloc.o)
                0x0000000000001cd4                malloc
 .text.free     0x0000000000001d9c       0x30 /usr/local/mcuxpressoide-11.1.0_3209/ide/plugins/com.nxp.mcuxpresso.tools.linux_11.1.0.201909161352/tools/bin/../lib/gcc/arm-none-eabi/8.3.1/../../../../arm-none-eabi/lib/thumb/v7-m/nofp/libcr_c.a(alloc.o)
                0x0000000000001d9c                free
 .text._Csys_alloc
                0x0000000000001dcc       0x20 /usr/local/mcuxpressoide-11.1.0_3209/ide/plugins/com.nxp.mcuxpresso.tools.linux_11.1.0.201909161352/tools/bin/../lib/gcc/arm-none-eabi/8.3.1/../../../../arm-none-eabi/lib/thumb/v7-m/nofp/libcr_c.a(alloc.o)
                0x0000000000001dcc                _Csys_alloc
 .text.fp_round
                0x0000000000001dec       0x4c /usr/local/mcuxpressoide-11.1.0_3209/ide/plugins/com.nxp.mcuxpresso.tools.linux_11.1.0.201909161352/tools/bin/../lib/gcc/arm-none-eabi/8.3.1/../../../../arm-none-eabi/lib/thumb/v7-m/nofp/libcr_c.a(fpprintf.o)
 .text.pr_dec.constprop.1
                0x0000000000001e38       0x26 /usr/local/mcuxpressoide-11.1.0_3209/ide/plugins/com.nxp.mcuxpresso.tools.linux_11.1.0.201909161352/tools/bin/../lib/gcc/arm-none-eabi/8.3.1/../../../../arm-none-eabi/lib/thumb/v7-m/nofp/libcr_c.a(fpprintf.o)
 *fill*         0x0000000000001e5e        0x2 ff
 .text.sprintf  0x0000000000001e60       0x6c /usr/local/mcuxpressoide-11.1.0_3209/ide/plugins/com.nxp.mcuxpresso.tools.linux_11.1.0.201909161352/tools/bin/../lib/gcc/arm-none-eabi/8.3.1/../../../../arm-none-eabi/lib/thumb/v7-m/nofp/libcr_c.a(fpprintf.o)
                0x0000000000001e60                sprintf
 *fill*         0x0000000000001ecc        0x4 ff
 .text.fp_display
                0x0000000000001ed0      0x948 /usr/local/mcuxpressoide-11.1.0_3209/ide/plugins/com.nxp.mcuxpresso.tools.linux_11.1.0.201909161352/tools/bin/../lib/gcc/arm-none-eabi/8.3.1/../../../../arm-none-eabi/lib/thumb/v7-m/nofp/libcr_c.a(fpprintf.o)
 .text.vsnprintf
                0x0000000000002818       0x68 /usr/local/mcuxpressoide-11.1.0_3209/ide/plugins/com.nxp.mcuxpresso.tools.linux_11.1.0.201909161352/tools/bin/../lib/gcc/arm-none-eabi/8.3.1/../../../../arm-none-eabi/lib/thumb/v7-m/nofp/libcr_c.a(fpprintf.o)
                0x0000000000002818                vsnprintf
 .text.printf   0x0000000000002880       0x54 /usr/local/mcuxpressoide-11.1.0_3209/ide/plugins/com.nxp.mcuxpresso.tools.linux_11.1.0.201909161352/tools/bin/../lib/gcc/arm-none-eabi/8.3.1/../../../../arm-none-eabi/lib/thumb/v7-m/nofp/libcr_c.a(fpprintf.o)
                0x0000000000002880                printf
 .text._initio  0x00000000000028d4       0x78 /usr/local/mcuxpressoide-11.1.0_3209/ide/plugins/com.nxp.mcuxpresso.tools.linux_11.1.0.201909161352/tools/bin/../lib/gcc/arm-none-eabi/8.3.1/../../../../arm-none-eabi/lib/thumb/v7-m/nofp/libcr_c.a(initio.o)
                0x00000000000028d4                _initio
 .text.__vfprintf
                0x000000000000294c      0xbd4 /usr/local/mcuxpressoide-11.1.0_3209/ide/plugins/com.nxp.mcuxpresso.tools.linux_11.1.0.201909161352/tools/bin/../lib/gcc/arm-none-eabi/8.3.1/../../../../arm-none-eabi/lib/thumb/v7-m/nofp/libcr_c.a(printf.o)
                0x000000000000294c                __vfprintf
 .text.setvbuf  0x0000000000003520       0x40 /usr/local/mcuxpressoide-11.1.0_3209/ide/plugins/com.nxp.mcuxpresso.tools.linux_11.1.0.201909161352/tools/bin/../lib/gcc/arm-none-eabi/8.3.1/../../../../arm-none-eabi/lib/thumb/v7-m/nofp/libcr_c.a(setvbuf.o)
                0x0000000000003520                setvbuf
 .text.strcat   0x0000000000003560       0x20 /usr/local/mcuxpressoide-11.1.0_3209/ide/plugins/com.nxp.mcuxpresso.tools.linux_11.1.0.201909161352/tools/bin/../lib/gcc/arm-none-eabi/8.3.1/../../../../arm-none-eabi/lib/thumb/v7-m/nofp/libcr_c.a(strcat.o)
                0x0000000000003560                strcat
 .text.strlen   0x0000000000003580       0x4c /usr/local/mcuxpressoide-11.1.0_3209/ide/plugins/com.nxp.mcuxpresso.tools.linux_11.1.0.201909161352/tools/bin/../lib/gcc/arm-none-eabi/8.3.1/../../../../arm-none-eabi/lib/thumb/v7-m/nofp/libcr_c.a(strlen.o)
                0x0000000000003580                strlen
 .text._sbrk    0x00000000000035cc       0x3c /usr/local/mcuxpressoide-11.1.0_3209/ide/plugins/com.nxp.mcuxpresso.tools.linux_11.1.0.201909161352/tools/bin/../lib/gcc/arm-none-eabi/8.3.1/../../../../arm-none-eabi/lib/thumb/v7-m/nofp/libcr_c.a(_cr_sbrk.o)
                0x00000000000035cc                _sbrk
 .text._deferredlazyseek
                0x0000000000003608       0x40 /usr/local/mcuxpressoide-11.1.0_3209/ide/plugins/com.nxp.mcuxpresso.tools.linux_11.1.0.201909161352/tools/bin/../lib/gcc/arm-none-eabi/8.3.1/../../../../arm-none-eabi/lib/thumb/v7-m/nofp/libcr_c.a(_deferredlazyseek.o)
                0x0000000000003608                _deferredlazyseek
 .text.__flsbuf
                0x0000000000003648      0x140 /usr/local/mcuxpressoide-11.1.0_3209/ide/plugins/com.nxp.mcuxpresso.tools.linux_11.1.0.201909161352/tools/bin/../lib/gcc/arm-none-eabi/8.3.1/../../../../arm-none-eabi/lib/thumb/v7-m/nofp/libcr_c.a(_deferredlazyseek.o)
                0x0000000000003648                __flsbuf
 .text._fdopen  0x0000000000003788       0x68 /usr/local/mcuxpressoide-11.1.0_3209/ide/plugins/com.nxp.mcuxpresso.tools.linux_11.1.0.201909161352/tools/bin/../lib/gcc/arm-none-eabi/8.3.1/../../../../arm-none-eabi/lib/thumb/v7-m/nofp/libcr_c.a(_fdopen.o)
                0x0000000000003788                _fdopen
 .text._fflush  0x00000000000037f0       0x52 /usr/local/mcuxpressoide-11.1.0_3209/ide/plugins/com.nxp.mcuxpresso.tools.linux_11.1.0.201909161352/tools/bin/../lib/gcc/arm-none-eabi/8.3.1/../../../../arm-none-eabi/lib/thumb/v7-m/nofp/libcr_c.a(_fflush.o)
                0x00000000000037f0                _fflush
 .text._frexpl  0x0000000000003842       0x56 /usr/local/mcuxpressoide-11.1.0_3209/ide/plugins/com.nxp.mcuxpresso.tools.linux_11.1.0.201909161352/tools/bin/../lib/gcc/arm-none-eabi/8.3.1/../../../../arm-none-eabi/lib/thumb/v7-m/nofp/libcr_c.a(_frexpl.o)
                0x0000000000003842                _frexpl
 .text._ldexpl  0x0000000000003898       0x48 /usr/local/mcuxpressoide-11.1.0_3209/ide/plugins/com.nxp.mcuxpresso.tools.linux_11.1.0.201909161352/tools/bin/../lib/gcc/arm-none-eabi/8.3.1/../../../../arm-none-eabi/lib/thumb/v7-m/nofp/libcr_c.a(_ldexpl.o)
                0x0000000000003898                _ldexpl
 .text._Cwritebuf
                0x00000000000038e0       0x6c /usr/local/mcuxpressoide-11.1.0_3209/ide/plugins/com.nxp.mcuxpresso.tools.linux_11.1.0.201909161352/tools/bin/../lib/gcc/arm-none-eabi/8.3.1/../../../../arm-none-eabi/lib/thumb/v7-m/nofp/libcr_c.a(_writebuf.o)
                0x00000000000038e0                _Cwritebuf
 .text.fclose   0x000000000000394c       0x58 /usr/local/mcuxpressoide-11.1.0_3209/ide/plugins/com.nxp.mcuxpresso.tools.linux_11.1.0.201909161352/tools/bin/../lib/gcc/arm-none-eabi/8.3.1/../../../../arm-none-eabi/lib/thumb/v7-m/nofp/libcr_c.a(fclose.o)
                0x000000000000394c                fclose
 .text.fflush   0x00000000000039a4       0x44 /usr/local/mcuxpressoide-11.1.0_3209/ide/plugins/com.nxp.mcuxpresso.tools.linux_11.1.0.201909161352/tools/bin/../lib/gcc/arm-none-eabi/8.3.1/../../../../arm-none-eabi/lib/thumb/v7-m/nofp/libcr_c.a(fflush.o)
                0x00000000000039a4                fflush
 .text.fseek    0x00000000000039e8      0x100 /usr/local/mcuxpressoide-11.1.0_3209/ide/plugins/com.nxp.mcuxpresso.tools.linux_11.1.0.201909161352/tools/bin/../lib/gcc/arm-none-eabi/8.3.1/../../../../arm-none-eabi/lib/thumb/v7-m/nofp/libcr_c.a(fseek.o)
                0x00000000000039e8                fseek
 .text.ftell    0x0000000000003ae8       0x48 /usr/local/mcuxpressoide-11.1.0_3209/ide/plugins/com.nxp.mcuxpresso.tools.linux_11.1.0.201909161352/tools/bin/../lib/gcc/arm-none-eabi/8.3.1/../../../../arm-none-eabi/lib/thumb/v7-m/nofp/libcr_c.a(ftell.o)
                0x0000000000003ae8                ftell
 .text.remove   0x0000000000003b30       0x14 /usr/local/mcuxpressoide-11.1.0_3209/ide/plugins/com.nxp.mcuxpresso.tools.linux_11.1.0.201909161352/tools/bin/../lib/gcc/arm-none-eabi/8.3.1/../../../../arm-none-eabi/lib/thumb/v7-m/nofp/libcr_c.a(remove.o)
                0x0000000000003b30                remove
 .text.__check_heap_overflow
                0x0000000000003b44       0x18 /usr/local/mcuxpressoide-11.1.0_3209/ide/plugins/com.nxp.mcuxpresso.tools.linux_11.1.0.201909161352/tools/bin/../lib/gcc/arm-none-eabi/8.3.1/../../../../arm-none-eabi/lib/thumb/v7-m/nofp/libcr_c.a(_cr_check_heap.o)
                0x0000000000003b44                __check_heap_overflow
 .text._do_fflush
                0x0000000000003b5c       0x40 /usr/local/mcuxpressoide-11.1.0_3209/ide/plugins/com.nxp.mcuxpresso.tools.linux_11.1.0.201909161352/tools/bin/../lib/gcc/arm-none-eabi/8.3.1/../../../../arm-none-eabi/lib/thumb/v7-m/nofp/libcr_c.a(_do_fflush.o)
                0x0000000000003b5c                _do_fflush
 .text.__aeabi_dmul
                0x0000000000003b9c      0x10c /usr/local/mcuxpressoide-11.1.0_3209/ide/plugins/com.nxp.mcuxpresso.tools.linux_11.1.0.201909161352/tools/bin/../lib/gcc/arm-none-eabi/8.3.1/thumb/v7-m/nofp/libcr_eabihelpers.a(double.o)
                0x0000000000003b9c                __aeabi_dmul
 .text.__aeabi_ddiv
                0x0000000000003ca8      0x140 /usr/local/mcuxpressoide-11.1.0_3209/ide/plugins/com.nxp.mcuxpresso.tools.linux_11.1.0.201909161352/tools/bin/../lib/gcc/arm-none-eabi/8.3.1/thumb/v7-m/nofp/libcr_eabihelpers.a(double.o)
                0x0000000000003ca8                __aeabi_ddiv
 .text.__aeabi_dsub
                0x0000000000003de8      0x1a8 /usr/local/mcuxpressoide-11.1.0_3209/ide/plugins/com.nxp.mcuxpresso.tools.linux_11.1.0.201909161352/tools/bin/../lib/gcc/arm-none-eabi/8.3.1/thumb/v7-m/nofp/libcr_eabihelpers.a(double.o)
                0x0000000000003de8                __aeabi_dsub
 .text.__aeabi_dadd
                0x0000000000003f90      0x108 /usr/local/mcuxpressoide-11.1.0_3209/ide/plugins/com.nxp.mcuxpresso.tools.linux_11.1.0.201909161352/tools/bin/../lib/gcc/arm-none-eabi/8.3.1/thumb/v7-m/nofp/libcr_eabihelpers.a(double.o)
                0x0000000000003f90                __aeabi_dadd
 .text.__aeabi_d2iz
                0x0000000000004098       0x40 /usr/local/mcuxpressoide-11.1.0_3209/ide/plugins/com.nxp.mcuxpresso.tools.linux_11.1.0.201909161352/tools/bin/../lib/gcc/arm-none-eabi/8.3.1/thumb/v7-m/nofp/libcr_eabihelpers.a(double.o)
                0x0000000000004098                __aeabi_d2iz
 .text.__bhs_ui2d
                0x00000000000040d8       0x46 /usr/local/mcuxpressoide-11.1.0_3209/ide/plugins/com.nxp.mcuxpresso.tools.linux_11.1.0.201909161352/tools/bin/../lib/gcc/arm-none-eabi/8.3.1/thumb/v7-m/nofp/libcr_eabihelpers.a(double.o)
                0x00000000000040d8                __bhs_ui2d
 .text.__aeabi_i2d
                0x000000000000411e       0x12 /usr/local/mcuxpressoide-11.1.0_3209/ide/plugins/com.nxp.mcuxpresso.tools.linux_11.1.0.201909161352/tools/bin/../lib/gcc/arm-none-eabi/8.3.1/thumb/v7-m/nofp/libcr_eabihelpers.a(double.o)
                0x000000000000411e                __aeabi_i2d
 .text.__aeabi_dcmpeq
                0x0000000000004130       0x2a /usr/local/mcuxpressoide-11.1.0_3209/ide/plugins/com.nxp.mcuxpresso.tools.linux_11.1.0.201909161352/tools/bin/../lib/gcc/arm-none-eabi/8.3.1/thumb/v7-m/nofp/libcr_eabihelpers.a(double.o)
                0x0000000000004130                __aeabi_dcmpeq
 .text.__aeabi_dcmplt
                0x000000000000415a       0x52 /usr/local/mcuxpressoide-11.1.0_3209/ide/plugins/com.nxp.mcuxpresso.tools.linux_11.1.0.201909161352/tools/bin/../lib/gcc/arm-none-eabi/8.3.1/thumb/v7-m/nofp/libcr_eabihelpers.a(double.o)
                0x000000000000415a                __aeabi_dcmplt
 .text.__aeabi_dcmple
                0x00000000000041ac       0x52 /usr/local/mcuxpressoide-11.1.0_3209/ide/plugins/com.nxp.mcuxpresso.tools.linux_11.1.0.201909161352/tools/bin/../lib/gcc/arm-none-eabi/8.3.1/thumb/v7-m/nofp/libcr_eabihelpers.a(double.o)
                0x00000000000041ac                __aeabi_dcmple
 .text.__aeabi_dcmpge
                0x00000000000041fe       0x58 /usr/local/mcuxpressoide-11.1.0_3209/ide/plugins/com.nxp.mcuxpresso.tools.linux_11.1.0.201909161352/tools/bin/../lib/gcc/arm-none-eabi/8.3.1/thumb/v7-m/nofp/libcr_eabihelpers.a(double.o)
                0x00000000000041fe                __aeabi_dcmpge
 .text.__aeabi_memset_lowlevel
                0x0000000000004256       0x32 /usr/local/mcuxpressoide-11.1.0_3209/ide/plugins/com.nxp.mcuxpresso.tools.linux_11.1.0.201909161352/tools/bin/../lib/gcc/arm-none-eabi/8.3.1/thumb/v7-m/nofp/libcr_eabihelpers.a(memcpy.o)
                0x0000000000004256                __aeabi_lowlevel_memset
 .text.__sys_appexit
                0x0000000000004288        0x2 /usr/local/mcuxpressoide-11.1.0_3209/ide/plugins/com.nxp.mcuxpresso.tools.linux_11.1.0.201909161352/tools/bin/../lib/gcc/arm-none-eabi/8.3.1/../../../../arm-none-eabi/lib/thumb/v7-m/nofp/libcr_nohost_nf.a(__sys_appexit.o)
                0x0000000000004288                __exit
                0x0000000000004288                __sys_appexit
 .text.__sys_close
                0x000000000000428a        0x6 /usr/local/mcuxpressoide-11.1.0_3209/ide/plugins/com.nxp.mcuxpresso.tools.linux_11.1.0.201909161352/tools/bin/../lib/gcc/arm-none-eabi/8.3.1/../../../../arm-none-eabi/lib/thumb/v7-m/nofp/libcr_nohost_nf.a(__sys_close.o)
                0x000000000000428a                __sys_close
 .text.__sys_flen
                0x0000000000004290        0x6 /usr/local/mcuxpressoide-11.1.0_3209/ide/plugins/com.nxp.mcuxpresso.tools.linux_11.1.0.201909161352/tools/bin/../lib/gcc/arm-none-eabi/8.3.1/../../../../arm-none-eabi/lib/thumb/v7-m/nofp/libcr_nohost_nf.a(__sys_flen.o)
                0x0000000000004290                __sys_flen
 .text.__sys_istty
                0x0000000000004296        0x6 /usr/local/mcuxpressoide-11.1.0_3209/ide/plugins/com.nxp.mcuxpresso.tools.linux_11.1.0.201909161352/tools/bin/../lib/gcc/arm-none-eabi/8.3.1/../../../../arm-none-eabi/lib/thumb/v7-m/nofp/libcr_nohost_nf.a(__sys_istty.o)
                0x0000000000004296                __sys_istty
 .text.__sys_remove
                0x000000000000429c        0x6 /usr/local/mcuxpressoide-11.1.0_3209/ide/plugins/com.nxp.mcuxpresso.tools.linux_11.1.0.201909161352/tools/bin/../lib/gcc/arm-none-eabi/8.3.1/../../../../arm-none-eabi/lib/thumb/v7-m/nofp/libcr_nohost_nf.a(__sys_remove.o)
                0x000000000000429c                __sys_remove
 .text.__sys_seek
                0x00000000000042a2        0x6 /usr/local/mcuxpressoide-11.1.0_3209/ide/plugins/com.nxp.mcuxpresso.tools.linux_11.1.0.201909161352/tools/bin/../lib/gcc/arm-none-eabi/8.3.1/../../../../arm-none-eabi/lib/thumb/v7-m/nofp/libcr_nohost_nf.a(__sys_seek.o)
                0x00000000000042a2                __sys_seek
 .text.__sys_tmpnam
                0x00000000000042a8        0x6 /usr/local/mcuxpressoide-11.1.0_3209/ide/plugins/com.nxp.mcuxpresso.tools.linux_11.1.0.201909161352/tools/bin/../lib/gcc/arm-none-eabi/8.3.1/../../../../arm-none-eabi/lib/thumb/v7-m/nofp/libcr_nohost_nf.a(__sys_tmpnam.o)
                0x00000000000042a8                __sys_tmpnam
 */tasks.o(.rodata*)
 *fill*         0x00000000000042ae        0x2 ff
 .rodata.vTaskStartScheduler.str1.4
                0x00000000000042b0        0x5 ./freertos/src/tasks.o
 *(.rodata .rodata.* .constdata .constdata.*)
 *fill*         0x00000000000042b5        0x3 ff
 .rodata.producer.str1.4
                0x00000000000042b8        0xe ./example/src/P-C-individual.o
 *fill*         0x00000000000042c6        0x2 ff
 .rodata.consumer.str1.4
                0x00000000000042c8        0xa ./example/src/P-C-individual.o
 *fill*         0x00000000000042d2        0x2 ff
 .rodata.main.str1.4
                0x00000000000042d4       0x10 ./example/src/P-C-individual.o
 .rodata.OscRateIn
                0x00000000000042e4        0x4 /home/nico/Documents/MCUXpresso_11.1.0_3209/workspace/lpcopen_2_10_lpcxpresso_nxp_lpcxpresso_1769.zip_expanded/lpc_board_nxp_lpcxpresso_1769/Debug/liblpc_board_nxp_lpcxpresso_1769.a(board.o)
                0x00000000000042e4                OscRateIn
 .rodata.RTCOscRateIn
                0x00000000000042e8        0x4 /home/nico/Documents/MCUXpresso_11.1.0_3209/workspace/lpcopen_2_10_lpcxpresso_nxp_lpcxpresso_1769.zip_expanded/lpc_board_nxp_lpcxpresso_1769/Debug/liblpc_board_nxp_lpcxpresso_1769.a(board.o)
                0x00000000000042e8                RTCOscRateIn
 .rodata.pinmuxing
                0x00000000000042ec       0x5c /home/nico/Documents/MCUXpresso_11.1.0_3209/workspace/lpcopen_2_10_lpcxpresso_nxp_lpcxpresso_1769.zip_expanded/lpc_board_nxp_lpcxpresso_1769/Debug/liblpc_board_nxp_lpcxpresso_1769.a(board_sysinit.o)
 .rodata._Csys_alloc.str1.1
                0x0000000000004348       0x18 /usr/local/mcuxpressoide-11.1.0_3209/ide/plugins/com.nxp.mcuxpresso.tools.linux_11.1.0.201909161352/tools/bin/../lib/gcc/arm-none-eabi/8.3.1/../../../../arm-none-eabi/lib/thumb/v7-m/nofp/libcr_c.a(alloc.o)
 .rodata.fp_display.str1.1
                0x0000000000004360       0x34 /usr/local/mcuxpressoide-11.1.0_3209/ide/plugins/com.nxp.mcuxpresso.tools.linux_11.1.0.201909161352/tools/bin/../lib/gcc/arm-none-eabi/8.3.1/../../../../arm-none-eabi/lib/thumb/v7-m/nofp/libcr_c.a(fpprintf.o)
                                         0x35 (size before relaxing)
 .rodata._initio.str1.1
                0x0000000000004394        0x4 /usr/local/mcuxpressoide-11.1.0_3209/ide/plugins/com.nxp.mcuxpresso.tools.linux_11.1.0.201909161352/tools/bin/../lib/gcc/arm-none-eabi/8.3.1/../../../../arm-none-eabi/lib/thumb/v7-m/nofp/libcr_c.a(initio.o)
 .rodata.__vfprintf.str1.1
                0x0000000000004398       0x31 /usr/local/mcuxpressoide-11.1.0_3209/ide/plugins/com.nxp.mcuxpresso.tools.linux_11.1.0.201909161352/tools/bin/../lib/gcc/arm-none-eabi/8.3.1/../../../../arm-none-eabi/lib/thumb/v7-m/nofp/libcr_c.a(printf.o)
                                         0x38 (size before relaxing)
 *fill*         0x00000000000043c9        0x3 ff
 .rodata.__num_Ciob_streams
                0x00000000000043cc        0x4 /usr/local/mcuxpressoide-11.1.0_3209/ide/plugins/com.nxp.mcuxpresso.tools.linux_11.1.0.201909161352/tools/bin/../lib/gcc/arm-none-eabi/8.3.1/../../../../arm-none-eabi/lib/thumb/v7-m/nofp/libcr_nohost_nf.a(__ciob.o)
                0x00000000000043cc                __num_Ciob_streams
                0x00000000000043d0                . = ALIGN (0x4)

.glue_7         0x00000000000043d0        0x0
 .glue_7        0x00000000000043d0        0x0 linker stubs

.glue_7t        0x00000000000043d0        0x0
 .glue_7t       0x00000000000043d0        0x0 linker stubs

.vfp11_veneer   0x00000000000043d0        0x0
 .vfp11_veneer  0x00000000000043d0        0x0 linker stubs

.v4_bx          0x00000000000043d0        0x0
 .v4_bx         0x00000000000043d0        0x0 linker stubs

.iplt           0x00000000000043d0        0x0
 .iplt          0x00000000000043d0        0x0 ./freertos/src/FreeRTOSCommonHooks.o

.rel.dyn        0x00000000000043d0        0x0
 .rel.iplt      0x00000000000043d0        0x0 ./freertos/src/FreeRTOSCommonHooks.o

.ARM.extab
 *(.ARM.extab* .gnu.linkonce.armextab.*)
                0x00000000000043d0                __exidx_start = .

.ARM.exidx
 *(.ARM.exidx* .gnu.linkonce.armexidx.*)
                0x00000000000043d0                __exidx_end = .
                0x00000000000043d0                _etext = .

.data_RAM2      0x000000002007c000        0x0 load address 0x00000000000043d0
 FILL mask 0xff
                [!provide]                        PROVIDE (__start_data_RAM2 = .)
                [!provide]                        PROVIDE (__start_data_RamAHB32 = .)
 *(.ramfunc.$RAM2)
 *(.ramfunc.$RamAHB32)
 *(.data.$RAM2)
 *(.data.$RamAHB32)
 *(.data.$RAM2.*)
 *(.data.$RamAHB32.*)
                0x000000002007c000                . = ALIGN (0x4)
                [!provide]                        PROVIDE (__end_data_RAM2 = .)
                [!provide]                        PROVIDE (__end_data_RamAHB32 = .)

.uninit_RESERVED
                0x0000000010000000        0x0
                0x0000000010000000                _start_uninit_RESERVED = .
 *(.bss.$RESERVED*)
                0x0000000010000000                . = ALIGN (0x4)
                0x0000000010000000                _end_uninit_RESERVED = .

.data           0x0000000010000000        0x8 load address 0x00000000000043d0
 FILL mask 0xff
                0x0000000010000000                _data = .
                [!provide]                        PROVIDE (__start_data_RAM = .)
                [!provide]                        PROVIDE (__start_data_RamLoc32 = .)
 *(vtable)
 *(.ramfunc*)
 *(CodeQuickAccess)
 *(DataQuickAccess)
 *(RamFunction)
 *(.data*)
 .data.uxCriticalNesting
                0x0000000010000000        0x4 ./freertos/src/port.o
 .data.xNextTaskUnblockTime
                0x0000000010000004        0x4 ./freertos/src/tasks.o
                0x0000000010000008                . = ALIGN (0x4)
                0x0000000010000008                _edata = .
                [!provide]                        PROVIDE (__end_data_RAM = .)
                [!provide]                        PROVIDE (__end_data_RamLoc32 = .)

.igot.plt       0x0000000010000008        0x0 load address 0x00000000000043d8
 .igot.plt      0x0000000010000008        0x0 ./freertos/src/FreeRTOSCommonHooks.o

.bss_RAM2       0x000000002007c000        0x0
                [!provide]                        PROVIDE (__start_bss_RAM2 = .)
                [!provide]                        PROVIDE (__start_bss_RamAHB32 = .)
 *(.bss.$RAM2)
 *(.bss.$RamAHB32)
 *(.bss.$RAM2.*)
 *(.bss.$RamAHB32.*)
                0x000000002007c000                . = ALIGN ((. != 0x0)?0x4:0x1)
                [!provide]                        PROVIDE (__end_bss_RAM2 = .)
                [!provide]                        PROVIDE (__end_bss_RamAHB32 = .)

.bss            0x0000000010000008      0x308
                0x0000000010000008                _bss = .
                [!provide]                        PROVIDE (__start_bss_RAM = .)
                [!provide]                        PROVIDE (__start_bss_RamLoc32 = .)
 *(.bss*)
 .bss.ulTimerCountsForOneTick
                0x0000000010000008        0x4 ./freertos/src/port.o
 .bss.xMaximumPossibleSuppressedTicks
                0x000000001000000c        0x4 ./freertos/src/port.o
 .bss.ulStoppedTimerCompensation
                0x0000000010000010        0x4 ./freertos/src/port.o
 .bss.pxCurrentTCB
                0x0000000010000014        0x4 ./freertos/src/tasks.o
                0x0000000010000014                pxCurrentTCB
 .bss.pxReadyTasksLists
                0x0000000010000018       0xa0 ./freertos/src/tasks.o
 .bss.xDelayedTaskList1
                0x00000000100000b8       0x14 ./freertos/src/tasks.o
 .bss.xDelayedTaskList2
                0x00000000100000cc       0x14 ./freertos/src/tasks.o
 .bss.pxDelayedTaskList
                0x00000000100000e0        0x4 ./freertos/src/tasks.o
 .bss.pxOverflowDelayedTaskList
                0x00000000100000e4        0x4 ./freertos/src/tasks.o
 .bss.xPendingReadyList
                0x00000000100000e8       0x14 ./freertos/src/tasks.o
 .bss.xTasksWaitingTermination
                0x00000000100000fc       0x14 ./freertos/src/tasks.o
 .bss.uxTasksDeleted
                0x0000000010000110        0x4 ./freertos/src/tasks.o
 .bss.xSuspendedTaskList
                0x0000000010000114       0x14 ./freertos/src/tasks.o
 .bss.uxCurrentNumberOfTasks
                0x0000000010000128        0x4 ./freertos/src/tasks.o
 .bss.xTickCount
                0x000000001000012c        0x4 ./freertos/src/tasks.o
 .bss.uxTopReadyPriority
                0x0000000010000130        0x4 ./freertos/src/tasks.o
 .bss.xSchedulerRunning
                0x0000000010000134        0x4 ./freertos/src/tasks.o
 .bss.uxSchedulerSuspended
                0x0000000010000138        0x4 ./freertos/src/tasks.o
 .bss.uxPendedTicks
                0x000000001000013c        0x4 ./freertos/src/tasks.o
 .bss.xYieldPending
                0x0000000010000140        0x4 ./freertos/src/tasks.o
 .bss.xNumOfOverflows
                0x0000000010000144        0x4 ./freertos/src/tasks.o
 .bss.uxTaskNumber
                0x0000000010000148        0x4 ./freertos/src/tasks.o
 .bss.sharedBuffer
                0x000000001000014c      0x100 ./example/src/P-C-individual.o
 .bss.__end_of_heap
                0x000000001000024c        0x4 /usr/local/mcuxpressoide-11.1.0_3209/ide/plugins/com.nxp.mcuxpresso.tools.linux_11.1.0.201909161352/tools/bin/../lib/gcc/arm-none-eabi/8.3.1/../../../../arm-none-eabi/lib/thumb/v7-m/nofp/libcr_c.a(__init_alloc.o)
                0x000000001000024c                __end_of_heap
 .bss.__heaps   0x0000000010000250        0x4 /usr/local/mcuxpressoide-11.1.0_3209/ide/plugins/com.nxp.mcuxpresso.tools.linux_11.1.0.201909161352/tools/bin/../lib/gcc/arm-none-eabi/8.3.1/../../../../arm-none-eabi/lib/thumb/v7-m/nofp/libcr_c.a(__init_alloc.o)
                0x0000000010000250                __heaps
 .bss.errno     0x0000000010000254        0x4 /usr/local/mcuxpressoide-11.1.0_3209/ide/plugins/com.nxp.mcuxpresso.tools.linux_11.1.0.201909161352/tools/bin/../lib/gcc/arm-none-eabi/8.3.1/../../../../arm-none-eabi/lib/thumb/v7-m/nofp/libcr_c.a(errno.o)
                0x0000000010000254                errno
 .bss.__Ciob    0x0000000010000258       0xb4 /usr/local/mcuxpressoide-11.1.0_3209/ide/plugins/com.nxp.mcuxpresso.tools.linux_11.1.0.201909161352/tools/bin/../lib/gcc/arm-none-eabi/8.3.1/../../../../arm-none-eabi/lib/thumb/v7-m/nofp/libcr_nohost_nf.a(__ciob.o)
                0x0000000010000258                __Ciob
 *(COMMON)
 COMMON         0x000000001000030c        0x4 /home/nico/Documents/MCUXpresso_11.1.0_3209/workspace/lpcopen_2_10_lpcxpresso_nxp_lpcxpresso_1769.zip_expanded/lpc_chip_175x_6x/Debug/liblpc_chip_175x_6x.a(chip_17xx_40xx.o)
                0x000000001000030c                SystemCoreClock
                0x0000000010000310                . = ALIGN (0x4)
                0x0000000010000310                _ebss = .
                [!provide]                        PROVIDE (__end_bss_RAM = .)
                [!provide]                        PROVIDE (__end_bss_RamLoc32 = .)
                [!provide]                        PROVIDE (end = .)

.noinit_RAM2    0x000000002007c000        0x0
                [!provide]                        PROVIDE (__start_noinit_RAM2 = .)
                [!provide]                        PROVIDE (__start_noinit_RamAHB32 = .)
 *(.noinit.$RAM2)
 *(.noinit.$RamAHB32)
 *(.noinit.$RAM2.*)
 *(.noinit.$RamAHB32.*)
                0x000000002007c000                . = ALIGN (0x4)
                [!provide]                        PROVIDE (__end_noinit_RAM2 = .)
                [!provide]                        PROVIDE (__end_noinit_RamAHB32 = .)

.noinit         0x0000000010000310        0x0
                0x0000000010000310                _noinit = .
                [!provide]                        PROVIDE (__start_noinit_RAM = .)
                [!provide]                        PROVIDE (__start_noinit_RamLoc32 = .)
 *(.noinit*)
                0x0000000010000310                . = ALIGN (0x4)
                0x0000000010000310                _end_noinit = .
                [!provide]                        PROVIDE (__end_noinit_RAM = .)
                [!provide]                        PROVIDE (__end_noinit_RamLoc32 = .)
                0x0000000010000310                PROVIDE (_pvHeapStart = DEFINED (__user_heap_base)?__user_heap_base:.)
                0x0000000010008000                PROVIDE (_vStackTop = DEFINED (__user_stack_top)?__user_stack_top:(__top_RamLoc32 - 0x0))
                [!provide]                        PROVIDE (__valid_user_code_checksum = (0x0 - ((((((_vStackTop + (ResetISR + 0x1)) + (NMI_Handler + 0x1)) + (HardFault_Handler + 0x1)) + (DEFINED (MemManage_Handler)?MemManage_Handler:0x0 + 0x1)) + (DEFINED (BusFault_Handler)?BusFault_Handler:0x0 + 0x1)) + (DEFINED (UsageFault_Handler)?UsageFault_Handler:0x0 + 0x1))))
                0x0000000000000000                _image_start = LOADADDR (.text)
                0x00000000000043d8                _image_end = (LOADADDR (.data) + SIZEOF (.data))
                0x00000000000043d8                _image_size = (_image_end - _image_start)
OUTPUT(freertos_blinky.axf elf32-littlearm)

.debug_info     0x0000000000000000     0x7288
 .debug_info    0x0000000000000000      0x2f8 ./freertos/src/FreeRTOSCommonHooks.o
 .debug_info    0x00000000000002f8      0x282 ./freertos/src/heap_3.o
 .debug_info    0x000000000000057a      0x439 ./freertos/src/list.o
 .debug_info    0x00000000000009b3      0x53e ./freertos/src/port.o
 .debug_info    0x0000000000000ef1     0x1436 ./freertos/src/tasks.o
 .debug_info    0x0000000000002327      0x3ac ./example/src/P-C-individual.o
 .debug_info    0x00000000000026d3      0x272 ./example/src/cr_startup_lpc175x_6x.o
 .debug_info    0x0000000000002945      0x250 ./example/src/sysinit.o
 .debug_info    0x0000000000002b95     0x164a /home/nico/Documents/MCUXpresso_11.1.0_3209/workspace/lpcopen_2_10_lpcxpresso_nxp_lpcxpresso_1769.zip_expanded/lpc_board_nxp_lpcxpresso_1769/Debug/liblpc_board_nxp_lpcxpresso_1769.a(board.o)
 .debug_info    0x00000000000041df      0x71d /home/nico/Documents/MCUXpresso_11.1.0_3209/workspace/lpcopen_2_10_lpcxpresso_nxp_lpcxpresso_1769.zip_expanded/lpc_board_nxp_lpcxpresso_1769/Debug/liblpc_board_nxp_lpcxpresso_1769.a(board_sysinit.o)
 .debug_info    0x00000000000048fc      0x591 /home/nico/Documents/MCUXpresso_11.1.0_3209/workspace/lpcopen_2_10_lpcxpresso_nxp_lpcxpresso_1769.zip_expanded/lpc_chip_175x_6x/Debug/liblpc_chip_175x_6x.a(chip_17xx_40xx.o)
 .debug_info    0x0000000000004e8d      0xc2a /home/nico/Documents/MCUXpresso_11.1.0_3209/workspace/lpcopen_2_10_lpcxpresso_nxp_lpcxpresso_1769.zip_expanded/lpc_chip_175x_6x/Debug/liblpc_chip_175x_6x.a(clock_17xx_40xx.o)
 .debug_info    0x0000000000005ab7      0x347 /home/nico/Documents/MCUXpresso_11.1.0_3209/workspace/lpcopen_2_10_lpcxpresso_nxp_lpcxpresso_1769.zip_expanded/lpc_chip_175x_6x/Debug/liblpc_chip_175x_6x.a(iocon_17xx_40xx.o)
 .debug_info    0x0000000000005dfe      0x4b0 /home/nico/Documents/MCUXpresso_11.1.0_3209/workspace/lpcopen_2_10_lpcxpresso_nxp_lpcxpresso_1769.zip_expanded/lpc_chip_175x_6x/Debug/liblpc_chip_175x_6x.a(sysinit_17xx_40xx.o)
 .debug_info    0x00000000000062ae      0xfda /home/nico/Documents/MCUXpresso_11.1.0_3209/workspace/lpcopen_2_10_lpcxpresso_nxp_lpcxpresso_1769.zip_expanded/lpc_chip_175x_6x/Debug/liblpc_chip_175x_6x.a(uart_17xx_40xx.o)

.debug_abbrev   0x0000000000000000     0x1ce8
 .debug_abbrev  0x0000000000000000      0x181 ./freertos/src/FreeRTOSCommonHooks.o
 .debug_abbrev  0x0000000000000181      0x12b ./freertos/src/heap_3.o
 .debug_abbrev  0x00000000000002ac      0x136 ./freertos/src/list.o
 .debug_abbrev  0x00000000000003e2      0x243 ./freertos/src/port.o
 .debug_abbrev  0x0000000000000625      0x291 ./freertos/src/tasks.o
 .debug_abbrev  0x00000000000008b6      0x14c ./example/src/P-C-individual.o
 .debug_abbrev  0x0000000000000a02      0x117 ./example/src/cr_startup_lpc175x_6x.o
 .debug_abbrev  0x0000000000000b19       0xeb ./example/src/sysinit.o
 .debug_abbrev  0x0000000000000c04      0x420 /home/nico/Documents/MCUXpresso_11.1.0_3209/workspace/lpcopen_2_10_lpcxpresso_nxp_lpcxpresso_1769.zip_expanded/lpc_board_nxp_lpcxpresso_1769/Debug/liblpc_board_nxp_lpcxpresso_1769.a(board.o)
 .debug_abbrev  0x0000000000001024      0x1a2 /home/nico/Documents/MCUXpresso_11.1.0_3209/workspace/lpcopen_2_10_lpcxpresso_nxp_lpcxpresso_1769.zip_expanded/lpc_board_nxp_lpcxpresso_1769/Debug/liblpc_board_nxp_lpcxpresso_1769.a(board_sysinit.o)
 .debug_abbrev  0x00000000000011c6      0x16d /home/nico/Documents/MCUXpresso_11.1.0_3209/workspace/lpcopen_2_10_lpcxpresso_nxp_lpcxpresso_1769.zip_expanded/lpc_chip_175x_6x/Debug/liblpc_chip_175x_6x.a(chip_17xx_40xx.o)
 .debug_abbrev  0x0000000000001333      0x34d /home/nico/Documents/MCUXpresso_11.1.0_3209/workspace/lpcopen_2_10_lpcxpresso_nxp_lpcxpresso_1769.zip_expanded/lpc_chip_175x_6x/Debug/liblpc_chip_175x_6x.a(clock_17xx_40xx.o)
 .debug_abbrev  0x0000000000001680      0x164 /home/nico/Documents/MCUXpresso_11.1.0_3209/workspace/lpcopen_2_10_lpcxpresso_nxp_lpcxpresso_1769.zip_expanded/lpc_chip_175x_6x/Debug/liblpc_chip_175x_6x.a(iocon_17xx_40xx.o)
 .debug_abbrev  0x00000000000017e4      0x1b0 /home/nico/Documents/MCUXpresso_11.1.0_3209/workspace/lpcopen_2_10_lpcxpresso_nxp_lpcxpresso_1769.zip_expanded/lpc_chip_175x_6x/Debug/liblpc_chip_175x_6x.a(sysinit_17xx_40xx.o)
 .debug_abbrev  0x0000000000001994      0x354 /home/nico/Documents/MCUXpresso_11.1.0_3209/workspace/lpcopen_2_10_lpcxpresso_nxp_lpcxpresso_1769.zip_expanded/lpc_chip_175x_6x/Debug/liblpc_chip_175x_6x.a(uart_17xx_40xx.o)

.debug_aranges  0x0000000000000000      0x828
 .debug_aranges
                0x0000000000000000       0x40 ./freertos/src/FreeRTOSCommonHooks.o
 .debug_aranges
                0x0000000000000040       0x28 ./freertos/src/heap_3.o
 .debug_aranges
                0x0000000000000068       0x40 ./freertos/src/list.o
 .debug_aranges
                0x00000000000000a8       0x90 ./freertos/src/port.o
 .debug_aranges
                0x0000000000000138      0x170 ./freertos/src/tasks.o
 .debug_aranges
                0x00000000000002a8       0x38 ./example/src/P-C-individual.o
 .debug_aranges
                0x00000000000002e0       0x80 ./example/src/cr_startup_lpc175x_6x.o
 .debug_aranges
                0x0000000000000360       0x20 ./example/src/sysinit.o
 .debug_aranges
                0x0000000000000380      0x160 /home/nico/Documents/MCUXpresso_11.1.0_3209/workspace/lpcopen_2_10_lpcxpresso_nxp_lpcxpresso_1769.zip_expanded/lpc_board_nxp_lpcxpresso_1769/Debug/liblpc_board_nxp_lpcxpresso_1769.a(board.o)
 .debug_aranges
                0x00000000000004e0       0x38 /home/nico/Documents/MCUXpresso_11.1.0_3209/workspace/lpcopen_2_10_lpcxpresso_nxp_lpcxpresso_1769.zip_expanded/lpc_board_nxp_lpcxpresso_1769/Debug/liblpc_board_nxp_lpcxpresso_1769.a(board_sysinit.o)
 .debug_aranges
                0x0000000000000518       0x38 /home/nico/Documents/MCUXpresso_11.1.0_3209/workspace/lpcopen_2_10_lpcxpresso_nxp_lpcxpresso_1769.zip_expanded/lpc_chip_175x_6x/Debug/liblpc_chip_175x_6x.a(chip_17xx_40xx.o)
 .debug_aranges
                0x0000000000000550      0x120 /home/nico/Documents/MCUXpresso_11.1.0_3209/workspace/lpcopen_2_10_lpcxpresso_nxp_lpcxpresso_1769.zip_expanded/lpc_chip_175x_6x/Debug/liblpc_chip_175x_6x.a(clock_17xx_40xx.o)
 .debug_aranges
                0x0000000000000670       0x30 /home/nico/Documents/MCUXpresso_11.1.0_3209/workspace/lpcopen_2_10_lpcxpresso_nxp_lpcxpresso_1769.zip_expanded/lpc_chip_175x_6x/Debug/liblpc_chip_175x_6x.a(iocon_17xx_40xx.o)
 .debug_aranges
                0x00000000000006a0       0x60 /home/nico/Documents/MCUXpresso_11.1.0_3209/workspace/lpcopen_2_10_lpcxpresso_nxp_lpcxpresso_1769.zip_expanded/lpc_chip_175x_6x/Debug/liblpc_chip_175x_6x.a(sysinit_17xx_40xx.o)
 .debug_aranges
                0x0000000000000700      0x128 /home/nico/Documents/MCUXpresso_11.1.0_3209/workspace/lpcopen_2_10_lpcxpresso_nxp_lpcxpresso_1769.zip_expanded/lpc_chip_175x_6x/Debug/liblpc_chip_175x_6x.a(uart_17xx_40xx.o)

.debug_ranges   0x0000000000000000      0x738
 .debug_ranges  0x0000000000000000       0x30 ./freertos/src/FreeRTOSCommonHooks.o
 .debug_ranges  0x0000000000000030       0x18 ./freertos/src/heap_3.o
 .debug_ranges  0x0000000000000048       0x30 ./freertos/src/list.o
 .debug_ranges  0x0000000000000078       0x80 ./freertos/src/port.o
 .debug_ranges  0x00000000000000f8      0x160 ./freertos/src/tasks.o
 .debug_ranges  0x0000000000000258       0x28 ./example/src/P-C-individual.o
 .debug_ranges  0x0000000000000280       0x70 ./example/src/cr_startup_lpc175x_6x.o
 .debug_ranges  0x00000000000002f0       0x10 ./example/src/sysinit.o
 .debug_ranges  0x0000000000000300      0x150 /home/nico/Documents/MCUXpresso_11.1.0_3209/workspace/lpcopen_2_10_lpcxpresso_nxp_lpcxpresso_1769.zip_expanded/lpc_board_nxp_lpcxpresso_1769/Debug/liblpc_board_nxp_lpcxpresso_1769.a(board.o)
 .debug_ranges  0x0000000000000450       0x28 /home/nico/Documents/MCUXpresso_11.1.0_3209/workspace/lpcopen_2_10_lpcxpresso_nxp_lpcxpresso_1769.zip_expanded/lpc_board_nxp_lpcxpresso_1769/Debug/liblpc_board_nxp_lpcxpresso_1769.a(board_sysinit.o)
 .debug_ranges  0x0000000000000478       0x28 /home/nico/Documents/MCUXpresso_11.1.0_3209/workspace/lpcopen_2_10_lpcxpresso_nxp_lpcxpresso_1769.zip_expanded/lpc_chip_175x_6x/Debug/liblpc_chip_175x_6x.a(chip_17xx_40xx.o)
 .debug_ranges  0x00000000000004a0      0x110 /home/nico/Documents/MCUXpresso_11.1.0_3209/workspace/lpcopen_2_10_lpcxpresso_nxp_lpcxpresso_1769.zip_expanded/lpc_chip_175x_6x/Debug/liblpc_chip_175x_6x.a(clock_17xx_40xx.o)
 .debug_ranges  0x00000000000005b0       0x20 /home/nico/Documents/MCUXpresso_11.1.0_3209/workspace/lpcopen_2_10_lpcxpresso_nxp_lpcxpresso_1769.zip_expanded/lpc_chip_175x_6x/Debug/liblpc_chip_175x_6x.a(iocon_17xx_40xx.o)
 .debug_ranges  0x00000000000005d0       0x50 /home/nico/Documents/MCUXpresso_11.1.0_3209/workspace/lpcopen_2_10_lpcxpresso_nxp_lpcxpresso_1769.zip_expanded/lpc_chip_175x_6x/Debug/liblpc_chip_175x_6x.a(sysinit_17xx_40xx.o)
 .debug_ranges  0x0000000000000620      0x118 /home/nico/Documents/MCUXpresso_11.1.0_3209/workspace/lpcopen_2_10_lpcxpresso_nxp_lpcxpresso_1769.zip_expanded/lpc_chip_175x_6x/Debug/liblpc_chip_175x_6x.a(uart_17xx_40xx.o)

.debug_macro    0x0000000000000000     0x6d76
 .debug_macro   0x0000000000000000      0x29c ./freertos/src/FreeRTOSCommonHooks.o
 .debug_macro   0x000000000000029c      0xaa2 ./freertos/src/FreeRTOSCommonHooks.o
 .debug_macro   0x0000000000000d3e       0x10 ./freertos/src/FreeRTOSCommonHooks.o
 .debug_macro   0x0000000000000d4e      0x12e ./freertos/src/FreeRTOSCommonHooks.o
 .debug_macro   0x0000000000000e7c       0x16 ./freertos/src/FreeRTOSCommonHooks.o
 .debug_macro   0x0000000000000e92       0x46 ./freertos/src/FreeRTOSCommonHooks.o
 .debug_macro   0x0000000000000ed8      0x5b3 ./freertos/src/FreeRTOSCommonHooks.o
 .debug_macro   0x000000000000148b       0x22 ./freertos/src/FreeRTOSCommonHooks.o
 .debug_macro   0x00000000000014ad       0x74 ./freertos/src/FreeRTOSCommonHooks.o
 .debug_macro   0x0000000000001521       0x10 ./freertos/src/FreeRTOSCommonHooks.o
 .debug_macro   0x0000000000001531       0x2d ./freertos/src/FreeRTOSCommonHooks.o
 .debug_macro   0x000000000000155e       0x3a ./freertos/src/FreeRTOSCommonHooks.o
 .debug_macro   0x0000000000001598       0x2d ./freertos/src/FreeRTOSCommonHooks.o
 .debug_macro   0x00000000000015c5      0xbb1 ./freertos/src/FreeRTOSCommonHooks.o
 .debug_macro   0x0000000000002176      0x22c ./freertos/src/FreeRTOSCommonHooks.o
 .debug_macro   0x00000000000023a2       0x42 ./freertos/src/FreeRTOSCommonHooks.o
 .debug_macro   0x00000000000023e4       0x52 ./freertos/src/FreeRTOSCommonHooks.o
 .debug_macro   0x0000000000002436       0x78 ./freertos/src/FreeRTOSCommonHooks.o
 .debug_macro   0x00000000000024ae       0x82 ./freertos/src/FreeRTOSCommonHooks.o
 .debug_macro   0x0000000000002530      0x48c ./freertos/src/FreeRTOSCommonHooks.o
 .debug_macro   0x00000000000029bc       0x34 ./freertos/src/FreeRTOSCommonHooks.o
 .debug_macro   0x00000000000029f0      0x4c5 ./freertos/src/FreeRTOSCommonHooks.o
 .debug_macro   0x0000000000002eb5      0x1b7 ./freertos/src/FreeRTOSCommonHooks.o
 .debug_macro   0x000000000000306c       0x10 ./freertos/src/FreeRTOSCommonHooks.o
 .debug_macro   0x000000000000307c      0x21b ./freertos/src/FreeRTOSCommonHooks.o
 .debug_macro   0x0000000000003297      0x1b9 ./freertos/src/FreeRTOSCommonHooks.o
 .debug_macro   0x0000000000003450       0x40 ./freertos/src/FreeRTOSCommonHooks.o
 .debug_macro   0x0000000000003490       0x22 ./freertos/src/FreeRTOSCommonHooks.o
 .debug_macro   0x00000000000034b2      0x162 ./freertos/src/FreeRTOSCommonHooks.o
 .debug_macro   0x0000000000003614       0x94 ./freertos/src/FreeRTOSCommonHooks.o
 .debug_macro   0x00000000000036a8       0xb8 ./freertos/src/FreeRTOSCommonHooks.o
 .debug_macro   0x0000000000003760       0x4c ./freertos/src/FreeRTOSCommonHooks.o
 .debug_macro   0x00000000000037ac       0x16 ./freertos/src/FreeRTOSCommonHooks.o
 .debug_macro   0x00000000000037c2      0x328 ./freertos/src/FreeRTOSCommonHooks.o
 .debug_macro   0x0000000000003aea       0x49 ./freertos/src/FreeRTOSCommonHooks.o
 .debug_macro   0x0000000000003b33       0x16 ./freertos/src/FreeRTOSCommonHooks.o
 .debug_macro   0x0000000000003b49       0xca ./freertos/src/FreeRTOSCommonHooks.o
 .debug_macro   0x0000000000003c13       0x11 ./freertos/src/FreeRTOSCommonHooks.o
 .debug_macro   0x0000000000003c24       0x70 ./freertos/src/FreeRTOSCommonHooks.o
 .debug_macro   0x0000000000003c94       0x9a ./freertos/src/FreeRTOSCommonHooks.o
 .debug_macro   0x0000000000003d2e       0x20 ./freertos/src/FreeRTOSCommonHooks.o
 .debug_macro   0x0000000000003d4e       0x28 ./freertos/src/FreeRTOSCommonHooks.o
 .debug_macro   0x0000000000003d76       0xee ./freertos/src/FreeRTOSCommonHooks.o
 .debug_macro   0x0000000000003e64       0xab ./freertos/src/FreeRTOSCommonHooks.o
 .debug_macro   0x0000000000003f0f       0x12 ./freertos/src/FreeRTOSCommonHooks.o
 .debug_macro   0x0000000000003f21       0x1f ./freertos/src/FreeRTOSCommonHooks.o
 .debug_macro   0x0000000000003f40      0x257 ./freertos/src/FreeRTOSCommonHooks.o
 .debug_macro   0x0000000000004197       0x64 ./freertos/src/FreeRTOSCommonHooks.o
 .debug_macro   0x00000000000041fb       0x57 ./freertos/src/FreeRTOSCommonHooks.o
 .debug_macro   0x0000000000004252      0x2b2 ./freertos/src/heap_3.o
 .debug_macro   0x0000000000004504       0x28 ./freertos/src/heap_3.o
 .debug_macro   0x000000000000452c      0x297 ./freertos/src/list.o
 .debug_macro   0x00000000000047c3      0x329 ./freertos/src/port.o
 .debug_macro   0x0000000000004aec      0x336 ./freertos/src/tasks.o
 .debug_macro   0x0000000000004e22       0x5b ./freertos/src/tasks.o
 .debug_macro   0x0000000000004e7d       0x16 ./freertos/src/tasks.o
 .debug_macro   0x0000000000004e93      0x2ad ./example/src/P-C-individual.o
 .debug_macro   0x0000000000005140       0x7b ./example/src/P-C-individual.o
 .debug_macro   0x00000000000051bb       0x18 ./example/src/P-C-individual.o
 .debug_macro   0x00000000000051d3       0x10 ./example/src/P-C-individual.o
 .debug_macro   0x00000000000051e3       0xf4 ./example/src/P-C-individual.o
 .debug_macro   0x00000000000052d7       0x1c ./example/src/P-C-individual.o
 .debug_macro   0x00000000000052f3       0x1d ./example/src/cr_startup_lpc175x_6x.o
 .debug_macro   0x0000000000005310      0x217 ./example/src/sysinit.o
 .debug_macro   0x0000000000005527      0x289 /home/nico/Documents/MCUXpresso_11.1.0_3209/workspace/lpcopen_2_10_lpcxpresso_nxp_lpcxpresso_1769.zip_expanded/lpc_board_nxp_lpcxpresso_1769/Debug/liblpc_board_nxp_lpcxpresso_1769.a(board.o)
 .debug_macro   0x00000000000057b0      0xa9c /home/nico/Documents/MCUXpresso_11.1.0_3209/workspace/lpcopen_2_10_lpcxpresso_nxp_lpcxpresso_1769.zip_expanded/lpc_board_nxp_lpcxpresso_1769/Debug/liblpc_board_nxp_lpcxpresso_1769.a(board.o)
 .debug_macro   0x000000000000624c       0x12 /home/nico/Documents/MCUXpresso_11.1.0_3209/workspace/lpcopen_2_10_lpcxpresso_nxp_lpcxpresso_1769.zip_expanded/lpc_board_nxp_lpcxpresso_1769/Debug/liblpc_board_nxp_lpcxpresso_1769.a(board.o)
 .debug_macro   0x000000000000625e      0x217 /home/nico/Documents/MCUXpresso_11.1.0_3209/workspace/lpcopen_2_10_lpcxpresso_nxp_lpcxpresso_1769.zip_expanded/lpc_board_nxp_lpcxpresso_1769/Debug/liblpc_board_nxp_lpcxpresso_1769.a(board_sysinit.o)
 .debug_macro   0x0000000000006475      0x1cd /home/nico/Documents/MCUXpresso_11.1.0_3209/workspace/lpcopen_2_10_lpcxpresso_nxp_lpcxpresso_1769.zip_expanded/lpc_chip_175x_6x/Debug/liblpc_chip_175x_6x.a(chip_17xx_40xx.o)
 .debug_macro   0x0000000000006642      0x1cd /home/nico/Documents/MCUXpresso_11.1.0_3209/workspace/lpcopen_2_10_lpcxpresso_nxp_lpcxpresso_1769.zip_expanded/lpc_chip_175x_6x/Debug/liblpc_chip_175x_6x.a(clock_17xx_40xx.o)
 .debug_macro   0x000000000000680f      0x1cd /home/nico/Documents/MCUXpresso_11.1.0_3209/workspace/lpcopen_2_10_lpcxpresso_nxp_lpcxpresso_1769.zip_expanded/lpc_chip_175x_6x/Debug/liblpc_chip_175x_6x.a(iocon_17xx_40xx.o)
 .debug_macro   0x00000000000069dc      0x1cd /home/nico/Documents/MCUXpresso_11.1.0_3209/workspace/lpcopen_2_10_lpcxpresso_nxp_lpcxpresso_1769.zip_expanded/lpc_chip_175x_6x/Debug/liblpc_chip_175x_6x.a(sysinit_17xx_40xx.o)
 .debug_macro   0x0000000000006ba9      0x1cd /home/nico/Documents/MCUXpresso_11.1.0_3209/workspace/lpcopen_2_10_lpcxpresso_nxp_lpcxpresso_1769.zip_expanded/lpc_chip_175x_6x/Debug/liblpc_chip_175x_6x.a(uart_17xx_40xx.o)

.debug_line     0x0000000000000000     0x7a43
 .debug_line    0x0000000000000000      0x7b2 ./freertos/src/FreeRTOSCommonHooks.o
 .debug_line    0x00000000000007b2      0x754 ./freertos/src/heap_3.o
 .debug_line    0x0000000000000f06      0x81d ./freertos/src/list.o
 .debug_line    0x0000000000001723      0x9e5 ./freertos/src/port.o
 .debug_line    0x0000000000002108     0x1400 ./freertos/src/tasks.o
 .debug_line    0x0000000000003508      0x7f7 ./example/src/P-C-individual.o
 .debug_line    0x0000000000003cff      0x168 ./example/src/cr_startup_lpc175x_6x.o
 .debug_line    0x0000000000003e67      0x592 ./example/src/sysinit.o
 .debug_line    0x00000000000043f9      0xb03 /home/nico/Documents/MCUXpresso_11.1.0_3209/workspace/lpcopen_2_10_lpcxpresso_nxp_lpcxpresso_1769.zip_expanded/lpc_board_nxp_lpcxpresso_1769/Debug/liblpc_board_nxp_lpcxpresso_1769.a(board.o)
 .debug_line    0x0000000000004efc      0x5e3 /home/nico/Documents/MCUXpresso_11.1.0_3209/workspace/lpcopen_2_10_lpcxpresso_nxp_lpcxpresso_1769.zip_expanded/lpc_board_nxp_lpcxpresso_1769/Debug/liblpc_board_nxp_lpcxpresso_1769.a(board_sysinit.o)
 .debug_line    0x00000000000054df      0x55b /home/nico/Documents/MCUXpresso_11.1.0_3209/workspace/lpcopen_2_10_lpcxpresso_nxp_lpcxpresso_1769.zip_expanded/lpc_chip_175x_6x/Debug/liblpc_chip_175x_6x.a(chip_17xx_40xx.o)
 .debug_line    0x0000000000005a3a      0x9c2 /home/nico/Documents/MCUXpresso_11.1.0_3209/workspace/lpcopen_2_10_lpcxpresso_nxp_lpcxpresso_1769.zip_expanded/lpc_chip_175x_6x/Debug/liblpc_chip_175x_6x.a(clock_17xx_40xx.o)
 .debug_line    0x00000000000063fc      0x577 /home/nico/Documents/MCUXpresso_11.1.0_3209/workspace/lpcopen_2_10_lpcxpresso_nxp_lpcxpresso_1769.zip_expanded/lpc_chip_175x_6x/Debug/liblpc_chip_175x_6x.a(iocon_17xx_40xx.o)
 .debug_line    0x0000000000006973      0x634 /home/nico/Documents/MCUXpresso_11.1.0_3209/workspace/lpcopen_2_10_lpcxpresso_nxp_lpcxpresso_1769.zip_expanded/lpc_chip_175x_6x/Debug/liblpc_chip_175x_6x.a(sysinit_17xx_40xx.o)
 .debug_line    0x0000000000006fa7      0xa9c /home/nico/Documents/MCUXpresso_11.1.0_3209/workspace/lpcopen_2_10_lpcxpresso_nxp_lpcxpresso_1769.zip_expanded/lpc_chip_175x_6x/Debug/liblpc_chip_175x_6x.a(uart_17xx_40xx.o)

.debug_str      0x0000000000000000    0x17546
 .debug_str     0x0000000000000000    0x134a0 ./freertos/src/FreeRTOSCommonHooks.o
                                      0x13588 (size before relaxing)
 .debug_str     0x00000000000134a0      0x103 ./freertos/src/heap_3.o
                                      0x1359c (size before relaxing)
 .debug_str     0x00000000000135a3      0x12e ./freertos/src/list.o
                                      0x132e1 (size before relaxing)
 .debug_str     0x00000000000136d1      0x8f6 ./freertos/src/port.o
                                      0x13dd8 (size before relaxing)
 .debug_str     0x0000000000013fc7     0x153a ./freertos/src/tasks.o
                                      0x14da3 (size before relaxing)
 .debug_str     0x0000000000015501       0x98 ./example/src/P-C-individual.o
                                      0x1376b (size before relaxing)
 .debug_str     0x0000000000015599      0x1b3 ./example/src/cr_startup_lpc175x_6x.o
                                       0x2ff0 (size before relaxing)
 .debug_str     0x000000000001574c       0x23 ./example/src/sysinit.o
                                      0x113d2 (size before relaxing)
 .debug_str     0x000000000001576f      0xd5d /home/nico/Documents/MCUXpresso_11.1.0_3209/workspace/lpcopen_2_10_lpcxpresso_nxp_lpcxpresso_1769.zip_expanded/lpc_board_nxp_lpcxpresso_1769/Debug/liblpc_board_nxp_lpcxpresso_1769.a(board.o)
                                      0x12293 (size before relaxing)
 .debug_str     0x00000000000164cc      0x22d /home/nico/Documents/MCUXpresso_11.1.0_3209/workspace/lpcopen_2_10_lpcxpresso_nxp_lpcxpresso_1769.zip_expanded/lpc_board_nxp_lpcxpresso_1769/Debug/liblpc_board_nxp_lpcxpresso_1769.a(board_sysinit.o)
                                      0x117cd (size before relaxing)
 .debug_str     0x00000000000166f9       0xf9 /home/nico/Documents/MCUXpresso_11.1.0_3209/workspace/lpcopen_2_10_lpcxpresso_nxp_lpcxpresso_1769.zip_expanded/lpc_chip_175x_6x/Debug/liblpc_chip_175x_6x.a(chip_17xx_40xx.o)
                                      0x1141d (size before relaxing)
 .debug_str     0x00000000000167f2      0x857 /home/nico/Documents/MCUXpresso_11.1.0_3209/workspace/lpcopen_2_10_lpcxpresso_nxp_lpcxpresso_1769.zip_expanded/lpc_chip_175x_6x/Debug/liblpc_chip_175x_6x.a(clock_17xx_40xx.o)
                                      0x11a9b (size before relaxing)
 .debug_str     0x0000000000017049       0x79 /home/nico/Documents/MCUXpresso_11.1.0_3209/workspace/lpcopen_2_10_lpcxpresso_nxp_lpcxpresso_1769.zip_expanded/lpc_chip_175x_6x/Debug/liblpc_chip_175x_6x.a(iocon_17xx_40xx.o)
                                      0x10f18 (size before relaxing)
 .debug_str     0x00000000000170c2       0xc4 /home/nico/Documents/MCUXpresso_11.1.0_3209/workspace/lpcopen_2_10_lpcxpresso_nxp_lpcxpresso_1769.zip_expanded/lpc_chip_175x_6x/Debug/liblpc_chip_175x_6x.a(sysinit_17xx_40xx.o)
                                      0x11100 (size before relaxing)
 .debug_str     0x0000000000017186      0x3c0 /home/nico/Documents/MCUXpresso_11.1.0_3209/workspace/lpcopen_2_10_lpcxpresso_nxp_lpcxpresso_1769.zip_expanded/lpc_chip_175x_6x/Debug/liblpc_chip_175x_6x.a(uart_17xx_40xx.o)
                                      0x11970 (size before relaxing)

.comment        0x0000000000000000       0x76
 .comment       0x0000000000000000       0x76 ./freertos/src/FreeRTOSCommonHooks.o
                                         0x77 (size before relaxing)
 .comment       0x0000000000000076       0x77 ./freertos/src/heap_3.o
 .comment       0x0000000000000076       0x77 ./freertos/src/list.o
 .comment       0x0000000000000076       0x77 ./freertos/src/port.o
 .comment       0x0000000000000076       0x77 ./freertos/src/tasks.o
 .comment       0x0000000000000076       0x77 ./example/src/P-C-individual.o
 .comment       0x0000000000000076       0x77 ./example/src/cr_startup_lpc175x_6x.o
 .comment       0x0000000000000076       0x77 ./example/src/sysinit.o
 .comment       0x0000000000000076       0x77 /home/nico/Documents/MCUXpresso_11.1.0_3209/workspace/lpcopen_2_10_lpcxpresso_nxp_lpcxpresso_1769.zip_expanded/lpc_board_nxp_lpcxpresso_1769/Debug/liblpc_board_nxp_lpcxpresso_1769.a(board.o)
 .comment       0x0000000000000076       0x77 /home/nico/Documents/MCUXpresso_11.1.0_3209/workspace/lpcopen_2_10_lpcxpresso_nxp_lpcxpresso_1769.zip_expanded/lpc_board_nxp_lpcxpresso_1769/Debug/liblpc_board_nxp_lpcxpresso_1769.a(board_sysinit.o)
 .comment       0x0000000000000076       0x77 /home/nico/Documents/MCUXpresso_11.1.0_3209/workspace/lpcopen_2_10_lpcxpresso_nxp_lpcxpresso_1769.zip_expanded/lpc_chip_175x_6x/Debug/liblpc_chip_175x_6x.a(chip_17xx_40xx.o)
 .comment       0x0000000000000076       0x77 /home/nico/Documents/MCUXpresso_11.1.0_3209/workspace/lpcopen_2_10_lpcxpresso_nxp_lpcxpresso_1769.zip_expanded/lpc_chip_175x_6x/Debug/liblpc_chip_175x_6x.a(clock_17xx_40xx.o)
 .comment       0x0000000000000076       0x77 /home/nico/Documents/MCUXpresso_11.1.0_3209/workspace/lpcopen_2_10_lpcxpresso_nxp_lpcxpresso_1769.zip_expanded/lpc_chip_175x_6x/Debug/liblpc_chip_175x_6x.a(iocon_17xx_40xx.o)
 .comment       0x0000000000000076       0x77 /home/nico/Documents/MCUXpresso_11.1.0_3209/workspace/lpcopen_2_10_lpcxpresso_nxp_lpcxpresso_1769.zip_expanded/lpc_chip_175x_6x/Debug/liblpc_chip_175x_6x.a(sysinit_17xx_40xx.o)
 .comment       0x0000000000000076       0x77 /home/nico/Documents/MCUXpresso_11.1.0_3209/workspace/lpcopen_2_10_lpcxpresso_nxp_lpcxpresso_1769.zip_expanded/lpc_chip_175x_6x/Debug/liblpc_chip_175x_6x.a(uart_17xx_40xx.o)
 .comment       0x0000000000000076       0x77 /usr/local/mcuxpressoide-11.1.0_3209/ide/plugins/com.nxp.mcuxpresso.tools.linux_11.1.0.201909161352/tools/bin/../lib/gcc/arm-none-eabi/8.3.1/../../../../arm-none-eabi/lib/thumb/v7-m/nofp/libcr_nohost_nf.a(_cr__main.o)
 .comment       0x0000000000000076       0x77 /usr/local/mcuxpressoide-11.1.0_3209/ide/plugins/com.nxp.mcuxpresso.tools.linux_11.1.0.201909161352/tools/bin/../lib/gcc/arm-none-eabi/8.3.1/../../../../arm-none-eabi/lib/thumb/v7-m/nofp/libcr_c.a(memset.o)
 .comment       0x0000000000000076       0x77 /usr/local/mcuxpressoide-11.1.0_3209/ide/plugins/com.nxp.mcuxpresso.tools.linux_11.1.0.201909161352/tools/bin/../lib/gcc/arm-none-eabi/8.3.1/../../../../arm-none-eabi/lib/thumb/v7-m/nofp/libcr_c.a(alloc.o)
 .comment       0x0000000000000076       0x77 /usr/local/mcuxpressoide-11.1.0_3209/ide/plugins/com.nxp.mcuxpresso.tools.linux_11.1.0.201909161352/tools/bin/../lib/gcc/arm-none-eabi/8.3.1/../../../../arm-none-eabi/lib/thumb/v7-m/nofp/libcr_c.a(fpprintf.o)
 .comment       0x0000000000000076       0x77 /usr/local/mcuxpressoide-11.1.0_3209/ide/plugins/com.nxp.mcuxpresso.tools.linux_11.1.0.201909161352/tools/bin/../lib/gcc/arm-none-eabi/8.3.1/../../../../arm-none-eabi/lib/thumb/v7-m/nofp/libcr_c.a(initio.o)
 .comment       0x0000000000000076       0x77 /usr/local/mcuxpressoide-11.1.0_3209/ide/plugins/com.nxp.mcuxpresso.tools.linux_11.1.0.201909161352/tools/bin/../lib/gcc/arm-none-eabi/8.3.1/../../../../arm-none-eabi/lib/thumb/v7-m/nofp/libcr_c.a(printf.o)
 .comment       0x0000000000000076       0x77 /usr/local/mcuxpressoide-11.1.0_3209/ide/plugins/com.nxp.mcuxpresso.tools.linux_11.1.0.201909161352/tools/bin/../lib/gcc/arm-none-eabi/8.3.1/../../../../arm-none-eabi/lib/thumb/v7-m/nofp/libcr_c.a(setvbuf.o)
 .comment       0x0000000000000076       0x77 /usr/local/mcuxpressoide-11.1.0_3209/ide/plugins/com.nxp.mcuxpresso.tools.linux_11.1.0.201909161352/tools/bin/../lib/gcc/arm-none-eabi/8.3.1/../../../../arm-none-eabi/lib/thumb/v7-m/nofp/libcr_c.a(strcat.o)
 .comment       0x0000000000000076       0x77 /usr/local/mcuxpressoide-11.1.0_3209/ide/plugins/com.nxp.mcuxpresso.tools.linux_11.1.0.201909161352/tools/bin/../lib/gcc/arm-none-eabi/8.3.1/../../../../arm-none-eabi/lib/thumb/v7-m/nofp/libcr_c.a(strlen.o)
 .comment       0x0000000000000076       0x77 /usr/local/mcuxpressoide-11.1.0_3209/ide/plugins/com.nxp.mcuxpresso.tools.linux_11.1.0.201909161352/tools/bin/../lib/gcc/arm-none-eabi/8.3.1/../../../../arm-none-eabi/lib/thumb/v7-m/nofp/libcr_c.a(__init_alloc.o)
 .comment       0x0000000000000076       0x77 /usr/local/mcuxpressoide-11.1.0_3209/ide/plugins/com.nxp.mcuxpresso.tools.linux_11.1.0.201909161352/tools/bin/../lib/gcc/arm-none-eabi/8.3.1/../../../../arm-none-eabi/lib/thumb/v7-m/nofp/libcr_c.a(_cr_sbrk.o)
 .comment       0x0000000000000076       0x77 /usr/local/mcuxpressoide-11.1.0_3209/ide/plugins/com.nxp.mcuxpresso.tools.linux_11.1.0.201909161352/tools/bin/../lib/gcc/arm-none-eabi/8.3.1/../../../../arm-none-eabi/lib/thumb/v7-m/nofp/libcr_c.a(_deferredlazyseek.o)
 .comment       0x0000000000000076       0x77 /usr/local/mcuxpressoide-11.1.0_3209/ide/plugins/com.nxp.mcuxpresso.tools.linux_11.1.0.201909161352/tools/bin/../lib/gcc/arm-none-eabi/8.3.1/../../../../arm-none-eabi/lib/thumb/v7-m/nofp/libcr_c.a(_fdopen.o)
 .comment       0x0000000000000076       0x77 /usr/local/mcuxpressoide-11.1.0_3209/ide/plugins/com.nxp.mcuxpresso.tools.linux_11.1.0.201909161352/tools/bin/../lib/gcc/arm-none-eabi/8.3.1/../../../../arm-none-eabi/lib/thumb/v7-m/nofp/libcr_c.a(_fflush.o)
 .comment       0x0000000000000076       0x77 /usr/local/mcuxpressoide-11.1.0_3209/ide/plugins/com.nxp.mcuxpresso.tools.linux_11.1.0.201909161352/tools/bin/../lib/gcc/arm-none-eabi/8.3.1/../../../../arm-none-eabi/lib/thumb/v7-m/nofp/libcr_c.a(_frexpl.o)
 .comment       0x0000000000000076       0x77 /usr/local/mcuxpressoide-11.1.0_3209/ide/plugins/com.nxp.mcuxpresso.tools.linux_11.1.0.201909161352/tools/bin/../lib/gcc/arm-none-eabi/8.3.1/../../../../arm-none-eabi/lib/thumb/v7-m/nofp/libcr_c.a(_ldexpl.o)
 .comment       0x0000000000000076       0x77 /usr/local/mcuxpressoide-11.1.0_3209/ide/plugins/com.nxp.mcuxpresso.tools.linux_11.1.0.201909161352/tools/bin/../lib/gcc/arm-none-eabi/8.3.1/../../../../arm-none-eabi/lib/thumb/v7-m/nofp/libcr_c.a(_writebuf.o)
 .comment       0x0000000000000076       0x77 /usr/local/mcuxpressoide-11.1.0_3209/ide/plugins/com.nxp.mcuxpresso.tools.linux_11.1.0.201909161352/tools/bin/../lib/gcc/arm-none-eabi/8.3.1/../../../../arm-none-eabi/lib/thumb/v7-m/nofp/libcr_c.a(errno.o)
 .comment       0x0000000000000076       0x77 /usr/local/mcuxpressoide-11.1.0_3209/ide/plugins/com.nxp.mcuxpresso.tools.linux_11.1.0.201909161352/tools/bin/../lib/gcc/arm-none-eabi/8.3.1/../../../../arm-none-eabi/lib/thumb/v7-m/nofp/libcr_c.a(fclose.o)
 .comment       0x0000000000000076       0x77 /usr/local/mcuxpressoide-11.1.0_3209/ide/plugins/com.nxp.mcuxpresso.tools.linux_11.1.0.201909161352/tools/bin/../lib/gcc/arm-none-eabi/8.3.1/../../../../arm-none-eabi/lib/thumb/v7-m/nofp/libcr_c.a(fflush.o)
 .comment       0x0000000000000076       0x77 /usr/local/mcuxpressoide-11.1.0_3209/ide/plugins/com.nxp.mcuxpresso.tools.linux_11.1.0.201909161352/tools/bin/../lib/gcc/arm-none-eabi/8.3.1/../../../../arm-none-eabi/lib/thumb/v7-m/nofp/libcr_c.a(fseek.o)
 .comment       0x0000000000000076       0x77 /usr/local/mcuxpressoide-11.1.0_3209/ide/plugins/com.nxp.mcuxpresso.tools.linux_11.1.0.201909161352/tools/bin/../lib/gcc/arm-none-eabi/8.3.1/../../../../arm-none-eabi/lib/thumb/v7-m/nofp/libcr_c.a(ftell.o)
 .comment       0x0000000000000076       0x77 /usr/local/mcuxpressoide-11.1.0_3209/ide/plugins/com.nxp.mcuxpresso.tools.linux_11.1.0.201909161352/tools/bin/../lib/gcc/arm-none-eabi/8.3.1/../../../../arm-none-eabi/lib/thumb/v7-m/nofp/libcr_c.a(remove.o)
 .comment       0x0000000000000076       0x77 /usr/local/mcuxpressoide-11.1.0_3209/ide/plugins/com.nxp.mcuxpresso.tools.linux_11.1.0.201909161352/tools/bin/../lib/gcc/arm-none-eabi/8.3.1/../../../../arm-none-eabi/lib/thumb/v7-m/nofp/libcr_c.a(_cr_check_heap.o)
 .comment       0x0000000000000076       0x77 /usr/local/mcuxpressoide-11.1.0_3209/ide/plugins/com.nxp.mcuxpresso.tools.linux_11.1.0.201909161352/tools/bin/../lib/gcc/arm-none-eabi/8.3.1/../../../../arm-none-eabi/lib/thumb/v7-m/nofp/libcr_c.a(_do_fflush.o)
 .comment       0x0000000000000076       0x77 /usr/local/mcuxpressoide-11.1.0_3209/ide/plugins/com.nxp.mcuxpresso.tools.linux_11.1.0.201909161352/tools/bin/../lib/gcc/arm-none-eabi/8.3.1/thumb/v7-m/nofp/libcr_eabihelpers.a(double.o)
 .comment       0x0000000000000076       0x77 /usr/local/mcuxpressoide-11.1.0_3209/ide/plugins/com.nxp.mcuxpresso.tools.linux_11.1.0.201909161352/tools/bin/../lib/gcc/arm-none-eabi/8.3.1/../../../../arm-none-eabi/lib/thumb/v7-m/nofp/libcr_nohost_nf.a(__ciob.o)
 .comment       0x0000000000000076       0x77 /usr/local/mcuxpressoide-11.1.0_3209/ide/plugins/com.nxp.mcuxpresso.tools.linux_11.1.0.201909161352/tools/bin/../lib/gcc/arm-none-eabi/8.3.1/../../../../arm-none-eabi/lib/thumb/v7-m/nofp/libcr_nohost_nf.a(__sys_appexit.o)
 .comment       0x0000000000000076       0x77 /usr/local/mcuxpressoide-11.1.0_3209/ide/plugins/com.nxp.mcuxpresso.tools.linux_11.1.0.201909161352/tools/bin/../lib/gcc/arm-none-eabi/8.3.1/../../../../arm-none-eabi/lib/thumb/v7-m/nofp/libcr_nohost_nf.a(__sys_close.o)
 .comment       0x0000000000000076       0x77 /usr/local/mcuxpressoide-11.1.0_3209/ide/plugins/com.nxp.mcuxpresso.tools.linux_11.1.0.201909161352/tools/bin/../lib/gcc/arm-none-eabi/8.3.1/../../../../arm-none-eabi/lib/thumb/v7-m/nofp/libcr_nohost_nf.a(__sys_flen.o)
 .comment       0x0000000000000076       0x77 /usr/local/mcuxpressoide-11.1.0_3209/ide/plugins/com.nxp.mcuxpresso.tools.linux_11.1.0.201909161352/tools/bin/../lib/gcc/arm-none-eabi/8.3.1/../../../../arm-none-eabi/lib/thumb/v7-m/nofp/libcr_nohost_nf.a(__sys_istty.o)
 .comment       0x0000000000000076       0x77 /usr/local/mcuxpressoide-11.1.0_3209/ide/plugins/com.nxp.mcuxpresso.tools.linux_11.1.0.201909161352/tools/bin/../lib/gcc/arm-none-eabi/8.3.1/../../../../arm-none-eabi/lib/thumb/v7-m/nofp/libcr_nohost_nf.a(__sys_remove.o)
 .comment       0x0000000000000076       0x77 /usr/local/mcuxpressoide-11.1.0_3209/ide/plugins/com.nxp.mcuxpresso.tools.linux_11.1.0.201909161352/tools/bin/../lib/gcc/arm-none-eabi/8.3.1/../../../../arm-none-eabi/lib/thumb/v7-m/nofp/libcr_nohost_nf.a(__sys_seek.o)
 .comment       0x0000000000000076       0x77 /usr/local/mcuxpressoide-11.1.0_3209/ide/plugins/com.nxp.mcuxpresso.tools.linux_11.1.0.201909161352/tools/bin/../lib/gcc/arm-none-eabi/8.3.1/../../../../arm-none-eabi/lib/thumb/v7-m/nofp/libcr_nohost_nf.a(__sys_tmpnam.o)

.ARM.attributes
                0x0000000000000000       0x2b
 .ARM.attributes
                0x0000000000000000       0x2d ./freertos/src/FreeRTOSCommonHooks.o
 .ARM.attributes
                0x000000000000002d       0x2d ./freertos/src/heap_3.o
 .ARM.attributes
                0x000000000000005a       0x2d ./freertos/src/list.o
 .ARM.attributes
                0x0000000000000087       0x2d ./freertos/src/port.o
 .ARM.attributes