Archive member included to satisfy reference by file (symbol)

/home/nico/Documents/MCUXpresso_11.1.0_3209/workspace/lpcopen_2_10_lpcxpresso_nxp_lpcxpresso_1769.zip_expanded/lpc_board_nxp_lpcxpresso_1769/Debug/liblpc_board_nxp_lpcxpresso_1769.a(board.o)
                              ./freertos/src/FreeRTOSCommonHooks.o (Board_UARTPutSTR)
/home/nico/Documents/MCUXpresso_11.1.0_3209/workspace/lpcopen_2_10_lpcxpresso_nxp_lpcxpresso_1769.zip_expanded/lpc_board_nxp_lpcxpresso_1769/Debug/liblpc_board_nxp_lpcxpresso_1769.a(board_sysinit.o)
                              ./example/src/sysinit.o (Board_SystemInit)
/home/nico/Documents/MCUXpresso_11.1.0_3209/workspace/lpcopen_2_10_lpcxpresso_nxp_lpcxpresso_1769.zip_expanded/lpc_chip_175x_6x/Debug/liblpc_chip_175x_6x.a(chip_17xx_40xx.o)
                              ./freertos/src/port.o (SystemCoreClock)
/home/nico/Documents/MCUXpresso_11.1.0_3209/workspace/lpcopen_2_10_lpcxpresso_nxp_lpcxpresso_1769.zip_expanded/lpc_chip_175x_6x/Debug/liblpc_chip_175x_6x.a(clock_17xx_40xx.o)
                              /home/nico/Documents/MCUXpresso_11.1.0_3209/workspace/lpcopen_2_10_lpcxpresso_nxp_lpcxpresso_1769.zip_expanded/lpc_chip_175x_6x/Debug/liblpc_chip_175x_6x.a(chip_17xx_40xx.o) (Chip_Clock_EnablePLL)
/home/nico/Documents/MCUXpresso_11.1.0_3209/workspace/lpcopen_2_10_lpcxpresso_nxp_lpcxpresso_1769.zip_expanded/lpc_chip_175x_6x/Debug/liblpc_chip_175x_6x.a(i2s_17xx_40xx.o)
                              /home/nico/Documents/MCUXpresso_11.1.0_3209/workspace/lpcopen_2_10_lpcxpresso_nxp_lpcxpresso_1769.zip_expanded/lpc_board_nxp_lpcxpresso_1769/Debug/liblpc_board_nxp_lpcxpresso_1769.a(board.o) (Chip_I2S_Init)
/home/nico/Documents/MCUXpresso_11.1.0_3209/workspace/lpcopen_2_10_lpcxpresso_nxp_lpcxpresso_1769.zip_expanded/lpc_chip_175x_6x/Debug/liblpc_chip_175x_6x.a(iocon_17xx_40xx.o)
                              /home/nico/Documents/MCUXpresso_11.1.0_3209/workspace/lpcopen_2_10_lpcxpresso_nxp_lpcxpresso_1769.zip_expanded/lpc_board_nxp_lpcxpresso_1769/Debug/liblpc_board_nxp_lpcxpresso_1769.a(board.o) (Chip_IOCON_PinMux)
/home/nico/Documents/MCUXpresso_11.1.0_3209/workspace/lpcopen_2_10_lpcxpresso_nxp_lpcxpresso_1769.zip_expanded/lpc_chip_175x_6x/Debug/liblpc_chip_175x_6x.a(sysinit_17xx_40xx.o)
                              /home/nico/Documents/MCUXpresso_11.1.0_3209/workspace/lpcopen_2_10_lpcxpresso_nxp_lpcxpresso_1769.zip_expanded/lpc_board_nxp_lpcxpresso_1769/Debug/liblpc_board_nxp_lpcxpresso_1769.a(board_sysinit.o) (Chip_SetupXtalClocking)
/home/nico/Documents/MCUXpresso_11.1.0_3209/workspace/lpcopen_2_10_lpcxpresso_nxp_lpcxpresso_1769.zip_expanded/lpc_chip_175x_6x/Debug/liblpc_chip_175x_6x.a(uart_17xx_40xx.o)
                              /home/nico/Documents/MCUXpresso_11.1.0_3209/workspace/lpcopen_2_10_lpcxpresso_nxp_lpcxpresso_1769.zip_expanded/lpc_board_nxp_lpcxpresso_1769/Debug/liblpc_board_nxp_lpcxpresso_1769.a(board.o) (Chip_UART_Init)
/home/nico/Documents/MCUXpresso_11.1.0_3209/workspace/lpcopen_2_10_lpcxpresso_nxp_lpcxpresso_1769.zip_expanded/lpc_chip_175x_6x/Debug/liblpc_chip_175x_6x.a(ring_buffer.o)
                              /home/nico/Documents/MCUXpresso_11.1.0_3209/workspace/lpcopen_2_10_lpcxpresso_nxp_lpcxpresso_1769.zip_expanded/lpc_chip_175x_6x/Debug/liblpc_chip_175x_6x.a(uart_17xx_40xx.o) (RingBuffer_Insert)
/usr/local/mcuxpressoide-11.1.0_3209/ide/plugins/com.nxp.mcuxpresso.tools.linux_11.1.0.201909161352/tools/bin/../lib/gcc/arm-none-eabi/8.3.1/../../../../arm-none-eabi/lib/thumb/v7-m/nofp/libcr_nohost_nf.a(_cr__main.o)
                              ./example/src/cr_startup_lpc175x_6x.o (__main)
/usr/local/mcuxpressoide-11.1.0_3209/ide/plugins/com.nxp.mcuxpresso.tools.linux_11.1.0.201909161352/tools/bin/../lib/gcc/arm-none-eabi/8.3.1/../../../../arm-none-eabi/lib/thumb/v7-m/nofp/libcr_c.a(memcpy.o)
                              ./freertos/src/queue.o (memcpy)
/usr/local/mcuxpressoide-11.1.0_3209/ide/plugins/com.nxp.mcuxpresso.tools.linux_11.1.0.201909161352/tools/bin/../lib/gcc/arm-none-eabi/8.3.1/../../../../arm-none-eabi/lib/thumb/v7-m/nofp/libcr_c.a(memset.o)
                              ./freertos/src/tasks.o (memset)
/usr/local/mcuxpressoide-11.1.0_3209/ide/plugins/com.nxp.mcuxpresso.tools.linux_11.1.0.201909161352/tools/bin/../lib/gcc/arm-none-eabi/8.3.1/../../../../arm-none-eabi/lib/thumb/v7-m/nofp/libcr_c.a(alloc.o)
                              ./freertos/src/heap_3.o (malloc)
/usr/local/mcuxpressoide-11.1.0_3209/ide/plugins/com.nxp.mcuxpresso.tools.linux_11.1.0.201909161352/tools/bin/../lib/gcc/arm-none-eabi/8.3.1/../../../../arm-none-eabi/lib/thumb/v7-m/nofp/libcr_c.a(fpprintf.o)
                              ./example/src/P-C-individual.o (sprintf)
/usr/local/mcuxpressoide-11.1.0_3209/ide/plugins/com.nxp.mcuxpresso.tools.linux_11.1.0.201909161352/tools/bin/../lib/gcc/arm-none-eabi/8.3.1/../../../../arm-none-eabi/lib/thumb/v7-m/nofp/libcr_c.a(initio.o)
[...]
Memory Configuration

Name             Origin             Length             Attributes
MFlash512        0x0000000000000000 0x0000000000080000 xr
RamLoc32         0x0000000010000000 0x0000000000008000 xrw
RamAHB32         0x000000002007c000 0x0000000000008000 xrw
*default*        0x0000000000000000 0xffffffffffffffff

Linker script and memory map

LOAD ./freertos/src/FreeRTOSCommonHooks.o
LOAD ./freertos/src/heap_3.o
LOAD ./freertos/src/list.o
LOAD ./freertos/src/port.o
LOAD ./freertos/src/queue.o
LOAD ./freertos/src/tasks.o
LOAD ./example/src/P-C-individual.o
LOAD ./example/src/cr_startup_lpc175x_6x.o
LOAD ./example/src/sysinit.o
LOAD ./example/src/trcKernelPort.o
LOAD ./example/src/trcSnapshotRecorder.o
LOAD ./example/src/trcStreamingRecorder.o
LOAD /home/nico/Documents/MCUXpresso_11.1.0_3209/workspace/lpcopen_2_10_lpcxpresso_nxp_lpcxpresso_1769.zip_expanded/lpc_board_nxp_lpcxpresso_1769/Debug/liblpc_board_nxp_lpcxpresso_1769.a
LOAD /home/nico/Documents/MCUXpresso_11.1.0_3209/workspace/lpcopen_2_10_lpcxpresso_nxp_lpcxpresso_1769.zip_expanded/lpc_chip_175x_6x/Debug/liblpc_chip_175x_6x.a
START GROUP
LOAD /usr/local/mcuxpressoide-11.1.0_3209/ide/plugins/com.nxp.mcuxpresso.tools.linux_11.1.0.201909161352/tools/bin/../lib/gcc/arm-none-eabi/8.3.1/../../../../arm-none-eabi/lib/thumb/v7-m/nofp/libcr_nohost_nf.a
LOAD /usr/local/mcuxpressoide-11.1.0_3209/ide/plugins/com.nxp.mcuxpresso.tools.linux_11.1.0.201909161352/tools/bin/../lib/gcc/arm-none-eabi/8.3.1/../../../../arm-none-eabi/lib/thumb/v7-m/nofp/libcr_c.a
LOAD /usr/local/mcuxpressoide-11.1.0_3209/ide/plugins/com.nxp.mcuxpresso.tools.linux_11.1.0.201909161352/tools/bin/../lib/gcc/arm-none-eabi/8.3.1/thumb/v7-m/nofp/libcr_eabihelpers.a
LOAD /usr/local/mcuxpressoide-11.1.0_3209/ide/plugins/com.nxp.mcuxpresso.tools.linux_11.1.0.201909161352/tools/bin/../lib/gcc/arm-none-eabi/8.3.1/thumb/v7-m/nofp/libgcc.a
END GROUP
                0x0000000000000000                __base_MFlash512 = 0x0
                0x0000000000000000                __base_Flash = 0x0
                0x0000000000080000                __top_MFlash512 = 0x80000
                0x0000000000080000                __top_Flash = 0x80000
                0x0000000010000000                __base_RamLoc32 = 0x10000000
                0x0000000010000000                __base_RAM = 0x10000000
                0x0000000010008000                __top_RamLoc32 = 0x10008000
                0x0000000010008000                __top_RAM = 0x10008000
                0x000000002007c000                __base_RamAHB32 = 0x2007c000
                0x000000002007c000                __base_RAM2 = 0x2007c000
                0x0000000020084000                __top_RamAHB32 = 0x20084000
                0x0000000020084000                __top_RAM2 = 0x20084000

.text           0x0000000000000000     0x6ac0
 FILL mask 0xff
                0x0000000000000000                __vectors_start__ = ABSOLUTE (.)
 *(.isr_vector)
 .isr_vector    0x0000000000000000       0xcc ./example/src/cr_startup_lpc175x_6x.o
                0x0000000000000000                g_pfnVectors
                0x00000000000000cc                . = ALIGN (0x4)
                0x00000000000000cc                __section_table_start = .
                0x00000000000000cc                __data_section_table = .
                0x00000000000000cc        0x4 LONG 0x6ac0 LOADADDR (.data)
                0x00000000000000d0        0x4 LONG 0x10000000 ADDR (.data)
                0x00000000000000d4        0x4 LONG 0x10 SIZEOF (.data)
                0x00000000000000d8        0x4 LONG 0x6ac0 LOADADDR (.data_RAM2)
                0x00000000000000dc        0x4 LONG 0x2007c000 ADDR (.data_RAM2)
                0x00000000000000e0        0x4 LONG 0x0 SIZEOF (.data_RAM2)
                0x00000000000000e4                __data_section_table_end = .
                0x00000000000000e4                __bss_section_table = .
                0x00000000000000e4        0x4 LONG 0x10000010 ADDR (.bss)
                0x00000000000000e8        0x4 LONG 0x1d50 SIZEOF (.bss)
                0x00000000000000ec        0x4 LONG 0x2007c000 ADDR (.bss_RAM2)
                0x00000000000000f0        0x4 LONG 0x0 SIZEOF (.bss_RAM2)
                0x00000000000000f4                __bss_section_table_end = .
                0x00000000000000f4                __section_table_end = .
 *(.after_vectors*)
 .after_vectors
                0x00000000000000f4      0x12c ./example/src/cr_startup_lpc175x_6x.o
                0x00000000000000f4                data_init
                0x0000000000000136                bss_init
                0x000000000000016c                ResetISR
                0x00000000000001e4                NMI_Handler
                0x00000000000001ea                HardFault_Handler
                0x00000000000001f0                MemManage_Handler
                0x00000000000001f6                BusFault_Handler
                0x00000000000001fc                UsageFault_Handler
                0x0000000000000208                DebugMon_Handler
                0x000000000000021a                TIMER2_IRQHandler
                0x000000000000021a                RIT_IRQHandler
                0x000000000000021a                I2C0_IRQHandler
                0x000000000000021a                USBActivity_IRQHandler
                0x000000000000021a                PWM1_IRQHandler
                0x000000000000021a                I2C1_IRQHandler
                0x000000000000021a                EINT2_IRQHandler
                0x000000000000021a                UART1_IRQHandler
                0x000000000000021a                EINT3_IRQHandler
                0x000000000000021a                CANActivity_IRQHandler
                0x000000000000021a                TIMER3_IRQHandler
                0x000000000000021a                UART0_IRQHandler
                0x000000000000021a                IntDefaultHandler
                0x000000000000021a                PLL0_IRQHandler
                0x000000000000021a                CAN_IRQHandler
                0x000000000000021a                PLL1_IRQHandler
                0x000000000000021a                SSP0_IRQHandler
                0x000000000000021a                I2S_IRQHandler
                0x000000000000021a                I2C2_IRQHandler
                0x000000000000021a                RTC_IRQHandler
                0x000000000000021a                TIMER0_IRQHandler
                0x000000000000021a                SPI_IRQHandler
                0x000000000000021a                EINT1_IRQHandler
                0x000000000000021a                TIMER1_IRQHandler
                0x000000000000021a                UART2_IRQHandler
                0x000000000000021a                ADC_IRQHandler
                0x000000000000021a                SSP1_IRQHandler
                0x000000000000021a                USB_IRQHandler
                0x000000000000021a                BOD_IRQHandler
                0x000000000000021a                WDT_IRQHandler
                0x000000000000021a                QEI_IRQHandler
                0x000000000000021a                EINT0_IRQHandler
                0x000000000000021a                ETH_IRQHandler
                0x000000000000021a                DMA_IRQHandler
                0x000000000000021a                UART3_IRQHandler
                0x000000000000021a                MCPWM_IRQHandler
 *(.text*)
 .text.vApplicationIdleHook
                0x0000000000000220        0xe ./freertos/src/FreeRTOSCommonHooks.o
                0x0000000000000220                vApplicationIdleHook
 .text.pvPortMalloc
                0x000000000000022e       0x22 ./freertos/src/heap_3.o
                0x000000000000022e                pvPortMalloc
 .text.vPortFree
                0x0000000000000250       0x24 ./freertos/src/heap_3.o
                0x0000000000000250                vPortFree
 .text.vListInitialise
                0x0000000000000274       0x3e ./freertos/src/list.o
                0x0000000000000274                vListInitialise
 .text.vListInitialiseItem
                0x00000000000002b2       0x18 ./freertos/src/list.o
                0x00000000000002b2                vListInitialiseItem
 .text.vListInsertEnd
                0x00000000000002ca       0x46 ./freertos/src/list.o
                0x00000000000002ca                vListInsertEnd
 .text.vListInsert
                0x0000000000000310       0x70 ./freertos/src/list.o
                0x0000000000000310                vListInsert
 .text.uxListRemove
                0x0000000000000380       0x52 ./freertos/src/list.o
                0x0000000000000380                uxListRemove
 *fill*         0x00000000000003d2        0x2 ff
 .text.pxPortInitialiseStack
                0x00000000000003d4       0x54 ./freertos/src/port.o
                0x00000000000003d4                pxPortInitialiseStack
 .text.prvTaskExitError
                0x0000000000000428        0xa ./freertos/src/port.o
 *fill*         0x0000000000000432        0x2 ff
 .text.SVC_Handler
                0x0000000000000434       0x24 ./freertos/src/port.o
                0x0000000000000434                SVC_Handler
 .text.prvPortStartFirstTask
                0x0000000000000458       0x18 ./freertos/src/port.o
 .text.xPortStartScheduler
                0x0000000000000470       0x38 ./freertos/src/port.o
                0x0000000000000470                xPortStartScheduler
 .text.vPortYield
                0x00000000000004a8       0x20 ./freertos/src/port.o
                0x00000000000004a8                vPortYield
 .text.vPortEnterCritical
                0x00000000000004c8       0x24 ./freertos/src/port.o
                0x00000000000004c8                vPortEnterCritical
 .text.vPortExitCritical
                0x00000000000004ec       0x24 ./freertos/src/port.o
                0x00000000000004ec                vPortExitCritical
 .text.ulPortSetInterruptMask
                0x0000000000000510       0x12 ./freertos/src/port.o
                0x0000000000000510                ulPortSetInterruptMask
 .text.vPortClearInterruptMask
                0x0000000000000522        0x8 ./freertos/src/port.o
                0x0000000000000522                vPortClearInterruptMask
 *fill*         0x000000000000052a        0x2 ff
 .text.PendSV_Handler
                0x000000000000052c       0x40 ./freertos/src/port.o
                0x000000000000052c                PendSV_Handler
 .text.SysTick_Handler
                0x000000000000056c       0x28 ./freertos/src/port.o
                0x000000000000056c                SysTick_Handler
 .text.vPortSuppressTicksAndSleep
                0x0000000000000594      0x15c ./freertos/src/port.o
                0x0000000000000594                vPortSuppressTicksAndSleep
 .text.vPortSetupTimerInterrupt
                0x00000000000006f0       0x68 ./freertos/src/port.o
                0x00000000000006f0                vPortSetupTimerInterrupt
 .text.xTaskGenericCreate
                0x0000000000000758      0x1dc ./freertos/src/tasks.o
                0x0000000000000758                xTaskGenericCreate
 .text.vTaskDelay
                0x0000000000000934       0x98 ./freertos/src/tasks.o
                0x0000000000000934                vTaskDelay
 .text.vTaskStartScheduler
                0x00000000000009cc       0x58 ./freertos/src/tasks.o
                0x00000000000009cc                vTaskStartScheduler
 .text.vTaskSuspendAll
                0x0000000000000a24       0x1c ./freertos/src/tasks.o
                0x0000000000000a24                vTaskSuspendAll
 .text.prvGetExpectedIdleTime
                0x0000000000000a40       0x4c ./freertos/src/tasks.o
 .text.xTaskResumeAll
                0x0000000000000a8c      0x118 ./freertos/src/tasks.o
                0x0000000000000a8c                xTaskResumeAll
 .text.vTaskStepTick
                0x0000000000000ba4       0x24 ./freertos/src/tasks.o
                0x0000000000000ba4                vTaskStepTick
 .text.xTaskIncrementTick
                0x0000000000000bc8      0x1e0 ./freertos/src/tasks.o
                0x0000000000000bc8                xTaskIncrementTick
 .text.vTaskSwitchContext
                0x0000000000000da8       0xc8 ./freertos/src/tasks.o
                0x0000000000000da8                vTaskSwitchContext
 .text.uxTaskGetTaskNumber
                0x0000000000000e70       0x2a ./freertos/src/tasks.o
                0x0000000000000e70                uxTaskGetTaskNumber
 .text.vTaskSetTaskNumber
                0x0000000000000e9a       0x24 ./freertos/src/tasks.o
                0x0000000000000e9a                vTaskSetTaskNumber
 *fill*         0x0000000000000ebe        0x2 ff
 .text.prvIdleTask
                0x0000000000000ec0       0x64 ./freertos/src/tasks.o
 .text.eTaskConfirmSleepModeStatus
                0x0000000000000f24       0x5c ./freertos/src/tasks.o
                0x0000000000000f24                eTaskConfirmSleepModeStatus
 .text.prvInitialiseTCBVariables
                0x0000000000000f80       0x98 ./freertos/src/tasks.o
 .text.prvInitialiseTaskLists
                0x0000000000001018       0x80 ./freertos/src/tasks.o
 .text.prvCheckTasksWaitingTermination
                0x0000000000001098       0x78 ./freertos/src/tasks.o
 .text.prvAddCurrentTaskToDelayedList
                0x0000000000001110       0x6c ./freertos/src/tasks.o
 .text.prvAllocateTCBAndStack
                0x000000000000117c       0x62 ./freertos/src/tasks.o
 .text.prvTaskCheckFreeStackSpace
                0x00000000000011de       0x34 ./freertos/src/tasks.o
 *fill*         0x0000000000001212        0x2 ff
 .text.uxTaskGetStackHighWaterMark
                0x0000000000001214       0x38 ./freertos/src/tasks.o
                0x0000000000001214                uxTaskGetStackHighWaterMark
 .text.prvDeleteTCB
                0x000000000000124c       0x20 ./freertos/src/tasks.o
 .text.xTaskGetCurrentTaskHandle
                0x000000000000126c       0x1c ./freertos/src/tasks.o
                0x000000000000126c                xTaskGetCurrentTaskHandle
 .text.prvSetupHardware
                0x0000000000001288       0x10 ./example/src/P-C-individual.o
 .text.producer
                0x0000000000001298       0x48 ./example/src/P-C-individual.o
 .text.consumer
                0x00000000000012e0       0x2c ./example/src/P-C-individual.o
 .text.main     0x000000000000130c       0x64 ./example/src/P-C-individual.o
                0x000000000000130c                main
 .text.SystemInit
                0x0000000000001370       0x24 ./example/src/sysinit.o
                0x0000000000001370                SystemInit
 .text.prvTraceGetTaskNumberLow16
                0x0000000000001394       0x1a ./example/src/trcKernelPort.o
                0x0000000000001394                prvTraceGetTaskNumberLow16
 .text.prvTraceSetTaskNumberLow16
                0x00000000000013ae       0x2c ./example/src/trcKernelPort.o
                0x00000000000013ae                prvTraceSetTaskNumberLow16
 *fill*         0x00000000000013da        0x2 ff
 .text.prvAddTaskToStackMonitor
                0x00000000000013dc       0x6c ./example/src/trcKernelPort.o
                0x00000000000013dc                prvAddTaskToStackMonitor
 .text.prvReportStackUsage
                0x0000000000001448       0xc8 ./example/src/trcKernelPort.o
                0x0000000000001448                prvReportStackUsage
 .text.prvTraceGetCurrentTaskHandle
                0x0000000000001510        0xe ./example/src/trcKernelPort.o
                0x0000000000001510                prvTraceGetCurrentTaskHandle
 *fill*         0x000000000000151e        0x2 ff
 .text.vTraceEnable
                0x0000000000001520       0x74 ./example/src/trcKernelPort.o
                0x0000000000001520                vTraceEnable
 .text.TzCtrl   0x0000000000001594       0x1e ./example/src/trcKernelPort.o
 *fill*         0x00000000000015b2        0x2 ff
 .text.vTraceInitObjectPropertyTable
                0x00000000000015b4      0x198 ./example/src/trcKernelPort.o
                0x00000000000015b4                vTraceInitObjectPropertyTable
 .text.vTraceInitObjectHandleStack
                0x000000000000174c       0xc4 ./example/src/trcKernelPort.o
                0x000000000000174c                vTraceInitObjectHandleStack
 .text.pszTraceGetErrorNotEnoughHandles
                0x0000000000001810       0x94 ./example/src/trcKernelPort.o
                0x0000000000001810                pszTraceGetErrorNotEnoughHandles
 .text.uiTraceStart
                0x00000000000018a4       0xdc ./example/src/trcSnapshotRecorder.o
                0x00000000000018a4                uiTraceStart
 .text.vTraceStart
                0x0000000000001980        0xc ./example/src/trcSnapshotRecorder.o
                0x0000000000001980                vTraceStart
 .text.vTraceStop
                0x000000000000198c       0x30 ./example/src/trcSnapshotRecorder.o
                0x000000000000198c                vTraceStop
 .text.xTraceIsRecordingEnabled
                0x00000000000019bc       0x24 ./example/src/trcSnapshotRecorder.o
                0x00000000000019bc                xTraceIsRecordingEnabled
 .text.prvTraceStoreTaskReady
                0x00000000000019e0       0xc8 ./example/src/trcSnapshotRecorder.o
                0x00000000000019e0                prvTraceStoreTaskReady
 .text.prvTraceStoreLowPower
                0x0000000000001aa8       0xa8 ./example/src/trcSnapshotRecorder.o
                0x0000000000001aa8                prvTraceStoreLowPower
 .text.prvTraceStoreKernelCall
                0x0000000000001b50       0xf8 ./example/src/trcSnapshotRecorder.o
                0x0000000000001b50                prvTraceStoreKernelCall
 .text.prvTraceStoreKernelCallWithParam
                0x0000000000001c48      0x110 ./example/src/trcSnapshotRecorder.o
                0x0000000000001c48                prvTraceStoreKernelCallWithParam
 .text.prvTraceGetParam
                0x0000000000001d58       0x78 ./example/src/trcSnapshotRecorder.o
 .text.prvTraceStoreKernelCallWithNumericParamOnly
                0x0000000000001dd0       0xc8 ./example/src/trcSnapshotRecorder.o
                0x0000000000001dd0                prvTraceStoreKernelCallWithNumericParamOnly
 .text.prvTraceStoreTaskswitch
                0x0000000000001e98       0xe0 ./example/src/trcSnapshotRecorder.o
                0x0000000000001e98                prvTraceStoreTaskswitch
 .text.prvTraceSetPriorityProperty
                0x0000000000001f78       0x78 ./example/src/trcSnapshotRecorder.o
                0x0000000000001f78                prvTraceSetPriorityProperty
 .text.prvTraceSetObjectState
                0x0000000000001ff0       0x78 ./example/src/trcSnapshotRecorder.o
                0x0000000000001ff0                prvTraceSetObjectState
 .text.prvTraceGetObjectState
                0x0000000000002068       0x78 ./example/src/trcSnapshotRecorder.o
 .text.prvTraceSetTaskInstanceFinished
                0x00000000000020e0       0x54 ./example/src/trcSnapshotRecorder.o
                0x00000000000020e0                prvTraceSetTaskInstanceFinished
 .text.prvTraceInitTraceData
                0x0000000000002134      0x22c ./example/src/trcSnapshotRecorder.o
                0x0000000000002134                prvTraceInitTraceData
 .text.prvTraceNextFreeEventBufferSlot
                0x0000000000002360       0x48 ./example/src/trcSnapshotRecorder.o
 .text.uiIndexOfObject
                0x00000000000023a8       0xb0 ./example/src/trcSnapshotRecorder.o
                0x00000000000023a8                uiIndexOfObject
 .text.prvTraceGetObjectHandle
                0x0000000000002458      0x158 ./example/src/trcSnapshotRecorder.o
                0x0000000000002458                prvTraceGetObjectHandle
 .text.prvStrncpy
                0x00000000000025b0       0x4a ./example/src/trcSnapshotRecorder.o
 *fill*         0x00000000000025fa        0x2 ff
 .text.prvTraceSetObjectName
                0x00000000000025fc       0xbc ./example/src/trcSnapshotRecorder.o
                0x00000000000025fc                prvTraceSetObjectName
 .text.prvTraceError
                0x00000000000026b8       0x58 ./example/src/trcSnapshotRecorder.o
                0x00000000000026b8                prvTraceError
 .text.prvCheckDataToBeOverwrittenForMultiEntryEvents
                0x0000000000002710      0x114 ./example/src/trcSnapshotRecorder.o
 .text.prvTraceUpdateCounters
                0x0000000000002824       0x50 ./example/src/trcSnapshotRecorder.o
 .text.prvTraceGetDTS
                0x0000000000002874      0x1b0 ./example/src/trcSnapshotRecorder.o
 .text.prvTraceInitCortexM
                0x0000000000002a24       0x6c ./example/src/trcSnapshotRecorder.o
                0x0000000000002a24                prvTraceInitCortexM
 .text.prvTracePortGetTimeStamp
                0x0000000000002a90       0x94 ./example/src/trcSnapshotRecorder.o
                0x0000000000002a90                prvTracePortGetTimeStamp
 .text.Chip_IOCON_Init
                0x0000000000002b24       0x16 /home/nico/Documents/MCUXpresso_11.1.0_3209/workspace/lpcopen_2_10_lpcxpresso_nxp_lpcxpresso_1769.zip_expanded/lpc_board_nxp_lpcxpresso_1769/Debug/liblpc_board_nxp_lpcxpresso_1769.a(board.o)
 .text.Chip_GPIO_Init
                0x0000000000002b3a       0x16 /home/nico/Documents/MCUXpresso_11.1.0_3209/workspace/lpcopen_2_10_lpcxpresso_nxp_lpcxpresso_1769.zip_expanded/lpc_board_nxp_lpcxpresso_1769/Debug/liblpc_board_nxp_lpcxpresso_1769.a(board.o)
 .text.Chip_GPIO_SetPinDIROutput
                0x0000000000002b50       0x36 /home/nico/Documents/MCUXpresso_11.1.0_3209/workspace/lpcopen_2_10_lpcxpresso_nxp_lpcxpresso_1769.zip_expanded/lpc_board_nxp_lpcxpresso_1769/Debug/liblpc_board_nxp_lpcxpresso_1769.a(board.o)
 .text.Chip_GPIO_SetPinDIRInput
                0x0000000000002b86       0x3a /home/nico/Documents/MCUXpresso_11.1.0_3209/workspace/lpcopen_2_10_lpcxpresso_nxp_lpcxpresso_1769.zip_expanded/lpc_board_nxp_lpcxpresso_1769/Debug/liblpc_board_nxp_lpcxpresso_1769.a(board.o)
 .text.Chip_GPIO_SetPinDIR
                0x0000000000002bc0       0x42 /home/nico/Documents/MCUXpresso_11.1.0_3209/workspace/lpcopen_2_10_lpcxpresso_nxp_lpcxpresso_1769.zip_expanded/lpc_board_nxp_lpcxpresso_1769/Debug/liblpc_board_nxp_lpcxpresso_1769.a(board.o)
 .text.Chip_GPIO_WriteDirBit
                0x0000000000002c02       0x2e /home/nico/Documents/MCUXpresso_11.1.0_3209/workspace/lpcopen_2_10_lpcxpresso_nxp_lpcxpresso_1769.zip_expanded/lpc_board_nxp_lpcxpresso_1769/Debug/liblpc_board_nxp_lpcxpresso_1769.a(board.o)
 .text.Chip_UART_SendByte
                0x0000000000002c30       0x1c /home/nico/Documents/MCUXpresso_11.1.0_3209/workspace/lpcopen_2_10_lpcxpresso_nxp_lpcxpresso_1769.zip_expanded/lpc_board_nxp_lpcxpresso_1769/Debug/liblpc_board_nxp_lpcxpresso_1769.a(board.o)
 .text.Chip_UART_ConfigData
                0x0000000000002c4c       0x1a /home/nico/Documents/MCUXpresso_11.1.0_3209/workspace/lpcopen_2_10_lpcxpresso_nxp_lpcxpresso_1769.zip_expanded/lpc_board_nxp_lpcxpresso_1769/Debug/liblpc_board_nxp_lpcxpresso_1769.a(board.o)
 .text.Chip_UART_ReadLineStatus
                0x0000000000002c66       0x16 /home/nico/Documents/MCUXpresso_11.1.0_3209/workspace/lpcopen_2_10_lpcxpresso_nxp_lpcxpresso_1769.zip_expanded/lpc_board_nxp_lpcxpresso_1769/Debug/liblpc_board_nxp_lpcxpresso_1769.a(board.o)
 .text.__sys_write
                0x0000000000002c7c       0x38 /home/nico/Documents/MCUXpresso_11.1.0_3209/workspace/lpcopen_2_10_lpcxpresso_nxp_lpcxpresso_1769.zip_expanded/lpc_board_nxp_lpcxpresso_1769/Debug/liblpc_board_nxp_lpcxpresso_1769.a(board.o)
                0x0000000000002c7c                __sys_write
 .text.Board_LED_Init
                0x0000000000002cb4       0x18 /home/nico/Documents/MCUXpresso_11.1.0_3209/workspace/lpcopen_2_10_lpcxpresso_nxp_lpcxpresso_1769.zip_expanded/lpc_board_nxp_lpcxpresso_1769/Debug/liblpc_board_nxp_lpcxpresso_1769.a(board.o)
 .text.Board_UART_Init
                0x0000000000002ccc       0x12 /home/nico/Documents/MCUXpresso_11.1.0_3209/workspace/lpcopen_2_10_lpcxpresso_nxp_lpcxpresso_1769.zip_expanded/lpc_board_nxp_lpcxpresso_1769/Debug/liblpc_board_nxp_lpcxpresso_1769.a(board.o)
                0x0000000000002ccc                Board_UART_Init
 *fill*         0x0000000000002cde        0x2 ff
 .text.Board_Debug_Init
                0x0000000000002ce0       0x30 /home/nico/Documents/MCUXpresso_11.1.0_3209/workspace/lpcopen_2_10_lpcxpresso_nxp_lpcxpresso_1769.zip_expanded/lpc_board_nxp_lpcxpresso_1769/Debug/liblpc_board_nxp_lpcxpresso_1769.a(board.o)
                0x0000000000002ce0                Board_Debug_Init
 .text.Board_UARTPutChar
                0x0000000000002d10       0x34 /home/nico/Documents/MCUXpresso_11.1.0_3209/workspace/lpcopen_2_10_lpcxpresso_nxp_lpcxpresso_1769.zip_expanded/lpc_board_nxp_lpcxpresso_1769/Debug/liblpc_board_nxp_lpcxpresso_1769.a(board.o)
                0x0000000000002d10                Board_UARTPutChar
 .text.Board_Init
                0x0000000000002d44       0x24 /home/nico/Documents/MCUXpresso_11.1.0_3209/workspace/lpcopen_2_10_lpcxpresso_nxp_lpcxpresso_1769.zip_expanded/lpc_board_nxp_lpcxpresso_1769/Debug/liblpc_board_nxp_lpcxpresso_1769.a(board.o)
                0x0000000000002d44                Board_Init
 .text.Chip_SYSCTL_SetFLASHAccess
                0x0000000000002d68       0x30 /home/nico/Documents/MCUXpresso_11.1.0_3209/workspace/lpcopen_2_10_lpcxpresso_nxp_lpcxpresso_1769.zip_expanded/lpc_board_nxp_lpcxpresso_1769/Debug/liblpc_board_nxp_lpcxpresso_1769.a(board_sysinit.o)
 .text.Board_SetupMuxing
                0x0000000000002d98       0x1c /home/nico/Documents/MCUXpresso_11.1.0_3209/workspace/lpcopen_2_10_lpcxpresso_nxp_lpcxpresso_1769.zip_expanded/lpc_board_nxp_lpcxpresso_1769/Debug/liblpc_board_nxp_lpcxpresso_1769.a(board_sysinit.o)
                0x0000000000002d98                Board_SetupMuxing
 .text.Board_SetupClocking
                0x0000000000002db4       0x12 /home/nico/Documents/MCUXpresso_11.1.0_3209/workspace/lpcopen_2_10_lpcxpresso_nxp_lpcxpresso_1769.zip_expanded/lpc_board_nxp_lpcxpresso_1769/Debug/liblpc_board_nxp_lpcxpresso_1769.a(board_sysinit.o)
                0x0000000000002db4                Board_SetupClocking
 .text.Board_SystemInit
                0x0000000000002dc6       0x10 /home/nico/Documents/MCUXpresso_11.1.0_3209/workspace/lpcopen_2_10_lpcxpresso_nxp_lpcxpresso_1769.zip_expanded/lpc_board_nxp_lpcxpresso_1769/Debug/liblpc_board_nxp_lpcxpresso_1769.a(board_sysinit.o)
                0x0000000000002dc6                Board_SystemInit
 *fill*         0x0000000000002dd6        0x2 ff
 .text.SystemCoreClockUpdate
                0x0000000000002dd8       0x18 /home/nico/Documents/MCUXpresso_11.1.0_3209/workspace/lpcopen_2_10_lpcxpresso_nxp_lpcxpresso_1769.zip_expanded/lpc_chip_175x_6x/Debug/liblpc_chip_175x_6x.a(chip_17xx_40xx.o)
                0x0000000000002dd8                SystemCoreClockUpdate
 .text.Chip_Clock_IsMainPLLEnabled
                0x0000000000002df0       0x24 /home/nico/Documents/MCUXpresso_11.1.0_3209/workspace/lpcopen_2_10_lpcxpresso_nxp_lpcxpresso_1769.zip_expanded/lpc_chip_175x_6x/Debug/liblpc_chip_175x_6x.a(clock_17xx_40xx.o)
 .text.Chip_Clock_IsMainPLLConnected
                0x0000000000002e14       0x24 /home/nico/Documents/MCUXpresso_11.1.0_3209/workspace/lpcopen_2_10_lpcxpresso_nxp_lpcxpresso_1769.zip_expanded/lpc_chip_175x_6x/Debug/liblpc_chip_175x_6x.a(clock_17xx_40xx.o)
 .text.Chip_Clock_FeedPLL
                0x0000000000002e38       0x34 /home/nico/Documents/MCUXpresso_11.1.0_3209/workspace/lpcopen_2_10_lpcxpresso_nxp_lpcxpresso_1769.zip_expanded/lpc_chip_175x_6x/Debug/liblpc_chip_175x_6x.a(clock_17xx_40xx.o)
 .text.Chip_Clock_GetMainPLLSource
                0x0000000000002e6c       0x20 /home/nico/Documents/MCUXpresso_11.1.0_3209/workspace/lpcopen_2_10_lpcxpresso_nxp_lpcxpresso_1769.zip_expanded/lpc_chip_175x_6x/Debug/liblpc_chip_175x_6x.a(clock_17xx_40xx.o)
 .text.Chip_Clock_GetMainOscRate
                0x0000000000002e8c       0x14 /home/nico/Documents/MCUXpresso_11.1.0_3209/workspace/lpcopen_2_10_lpcxpresso_nxp_lpcxpresso_1769.zip_expanded/lpc_chip_175x_6x/Debug/liblpc_chip_175x_6x.a(clock_17xx_40xx.o)
 .text.Chip_Clock_GetIntOscRate
                0x0000000000002ea0       0x14 /home/nico/Documents/MCUXpresso_11.1.0_3209/workspace/lpcopen_2_10_lpcxpresso_nxp_lpcxpresso_1769.zip_expanded/lpc_chip_175x_6x/Debug/liblpc_chip_175x_6x.a(clock_17xx_40xx.o)
 .text.Chip_Clock_GetRTCOscRate
                0x0000000000002eb4       0x14 /home/nico/Documents/MCUXpresso_11.1.0_3209/workspace/lpcopen_2_10_lpcxpresso_nxp_lpcxpresso_1769.zip_expanded/lpc_chip_175x_6x/Debug/liblpc_chip_175x_6x.a(clock_17xx_40xx.o)
 .text.Chip_Clock_GetMainPLLInClockRate
                0x0000000000002ec8        0xe /home/nico/Documents/MCUXpresso_11.1.0_3209/workspace/lpcopen_2_10_lpcxpresso_nxp_lpcxpresso_1769.zip_expanded/lpc_chip_175x_6x/Debug/liblpc_chip_175x_6x.a(clock_17xx_40xx.o)
 *fill*         0x0000000000002ed6        0x2 ff
 .text.Chip_Clock_EnablePLL
                0x0000000000002ed8       0x44 /home/nico/Documents/MCUXpresso_11.1.0_3209/workspace/lpcopen_2_10_lpcxpresso_nxp_lpcxpresso_1769.zip_expanded/lpc_chip_175x_6x/Debug/liblpc_chip_175x_6x.a(clock_17xx_40xx.o)
                0x0000000000002ed8                Chip_Clock_EnablePLL
 .text.Chip_Clock_DisablePLL
                0x0000000000002f1c       0x48 /home/nico/Documents/MCUXpresso_11.1.0_3209/workspace/lpcopen_2_10_lpcxpresso_nxp_lpcxpresso_1769.zip_expanded/lpc_chip_175x_6x/Debug/liblpc_chip_175x_6x.a(clock_17xx_40xx.o)
                0x0000000000002f1c                Chip_Clock_DisablePLL
 .text.Chip_Clock_SetupPLL
                0x0000000000002f64       0x5c /home/nico/Documents/MCUXpresso_11.1.0_3209/workspace/lpcopen_2_10_lpcxpresso_nxp_lpcxpresso_1769.zip_expanded/lpc_chip_175x_6x/Debug/liblpc_chip_175x_6x.a(clock_17xx_40xx.o)
                0x0000000000002f64                Chip_Clock_SetupPLL
 .text.Chip_Clock_EnablePeriphClock
                0x0000000000002fc0       0x34 /home/nico/Documents/MCUXpresso_11.1.0_3209/workspace/lpcopen_2_10_lpcxpresso_nxp_lpcxpresso_1769.zip_expanded/lpc_chip_175x_6x/Debug/liblpc_chip_175x_6x.a(clock_17xx_40xx.o)
                0x0000000000002fc0                Chip_Clock_EnablePeriphClock
 .text.Chip_Clock_GetCPUClockSource
                0x0000000000002ff4       0x24 /home/nico/Documents/MCUXpresso_11.1.0_3209/workspace/lpcopen_2_10_lpcxpresso_nxp_lpcxpresso_1769.zip_expanded/lpc_chip_175x_6x/Debug/liblpc_chip_175x_6x.a(clock_17xx_40xx.o)
                0x0000000000002ff4                Chip_Clock_GetCPUClockSource
 .text.Chip_Clock_SetCPUClockDiv
                0x0000000000003018       0x20 /home/nico/Documents/MCUXpresso_11.1.0_3209/workspace/lpcopen_2_10_lpcxpresso_nxp_lpcxpresso_1769.zip_expanded/lpc_chip_175x_6x/Debug/liblpc_chip_175x_6x.a(clock_17xx_40xx.o)
                0x0000000000003018                Chip_Clock_SetCPUClockDiv
 .text.Chip_Clock_GetCPUClockDiv
                0x0000000000003038       0x1c /home/nico/Documents/MCUXpresso_11.1.0_3209/workspace/lpcopen_2_10_lpcxpresso_nxp_lpcxpresso_1769.zip_expanded/lpc_chip_175x_6x/Debug/liblpc_chip_175x_6x.a(clock_17xx_40xx.o)
                0x0000000000003038                Chip_Clock_GetCPUClockDiv
 .text.Chip_Clock_GetPCLKDiv
                0x0000000000003054       0x8c /home/nico/Documents/MCUXpresso_11.1.0_3209/workspace/lpcopen_2_10_lpcxpresso_nxp_lpcxpresso_1769.zip_expanded/lpc_chip_175x_6x/Debug/liblpc_chip_175x_6x.a(clock_17xx_40xx.o)
                0x0000000000003054                Chip_Clock_GetPCLKDiv
 .text.Chip_Clock_GetSYSCLKRate
                0x00000000000030e0       0x34 /home/nico/Documents/MCUXpresso_11.1.0_3209/workspace/lpcopen_2_10_lpcxpresso_nxp_lpcxpresso_1769.zip_expanded/lpc_chip_175x_6x/Debug/liblpc_chip_175x_6x.a(clock_17xx_40xx.o)
                0x00000000000030e0                Chip_Clock_GetSYSCLKRate
 .text.Chip_Clock_GetMainPLLOutClockRate
                0x0000000000003114       0x54 /home/nico/Documents/MCUXpresso_11.1.0_3209/workspace/lpcopen_2_10_lpcxpresso_nxp_lpcxpresso_1769.zip_expanded/lpc_chip_175x_6x/Debug/liblpc_chip_175x_6x.a(clock_17xx_40xx.o)
                0x0000000000003114                Chip_Clock_GetMainPLLOutClockRate
 .text.Chip_Clock_GetMainClockRate
                0x0000000000003168       0x28 /home/nico/Documents/MCUXpresso_11.1.0_3209/workspace/lpcopen_2_10_lpcxpresso_nxp_lpcxpresso_1769.zip_expanded/lpc_chip_175x_6x/Debug/liblpc_chip_175x_6x.a(clock_17xx_40xx.o)
                0x0000000000003168                Chip_Clock_GetMainClockRate
 .text.Chip_Clock_GetSystemClockRate
                0x0000000000003190       0x18 /home/nico/Documents/MCUXpresso_11.1.0_3209/workspace/lpcopen_2_10_lpcxpresso_nxp_lpcxpresso_1769.zip_expanded/lpc_chip_175x_6x/Debug/liblpc_chip_175x_6x.a(clock_17xx_40xx.o)
                0x0000000000003190                Chip_Clock_GetSystemClockRate
 .text.Chip_Clock_GetPeripheralClockRate
                0x00000000000031a8       0x26 /home/nico/Documents/MCUXpresso_11.1.0_3209/workspace/lpcopen_2_10_lpcxpresso_nxp_lpcxpresso_1769.zip_expanded/lpc_chip_175x_6x/Debug/liblpc_chip_175x_6x.a(clock_17xx_40xx.o)
                0x00000000000031a8                Chip_Clock_GetPeripheralClockRate
 .text.Chip_IOCON_PinMuxSet
                0x00000000000031ce       0x36 /home/nico/Documents/MCUXpresso_11.1.0_3209/workspace/lpcopen_2_10_lpcxpresso_nxp_lpcxpresso_1769.zip_expanded/lpc_chip_175x_6x/Debug/liblpc_chip_175x_6x.a(iocon_17xx_40xx.o)
                0x00000000000031ce                Chip_IOCON_PinMuxSet
 .text.Chip_IOCON_PinMux
                0x0000000000003204       0x94 /home/nico/Documents/MCUXpresso_11.1.0_3209/workspace/lpcopen_2_10_lpcxpresso_nxp_lpcxpresso_1769.zip_expanded/lpc_chip_175x_6x/Debug/liblpc_chip_175x_6x.a(iocon_17xx_40xx.o)
                0x0000000000003204                Chip_IOCON_PinMux
 .text.Chip_IOCON_SetPinMuxing
                0x0000000000003298       0x62 /home/nico/Documents/MCUXpresso_11.1.0_3209/workspace/lpcopen_2_10_lpcxpresso_nxp_lpcxpresso_1769.zip_expanded/lpc_chip_175x_6x/Debug/liblpc_chip_175x_6x.a(iocon_17xx_40xx.o)
                0x0000000000003298                Chip_IOCON_SetPinMuxing
 *fill*         0x00000000000032fa        0x2 ff
 .text.Chip_Clock_IsMainPLLEnabled
                0x00000000000032fc       0x24 /home/nico/Documents/MCUXpresso_11.1.0_3209/workspace/lpcopen_2_10_lpcxpresso_nxp_lpcxpresso_1769.zip_expanded/lpc_chip_175x_6x/Debug/liblpc_chip_175x_6x.a(sysinit_17xx_40xx.o)
 .text.Chip_Clock_IsMainPLLLocked
                0x0000000000003320       0x24 /home/nico/Documents/MCUXpresso_11.1.0_3209/workspace/lpcopen_2_10_lpcxpresso_nxp_lpcxpresso_1769.zip_expanded/lpc_chip_175x_6x/Debug/liblpc_chip_175x_6x.a(sysinit_17xx_40xx.o)
 .text.Chip_Clock_IsMainPLLConnected
                0x0000000000003344       0x24 /home/nico/Documents/MCUXpresso_11.1.0_3209/workspace/lpcopen_2_10_lpcxpresso_nxp_lpcxpresso_1769.zip_expanded/lpc_chip_175x_6x/Debug/liblpc_chip_175x_6x.a(sysinit_17xx_40xx.o)
 .text.Chip_Clock_EnableCrystal
                0x0000000000003368       0x20 /home/nico/Documents/MCUXpresso_11.1.0_3209/workspace/lpcopen_2_10_lpcxpresso_nxp_lpcxpresso_1769.zip_expanded/lpc_chip_175x_6x/Debug/liblpc_chip_175x_6x.a(sysinit_17xx_40xx.o)
 .text.Chip_Clock_IsCrystalEnabled
                0x0000000000003388       0x24 /home/nico/Documents/MCUXpresso_11.1.0_3209/workspace/lpcopen_2_10_lpcxpresso_nxp_lpcxpresso_1769.zip_expanded/lpc_chip_175x_6x/Debug/liblpc_chip_175x_6x.a(sysinit_17xx_40xx.o)
 .text.Chip_Clock_SetMainPLLSource
                0x00000000000033ac       0x20 /home/nico/Documents/MCUXpresso_11.1.0_3209/workspace/lpcopen_2_10_lpcxpresso_nxp_lpcxpresso_1769.zip_expanded/lpc_chip_175x_6x/Debug/liblpc_chip_175x_6x.a(sysinit_17xx_40xx.o)
 .text.Chip_SetupXtalClocking
                0x00000000000033cc       0x90 /home/nico/Documents/MCUXpresso_11.1.0_3209/workspace/lpcopen_2_10_lpcxpresso_nxp_lpcxpresso_1769.zip_expanded/lpc_chip_175x_6x/Debug/liblpc_chip_175x_6x.a(sysinit_17xx_40xx.o)
                0x00000000000033cc                Chip_SetupXtalClocking
 .text.Chip_UART_SetupFIFOS
                0x000000000000345c       0x1a /home/nico/Documents/MCUXpresso_11.1.0_3209/workspace/lpcopen_2_10_lpcxpresso_nxp_lpcxpresso_1769.zip_expanded/lpc_chip_175x_6x/Debug/liblpc_chip_175x_6x.a(uart_17xx_40xx.o)
 .text.Chip_UART_ConfigData
                0x0000000000003476       0x1a /home/nico/Documents/MCUXpresso_11.1.0_3209/workspace/lpcopen_2_10_lpcxpresso_nxp_lpcxpresso_1769.zip_expanded/lpc_chip_175x_6x/Debug/liblpc_chip_175x_6x.a(uart_17xx_40xx.o)
 .text.Chip_UART_EnableDivisorAccess
                0x0000000000003490       0x1e /home/nico/Documents/MCUXpresso_11.1.0_3209/workspace/lpcopen_2_10_lpcxpresso_nxp_lpcxpresso_1769.zip_expanded/lpc_chip_175x_6x/Debug/liblpc_chip_175x_6x.a(uart_17xx_40xx.o)
 .text.Chip_UART_DisableDivisorAccess
                0x00000000000034ae       0x1e /home/nico/Documents/MCUXpresso_11.1.0_3209/workspace/lpcopen_2_10_lpcxpresso_nxp_lpcxpresso_1769.zip_expanded/lpc_chip_175x_6x/Debug/liblpc_chip_175x_6x.a(uart_17xx_40xx.o)
 .text.Chip_UART_SetDivisorLatches
                0x00000000000034cc       0x26 /home/nico/Documents/MCUXpresso_11.1.0_3209/workspace/lpcopen_2_10_lpcxpresso_nxp_lpcxpresso_1769.zip_expanded/lpc_chip_175x_6x/Debug/liblpc_chip_175x_6x.a(uart_17xx_40xx.o)
 *fill*         0x00000000000034f2        0x2 ff
 .text.Chip_UART_GetClockIndex
                0x00000000000034f4       0x50 /home/nico/Documents/MCUXpresso_11.1.0_3209/workspace/lpcopen_2_10_lpcxpresso_nxp_lpcxpresso_1769.zip_expanded/lpc_chip_175x_6x/Debug/liblpc_chip_175x_6x.a(uart_17xx_40xx.o)
 .text.Chip_UART_GetClkIndex
                0x0000000000003544       0x50 /home/nico/Documents/MCUXpresso_11.1.0_3209/workspace/lpcopen_2_10_lpcxpresso_nxp_lpcxpresso_1769.zip_expanded/lpc_chip_175x_6x/Debug/liblpc_chip_175x_6x.a(uart_17xx_40xx.o)
 .text.Chip_UART_Init
                0x0000000000003594       0x78 /home/nico/Documents/MCUXpresso_11.1.0_3209/workspace/lpcopen_2_10_lpcxpresso_nxp_lpcxpresso_1769.zip_expanded/lpc_chip_175x_6x/Debug/liblpc_chip_175x_6x.a(uart_17xx_40xx.o)
                0x0000000000003594                Chip_UART_Init
 .text.Chip_UART_TXEnable
                0x000000000000360c       0x18 /home/nico/Documents/MCUXpresso_11.1.0_3209/workspace/lpcopen_2_10_lpcxpresso_nxp_lpcxpresso_1769.zip_expanded/lpc_chip_175x_6x/Debug/liblpc_chip_175x_6x.a(uart_17xx_40xx.o)
                0x000000000000360c                Chip_UART_TXEnable
 .text.Chip_UART_TXDisable
                0x0000000000003624       0x18 /home/nico/Documents/MCUXpresso_11.1.0_3209/workspace/lpcopen_2_10_lpcxpresso_nxp_lpcxpresso_1769.zip_expanded/lpc_chip_175x_6x/Debug/liblpc_chip_175x_6x.a(uart_17xx_40xx.o)
                0x0000000000003624                Chip_UART_TXDisable
 .text.Chip_UART_SetBaud
                0x000000000000363c       0x62 /home/nico/Documents/MCUXpresso_11.1.0_3209/workspace/lpcopen_2_10_lpcxpresso_nxp_lpcxpresso_1769.zip_expanded/lpc_chip_175x_6x/Debug/liblpc_chip_175x_6x.a(uart_17xx_40xx.o)
                0x000000000000363c                Chip_UART_SetBaud
 .text.__main   0x000000000000369e        0xe /usr/local/mcuxpressoide-11.1.0_3209/ide/plugins/com.nxp.mcuxpresso.tools.linux_11.1.0.201909161352/tools/bin/../lib/gcc/arm-none-eabi/8.3.1/../../../../arm-none-eabi/lib/thumb/v7-m/nofp/libcr_nohost_nf.a(_cr__main.o)
                0x000000000000369e                __main
 .text.memset   0x00000000000036ac        0x4 /usr/local/mcuxpressoide-11.1.0_3209/ide/plugins/com.nxp.mcuxpresso.tools.linux_11.1.0.201909161352/tools/bin/../lib/gcc/arm-none-eabi/8.3.1/../../../../arm-none-eabi/lib/thumb/v7-m/nofp/libcr_c.a(memset.o)
                0x00000000000036ac                memset
 .text.malloc   0x00000000000036b0       0xc8 /usr/local/mcuxpressoide-11.1.0_3209/ide/plugins/com.nxp.mcuxpresso.tools.linux_11.1.0.201909161352/tools/bin/../lib/gcc/arm-none-eabi/8.3.1/../../../../arm-none-eabi/lib/thumb/v7-m/nofp/libcr_c.a(alloc.o)
                0x00000000000036b0                malloc
 .text.free     0x0000000000003778       0x30 /usr/local/mcuxpressoide-11.1.0_3209/ide/plugins/com.nxp.mcuxpresso.tools.linux_11.1.0.201909161352/tools/bin/../lib/gcc/arm-none-eabi/8.3.1/../../../../arm-none-eabi/lib/thumb/v7-m/nofp/libcr_c.a(alloc.o)
                0x0000000000003778                free
 .text._Csys_alloc
                0x00000000000037a8       0x20 /usr/local/mcuxpressoide-11.1.0_3209/ide/plugins/com.nxp.mcuxpresso.tools.linux_11.1.0.201909161352/tools/bin/../lib/gcc/arm-none-eabi/8.3.1/../../../../arm-none-eabi/lib/thumb/v7-m/nofp/libcr_c.a(alloc.o)
                0x00000000000037a8                _Csys_alloc
 .text.fp_round
                0x00000000000037c8       0x4c /usr/local/mcuxpressoide-11.1.0_3209/ide/plugins/com.nxp.mcuxpresso.tools.linux_11.1.0.201909161352/tools/bin/../lib/gcc/arm-none-eabi/8.3.1/../../../../arm-none-eabi/lib/thumb/v7-m/nofp/libcr_c.a(fpprintf.o)
 .text.pr_dec.constprop.1
                0x0000000000003814       0x26 /usr/local/mcuxpressoide-11.1.0_3209/ide/plugins/com.nxp.mcuxpresso.tools.linux_11.1.0.201909161352/tools/bin/../lib/gcc/arm-none-eabi/8.3.1/../../../../arm-none-eabi/lib/thumb/v7-m/nofp/libcr_c.a(fpprintf.o)
 *fill*         0x000000000000383a        0x2 ff
 .text.sprintf  0x000000000000383c       0x6c /usr/local/mcuxpressoide-11.1.0_3209/ide/plugins/com.nxp.mcuxpresso.tools.linux_11.1.0.201909161352/tools/bin/../lib/gcc/arm-none-eabi/8.3.1/../../../../arm-none-eabi/lib/thumb/v7-m/nofp/libcr_c.a(fpprintf.o)
                0x000000000000383c                sprintf
 .text.fp_display
                0x00000000000038a8      0x948 /usr/local/mcuxpressoide-11.1.0_3209/ide/plugins/com.nxp.mcuxpresso.tools.linux_11.1.0.201909161352/tools/bin/../lib/gcc/arm-none-eabi/8.3.1/../../../../arm-none-eabi/lib/thumb/v7-m/nofp/libcr_c.a(fpprintf.o)
 .text.vsnprintf
                0x00000000000041f0       0x68 /usr/local/mcuxpressoide-11.1.0_3209/ide/plugins/com.nxp.mcuxpresso.tools.linux_11.1.0.201909161352/tools/bin/../lib/gcc/arm-none-eabi/8.3.1/../../../../arm-none-eabi/lib/thumb/v7-m/nofp/libcr_c.a(fpprintf.o)
                0x00000000000041f0                vsnprintf
 .text.printf   0x0000000000004258       0x54 /usr/local/mcuxpressoide-11.1.0_3209/ide/plugins/com.nxp.mcuxpresso.tools.linux_11.1.0.201909161352/tools/bin/../lib/gcc/arm-none-eabi/8.3.1/../../../../arm-none-eabi/lib/thumb/v7-m/nofp/libcr_c.a(fpprintf.o)
                0x0000000000004258                printf
 .text._initio  0x00000000000042ac       0x78 /usr/local/mcuxpressoide-11.1.0_3209/ide/plugins/com.nxp.mcuxpresso.tools.linux_11.1.0.201909161352/tools/bin/../lib/gcc/arm-none-eabi/8.3.1/../../../../arm-none-eabi/lib/thumb/v7-m/nofp/libcr_c.a(initio.o)
                0x00000000000042ac                _initio
 .text.__vfprintf
                0x0000000000004324      0xbd4 /usr/local/mcuxpressoide-11.1.0_3209/ide/plugins/com.nxp.mcuxpresso.tools.linux_11.1.0.201909161352/tools/bin/../lib/gcc/arm-none-eabi/8.3.1/../../../../arm-none-eabi/lib/thumb/v7-m/nofp/libcr_c.a(printf.o)
                0x0000000000004324                __vfprintf
 .text.setvbuf  0x0000000000004ef8       0x40 /usr/local/mcuxpressoide-11.1.0_3209/ide/plugins/com.nxp.mcuxpresso.tools.linux_11.1.0.201909161352/tools/bin/../lib/gcc/arm-none-eabi/8.3.1/../../../../arm-none-eabi/lib/thumb/v7-m/nofp/libcr_c.a(setvbuf.o)
                0x0000000000004ef8                setvbuf
 .text.strcat   0x0000000000004f38       0x20 /usr/local/mcuxpressoide-11.1.0_3209/ide/plugins/com.nxp.mcuxpresso.tools.linux_11.1.0.201909161352/tools/bin/../lib/gcc/arm-none-eabi/8.3.1/../../../../arm-none-eabi/lib/thumb/v7-m/nofp/libcr_c.a(strcat.o)
                0x0000000000004f38                strcat
 .text.strlen   0x0000000000004f58       0x4c /usr/local/mcuxpressoide-11.1.0_3209/ide/plugins/com.nxp.mcuxpresso.tools.linux_11.1.0.201909161352/tools/bin/../lib/gcc/arm-none-eabi/8.3.1/../../../../arm-none-eabi/lib/thumb/v7-m/nofp/libcr_c.a(strlen.o)
                0x0000000000004f58                strlen
 .text._sbrk    0x0000000000004fa4       0x3c /usr/local/mcuxpressoide-11.1.0_3209/ide/plugins/com.nxp.mcuxpresso.tools.linux_11.1.0.201909161352/tools/bin/../lib/gcc/arm-none-eabi/8.3.1/../../../../arm-none-eabi/lib/thumb/v7-m/nofp/libcr_c.a(_cr_sbrk.o)
                0x0000000000004fa4                _sbrk
 .text._deferredlazyseek
                0x0000000000004fe0       0x40 /usr/local/mcuxpressoide-11.1.0_3209/ide/plugins/com.nxp.mcuxpresso.tools.linux_11.1.0.201909161352/tools/bin/../lib/gcc/arm-none-eabi/8.3.1/../../../../arm-none-eabi/lib/thumb/v7-m/nofp/libcr_c.a(_deferredlazyseek.o)
                0x0000000000004fe0                _deferredlazyseek
 .text.__flsbuf
                0x0000000000005020      0x140 /usr/local/mcuxpressoide-11.1.0_3209/ide/plugins/com.nxp.mcuxpresso.tools.linux_11.1.0.201909161352/tools/bin/../lib/gcc/arm-none-eabi/8.3.1/../../../../arm-none-eabi/lib/thumb/v7-m/nofp/libcr_c.a(_deferredlazyseek.o)
                0x0000000000005020                __flsbuf
 .text._fdopen  0x0000000000005160       0x68 /usr/local/mcuxpressoide-11.1.0_3209/ide/plugins/com.nxp.mcuxpresso.tools.linux_11.1.0.201909161352/tools/bin/../lib/gcc/arm-none-eabi/8.3.1/../../../../arm-none-eabi/lib/thumb/v7-m/nofp/libcr_c.a(_fdopen.o)
                0x0000000000005160                _fdopen
 .text._fflush  0x00000000000051c8       0x52 /usr/local/mcuxpressoide-11.1.0_3209/ide/plugins/com.nxp.mcuxpresso.tools.linux_11.1.0.201909161352/tools/bin/../lib/gcc/arm-none-eabi/8.3.1/../../../../arm-none-eabi/lib/thumb/v7-m/nofp/libcr_c.a(_fflush.o)
                0x00000000000051c8                _fflush
 .text._frexpl  0x000000000000521a       0x56 /usr/local/mcuxpressoide-11.1.0_3209/ide/plugins/com.nxp.mcuxpresso.tools.linux_11.1.0.201909161352/tools/bin/../lib/gcc/arm-none-eabi/8.3.1/../../../../arm-none-eabi/lib/thumb/v7-m/nofp/libcr_c.a(_frexpl.o)
                0x000000000000521a                _frexpl
 .text._ldexpl  0x0000000000005270       0x48 /usr/local/mcuxpressoide-11.1.0_3209/ide/plugins/com.nxp.mcuxpresso.tools.linux_11.1.0.201909161352/tools/bin/../lib/gcc/arm-none-eabi/8.3.1/../../../../arm-none-eabi/lib/thumb/v7-m/nofp/libcr_c.a(_ldexpl.o)
                0x0000000000005270                _ldexpl
 .text._Cwritebuf
                0x00000000000052b8       0x6c /usr/local/mcuxpressoide-11.1.0_3209/ide/plugins/com.nxp.mcuxpresso.tools.linux_11.1.0.201909161352/tools/bin/../lib/gcc/arm-none-eabi/8.3.1/../../../../arm-none-eabi/lib/thumb/v7-m/nofp/libcr_c.a(_writebuf.o)
                0x00000000000052b8                _Cwritebuf
 .text.fclose   0x0000000000005324       0x58 /usr/local/mcuxpressoide-11.1.0_3209/ide/plugins/com.nxp.mcuxpresso.tools.linux_11.1.0.201909161352/tools/bin/../lib/gcc/arm-none-eabi/8.3.1/../../../../arm-none-eabi/lib/thumb/v7-m/nofp/libcr_c.a(fclose.o)
                0x0000000000005324                fclose
 .text.fflush   0x000000000000537c       0x44 /usr/local/mcuxpressoide-11.1.0_3209/ide/plugins/com.nxp.mcuxpresso.tools.linux_11.1.0.201909161352/tools/bin/../lib/gcc/arm-none-eabi/8.3.1/../../../../arm-none-eabi/lib/thumb/v7-m/nofp/libcr_c.a(fflush.o)
                0x000000000000537c                fflush
 .text.fseek    0x00000000000053c0      0x100 /usr/local/mcuxpressoide-11.1.0_3209/ide/plugins/com.nxp.mcuxpresso.tools.linux_11.1.0.201909161352/tools/bin/../lib/gcc/arm-none-eabi/8.3.1/../../../../arm-none-eabi/lib/thumb/v7-m/nofp/libcr_c.a(fseek.o)
                0x00000000000053c0                fseek
 .text.ftell    0x00000000000054c0       0x48 /usr/local/mcuxpressoide-11.1.0_3209/ide/plugins/com.nxp.mcuxpresso.tools.linux_11.1.0.201909161352/tools/bin/../lib/gcc/arm-none-eabi/8.3.1/../../../../arm-none-eabi/lib/thumb/v7-m/nofp/libcr_c.a(ftell.o)
                0x00000000000054c0                ftell
 .text.remove   0x0000000000005508       0x14 /usr/local/mcuxpressoide-11.1.0_3209/ide/plugins/com.nxp.mcuxpresso.tools.linux_11.1.0.201909161352/tools/bin/../lib/gcc/arm-none-eabi/8.3.1/../../../../arm-none-eabi/lib/thumb/v7-m/nofp/libcr_c.a(remove.o)
                0x0000000000005508                remove
 .text.__check_heap_overflow
                0x000000000000551c       0x18 /usr/local/mcuxpressoide-11.1.0_3209/ide/plugins/com.nxp.mcuxpresso.tools.linux_11.1.0.201909161352/tools/bin/../lib/gcc/arm-none-eabi/8.3.1/../../../../arm-none-eabi/lib/thumb/v7-m/nofp/libcr_c.a(_cr_check_heap.o)
                0x000000000000551c                __check_heap_overflow
 .text._do_fflush
                0x0000000000005534       0x40 /usr/local/mcuxpressoide-11.1.0_3209/ide/plugins/com.nxp.mcuxpresso.tools.linux_11.1.0.201909161352/tools/bin/../lib/gcc/arm-none-eabi/8.3.1/../../../../arm-none-eabi/lib/thumb/v7-m/nofp/libcr_c.a(_do_fflush.o)
                0x0000000000005534                _do_fflush
 .text.__aeabi_dmul
                0x0000000000005574      0x10c /usr/local/mcuxpressoide-11.1.0_3209/ide/plugins/com.nxp.mcuxpresso.tools.linux_11.1.0.201909161352/tools/bin/../lib/gcc/arm-none-eabi/8.3.1/thumb/v7-m/nofp/libcr_eabihelpers.a(double.o)
                0x0000000000005574                __aeabi_dmul
 .text.__aeabi_ddiv
                0x0000000000005680      0x140 /usr/local/mcuxpressoide-11.1.0_3209/ide/plugins/com.nxp.mcuxpresso.tools.linux_11.1.0.201909161352/tools/bin/../lib/gcc/arm-none-eabi/8.3.1/thumb/v7-m/nofp/libcr_eabihelpers.a(double.o)
                0x0000000000005680                __aeabi_ddiv
 .text.__aeabi_dsub
                0x00000000000057c0      0x1a8 /usr/local/mcuxpressoide-11.1.0_3209/ide/plugins/com.nxp.mcuxpresso.tools.linux_11.1.0.201909161352/tools/bin/../lib/gcc/arm-none-eabi/8.3.1/thumb/v7-m/nofp/libcr_eabihelpers.a(double.o)
                0x00000000000057c0                __aeabi_dsub
 .text.__aeabi_dadd
                0x0000000000005968      0x108 /usr/local/mcuxpressoide-11.1.0_3209/ide/plugins/com.nxp.mcuxpresso.tools.linux_11.1.0.201909161352/tools/bin/../lib/gcc/arm-none-eabi/8.3.1/thumb/v7-m/nofp/libcr_eabihelpers.a(double.o)
                0x0000000000005968                __aeabi_dadd
 .text.__aeabi_d2iz
                0x0000000000005a70       0x40 /usr/local/mcuxpressoide-11.1.0_3209/ide/plugins/com.nxp.mcuxpresso.tools.linux_11.1.0.201909161352/tools/bin/../lib/gcc/arm-none-eabi/8.3.1/thumb/v7-m/nofp/libcr_eabihelpers.a(double.o)
                0x0000000000005a70                __aeabi_d2iz
 .text.__bhs_ui2d
                0x0000000000005ab0       0x46 /usr/local/mcuxpressoide-11.1.0_3209/ide/plugins/com.nxp.mcuxpresso.tools.linux_11.1.0.201909161352/tools/bin/../lib/gcc/arm-none-eabi/8.3.1/thumb/v7-m/nofp/libcr_eabihelpers.a(double.o)
                0x0000000000005ab0                __bhs_ui2d
 .text.__aeabi_i2d
                0x0000000000005af6       0x12 /usr/local/mcuxpressoide-11.1.0_3209/ide/plugins/com.nxp.mcuxpresso.tools.linux_11.1.0.201909161352/tools/bin/../lib/gcc/arm-none-eabi/8.3.1/thumb/v7-m/nofp/libcr_eabihelpers.a(double.o)
                0x0000000000005af6                __aeabi_i2d
 .text.__aeabi_dcmpeq
                0x0000000000005b08       0x2a /usr/local/mcuxpressoide-11.1.0_3209/ide/plugins/com.nxp.mcuxpresso.tools.linux_11.1.0.201909161352/tools/bin/../lib/gcc/arm-none-eabi/8.3.1/thumb/v7-m/nofp/libcr_eabihelpers.a(double.o)
                0x0000000000005b08                __aeabi_dcmpeq
 .text.__aeabi_dcmplt
                0x0000000000005b32       0x52 /usr/local/mcuxpressoide-11.1.0_3209/ide/plugins/com.nxp.mcuxpresso.tools.linux_11.1.0.201909161352/tools/bin/../lib/gcc/arm-none-eabi/8.3.1/thumb/v7-m/nofp/libcr_eabihelpers.a(double.o)
                0x0000000000005b32                __aeabi_dcmplt
 .text.__aeabi_dcmple
                0x0000000000005b84       0x52 /usr/local/mcuxpressoide-11.1.0_3209/ide/plugins/com.nxp.mcuxpresso.tools.linux_11.1.0.201909161352/tools/bin/../lib/gcc/arm-none-eabi/8.3.1/thumb/v7-m/nofp/libcr_eabihelpers.a(double.o)
                0x0000000000005b84                __aeabi_dcmple
 .text.__aeabi_dcmpge
                0x0000000000005bd6       0x58 /usr/local/mcuxpressoide-11.1.0_3209/ide/plugins/com.nxp.mcuxpresso.tools.linux_11.1.0.201909161352/tools/bin/../lib/gcc/arm-none-eabi/8.3.1/thumb/v7-m/nofp/libcr_eabihelpers.a(double.o)
                0x0000000000005bd6                __aeabi_dcmpge
 .text.__aeabi_memset_lowlevel
                0x0000000000005c2e       0x32 /usr/local/mcuxpressoide-11.1.0_3209/ide/plugins/com.nxp.mcuxpresso.tools.linux_11.1.0.201909161352/tools/bin/../lib/gcc/arm-none-eabi/8.3.1/thumb/v7-m/nofp/libcr_eabihelpers.a(memcpy.o)
                0x0000000000005c2e                __aeabi_lowlevel_memset
 .text.__sys_appexit
                0x0000000000005c60        0x2 /usr/local/mcuxpressoide-11.1.0_3209/ide/plugins/com.nxp.mcuxpresso.tools.linux_11.1.0.201909161352/tools/bin/../lib/gcc/arm-none-eabi/8.3.1/../../../../arm-none-eabi/lib/thumb/v7-m/nofp/libcr_nohost_nf.a(__sys_appexit.o)
                0x0000000000005c60                __exit
                0x0000000000005c60                __sys_appexit
 .text.__sys_close
                0x0000000000005c62        0x6 /usr/local/mcuxpressoide-11.1.0_3209/ide/plugins/com.nxp.mcuxpresso.tools.linux_11.1.0.201909161352/tools/bin/../lib/gcc/arm-none-eabi/8.3.1/../../../../arm-none-eabi/lib/thumb/v7-m/nofp/libcr_nohost_nf.a(__sys_close.o)
                0x0000000000005c62                __sys_close
 .text.__sys_flen
                0x0000000000005c68        0x6 /usr/local/mcuxpressoide-11.1.0_3209/ide/plugins/com.nxp.mcuxpresso.tools.linux_11.1.0.201909161352/tools/bin/../lib/gcc/arm-none-eabi/8.3.1/../../../../arm-none-eabi/lib/thumb/v7-m/nofp/libcr_nohost_nf.a(__sys_flen.o)
                0x0000000000005c68                __sys_flen
 .text.__sys_istty
                0x0000000000005c6e        0x6 /usr/local/mcuxpressoide-11.1.0_3209/ide/plugins/com.nxp.mcuxpresso.tools.linux_11.1.0.201909161352/tools/bin/../lib/gcc/arm-none-eabi/8.3.1/../../../../arm-none-eabi/lib/thumb/v7-m/nofp/libcr_nohost_nf.a(__sys_istty.o)
                0x0000000000005c6e                __sys_istty
 .text.__sys_remove
                0x0000000000005c74        0x6 /usr/local/mcuxpressoide-11.1.0_3209/ide/plugins/com.nxp.mcuxpresso.tools.linux_11.1.0.201909161352/tools/bin/../lib/gcc/arm-none-eabi/8.3.1/../../../../arm-none-eabi/lib/thumb/v7-m/nofp/libcr_nohost_nf.a(__sys_remove.o)
                0x0000000000005c74                __sys_remove
 .text.__sys_seek
                0x0000000000005c7a        0x6 /usr/local/mcuxpressoide-11.1.0_3209/ide/plugins/com.nxp.mcuxpresso.tools.linux_11.1.0.201909161352/tools/bin/../lib/gcc/arm-none-eabi/8.3.1/../../../../arm-none-eabi/lib/thumb/v7-m/nofp/libcr_nohost_nf.a(__sys_seek.o)
                0x0000000000005c7a                __sys_seek
 .text.__sys_tmpnam
                0x0000000000005c80        0x6 /usr/local/mcuxpressoide-11.1.0_3209/ide/plugins/com.nxp.mcuxpresso.tools.linux_11.1.0.201909161352/tools/bin/../lib/gcc/arm-none-eabi/8.3.1/../../../../arm-none-eabi/lib/thumb/v7-m/nofp/libcr_nohost_nf.a(__sys_tmpnam.o)
                0x0000000000005c80                __sys_tmpnam
 *(.rodata .rodata.* .constdata .constdata.*)
 *fill*         0x0000000000005c86        0x2 ff
 .rodata.vTaskStartScheduler.str1.4
                0x0000000000005c88        0x5 ./freertos/src/tasks.o
 *fill*         0x0000000000005c8d        0x3 ff
 .rodata.producer.str1.4
                0x0000000000005c90        0xa ./example/src/P-C-individual.o
 *fill*         0x0000000000005c9a        0x2 ff
 .rodata.consumer.str1.4
                0x0000000000005c9c        0x6 ./example/src/P-C-individual.o
 *fill*         0x0000000000005ca2        0x2 ff
 .rodata.main.str1.4
                0x0000000000005ca4       0x10 ./example/src/P-C-individual.o
 .rodata.vTraceEnable.str1.4
                0x0000000000005cb4       0x7b ./example/src/trcKernelPort.o
 *fill*         0x0000000000005d2f        0x1 ff
 .rodata.pszTraceGetErrorNotEnoughHandles.str1.4
                0x0000000000005d30      0x2fe ./example/src/trcKernelPort.o
 *fill*         0x000000000000602e        0x2 ff
 .rodata.uiTraceStart.str1.4
                0x0000000000006030       0x4e ./example/src/trcSnapshotRecorder.o
 *fill*         0x000000000000607e        0x2 ff
 .rodata.xTraceSetISRProperties.str1.4
                0x0000000000006080       0xb7 ./example/src/trcSnapshotRecorder.o
 *fill*         0x0000000000006137        0x1 ff
 .rodata.prvTraceStoreTaskReady.str1.4
                0x0000000000006138       0x75 ./example/src/trcSnapshotRecorder.o
 *fill*         0x00000000000061ad        0x3 ff
 .rodata.prvTraceStoreLowPower.str1.4
                0x00000000000061b0       0x38 ./example/src/trcSnapshotRecorder.o
 .rodata.prvTraceStoreKernelCall.str1.4
                0x00000000000061e8       0xfd ./example/src/trcSnapshotRecorder.o
 *fill*         0x00000000000062e5        0x3 ff
 .rodata.prvTraceStoreKernelCallWithParam.str1.4
                0x00000000000062e8      0x115 ./example/src/trcSnapshotRecorder.o
 *fill*         0x00000000000063fd        0x3 ff
 .rodata.prvTraceGetParam.str1.4
                0x0000000000006400       0x3c ./example/src/trcSnapshotRecorder.o
 .rodata.prvTraceStoreKernelCallWithNumericParamOnly.str1.4
                0x000000000000643c       0x8d ./example/src/trcSnapshotRecorder.o
 *fill*         0x00000000000064c9        0x3 ff
 .rodata.prvTraceStoreTaskswitch.str1.4
                0x00000000000064cc       0x45 ./example/src/trcSnapshotRecorder.o
 *fill*         0x0000000000006511        0x3 ff
 .rodata.prvTraceSetPriorityProperty.str1.4
                0x0000000000006514       0x8c ./example/src/trcSnapshotRecorder.o
 .rodata.prvTraceSetObjectState.str1.4
                0x00000000000065a0       0x7f ./example/src/trcSnapshotRecorder.o
 *fill*         0x000000000000661f        0x1 ff
 .rodata.prvTraceGetObjectState.str1.4
                0x0000000000006620       0x7f ./example/src/trcSnapshotRecorder.o
 *fill*         0x000000000000669f        0x1 ff
 .rodata.prvTraceSetTaskInstanceFinished.str1.4
                0x00000000000066a0       0x48 ./example/src/trcSnapshotRecorder.o
 .rodata.prvTraceInitTraceData.str1.4
                0x00000000000066e8       0x14 ./example/src/trcSnapshotRecorder.o
 .rodata.prvTraceNextFreeEventBufferSlot.str1.4
                0x00000000000066fc       0x27 ./example/src/trcSnapshotRecorder.o
 *fill*         0x0000000000006723        0x1 ff
 .rodata.uiIndexOfObject.str1.4
                0x0000000000006724       0xc0 ./example/src/trcSnapshotRecorder.o
 .rodata.prvTraceGetObjectHandle.str1.4
                0x00000000000067e4       0x45 ./example/src/trcSnapshotRecorder.o
 *fill*         0x0000000000006829        0x3 ff
 .rodata.prvTraceSetObjectName.str1.4
                0x000000000000682c       0x91 ./example/src/trcSnapshotRecorder.o
 *fill*         0x00000000000068bd        0x3 ff
 .rodata.prvCheckDataToBeOverwrittenForMultiEntryEvents.str1.4
                0x00000000000068c0       0x55 ./example/src/trcSnapshotRecorder.o
 *fill*         0x0000000000006915        0x3 ff
 .rodata.prvTraceGetDTS.str1.4
                0x0000000000006918       0x63 ./example/src/trcSnapshotRecorder.o
 *fill*         0x000000000000697b        0x1 ff
 .rodata.prvTraceInitCortexM.str1.4
                0x000000000000697c       0x58 ./example/src/trcSnapshotRecorder.o
 .rodata.OscRateIn
                0x00000000000069d4        0x4 /home/nico/Documents/MCUXpresso_11.1.0_3209/workspace/lpcopen_2_10_lpcxpresso_nxp_lpcxpresso_1769.zip_expanded/lpc_board_nxp_lpcxpresso_1769/Debug/liblpc_board_nxp_lpcxpresso_1769.a(board.o)
                0x00000000000069d4                OscRateIn
 .rodata.RTCOscRateIn
                0x00000000000069d8        0x4 /home/nico/Documents/MCUXpresso_11.1.0_3209/workspace/lpcopen_2_10_lpcxpresso_nxp_lpcxpresso_1769.zip_expanded/lpc_board_nxp_lpcxpresso_1769/Debug/liblpc_board_nxp_lpcxpresso_1769.a(board.o)
                0x00000000000069d8                RTCOscRateIn
 .rodata.pinmuxing
                0x00000000000069dc       0x5c /home/nico/Documents/MCUXpresso_11.1.0_3209/workspace/lpcopen_2_10_lpcxpresso_nxp_lpcxpresso_1769.zip_expanded/lpc_board_nxp_lpcxpresso_1769/Debug/liblpc_board_nxp_lpcxpresso_1769.a(board_sysinit.o)
 .rodata._Csys_alloc.str1.1
                0x0000000000006a38       0x18 /usr/local/mcuxpressoide-11.1.0_3209/ide/plugins/com.nxp.mcuxpresso.tools.linux_11.1.0.201909161352/tools/bin/../lib/gcc/arm-none-eabi/8.3.1/../../../../arm-none-eabi/lib/thumb/v7-m/nofp/libcr_c.a(alloc.o)
 .rodata.fp_display.str1.1
                0x0000000000006a50       0x34 /usr/local/mcuxpressoide-11.1.0_3209/ide/plugins/com.nxp.mcuxpresso.tools.linux_11.1.0.201909161352/tools/bin/../lib/gcc/arm-none-eabi/8.3.1/../../../../arm-none-eabi/lib/thumb/v7-m/nofp/libcr_c.a(fpprintf.o)
                                         0x35 (size before relaxing)
 .rodata._initio.str1.1
                0x0000000000006a84        0x4 /usr/local/mcuxpressoide-11.1.0_3209/ide/plugins/com.nxp.mcuxpresso.tools.linux_11.1.0.201909161352/tools/bin/../lib/gcc/arm-none-eabi/8.3.1/../../../../arm-none-eabi/lib/thumb/v7-m/nofp/libcr_c.a(initio.o)
 .rodata.__vfprintf.str1.1
                0x0000000000006a88       0x31 /usr/local/mcuxpressoide-11.1.0_3209/ide/plugins/com.nxp.mcuxpresso.tools.linux_11.1.0.201909161352/tools/bin/../lib/gcc/arm-none-eabi/8.3.1/../../../../arm-none-eabi/lib/thumb/v7-m/nofp/libcr_c.a(printf.o)
                                         0x38 (size before relaxing)
 *fill*         0x0000000000006ab9        0x3 ff
 .rodata.__num_Ciob_streams
                0x0000000000006abc        0x4 /usr/local/mcuxpressoide-11.1.0_3209/ide/plugins/com.nxp.mcuxpresso.tools.linux_11.1.0.201909161352/tools/bin/../lib/gcc/arm-none-eabi/8.3.1/../../../../arm-none-eabi/lib/thumb/v7-m/nofp/libcr_nohost_nf.a(__ciob.o)
                0x0000000000006abc                __num_Ciob_streams
                0x0000000000006ac0                . = ALIGN (0x4)

.glue_7         0x0000000000006ac0        0x0
 .glue_7        0x0000000000006ac0        0x0 linker stubs

.glue_7t        0x0000000000006ac0        0x0
 .glue_7t       0x0000000000006ac0        0x0 linker stubs

.vfp11_veneer   0x0000000000006ac0        0x0
 .vfp11_veneer  0x0000000000006ac0        0x0 linker stubs

.v4_bx          0x0000000000006ac0        0x0
 .v4_bx         0x0000000000006ac0        0x0 linker stubs

.iplt           0x0000000000006ac0        0x0
 .iplt          0x0000000000006ac0        0x0 ./freertos/src/FreeRTOSCommonHooks.o

.rel.dyn        0x0000000000006ac0        0x0
 .rel.iplt      0x0000000000006ac0        0x0 ./freertos/src/FreeRTOSCommonHooks.o

.ARM.extab
 *(.ARM.extab* .gnu.linkonce.armextab.*)
                0x0000000000006ac0                __exidx_start = .

.ARM.exidx
 *(.ARM.exidx* .gnu.linkonce.armexidx.*)
                0x0000000000006ac0                __exidx_end = .
                0x0000000000006ac0                _etext = .

.data_RAM2      0x000000002007c000        0x0 load address 0x0000000000006ac0
 FILL mask 0xff
                [!provide]                        PROVIDE (__start_data_RAM2 = .)
                [!provide]                        PROVIDE (__start_data_RamAHB32 = .)
 *(.ramfunc.$RAM2)
 *(.ramfunc.$RamAHB32)
 *(.data.$RAM2)
 *(.data.$RamAHB32)
 *(.data.$RAM2.*)
 *(.data.$RamAHB32.*)
                0x000000002007c000                . = ALIGN (0x4)
                [!provide]                        PROVIDE (__end_data_RAM2 = .)
                [!provide]                        PROVIDE (__end_data_RamAHB32 = .)

.uninit_RESERVED
                0x0000000010000000        0x0
                0x0000000010000000                _start_uninit_RESERVED = .
 *(.bss.$RESERVED*)
                0x0000000010000000                . = ALIGN (0x4)
                0x0000000010000000                _end_uninit_RESERVED = .

.data           0x0000000010000000       0x10 load address 0x0000000000006ac0
 FILL mask 0xff
                0x0000000010000000                _data = .
                [!provide]                        PROVIDE (__start_data_RAM = .)
                [!provide]                        PROVIDE (__start_data_RamLoc32 = .)
 *(vtable)
 *(.ramfunc*)
 *(CodeQuickAccess)
 *(DataQuickAccess)
 *(RamFunction)
 *(.data*)
 .data.uxCriticalNesting
                0x0000000010000000        0x4 ./freertos/src/port.o
 .data.xNextTaskUnblockTime
                0x0000000010000004        0x4 ./freertos/src/tasks.o
 .data.readyEventsEnabled
                0x0000000010000008        0x4 ./example/src/trcSnapshotRecorder.o
 .data.CurrentFilterMask
                0x000000001000000c        0x2 ./example/src/trcSnapshotRecorder.o
                0x000000001000000c                CurrentFilterMask
                0x0000000010000010                . = ALIGN (0x4)
 *fill*         0x000000001000000e        0x2 ff
                0x0000000010000010                _edata = .
                [!provide]                        PROVIDE (__end_data_RAM = .)
                [!provide]                        PROVIDE (__end_data_RamLoc32 = .)

.igot.plt       0x0000000010000010        0x0 load address 0x0000000000006ad0
 .igot.plt      0x0000000010000010        0x0 ./freertos/src/FreeRTOSCommonHooks.o

.bss_RAM2       0x000000002007c000        0x0
                [!provide]                        PROVIDE (__start_bss_RAM2 = .)
                [!provide]                        PROVIDE (__start_bss_RamAHB32 = .)
 *(.bss.$RAM2)
 *(.bss.$RamAHB32)
 *(.bss.$RAM2.*)
 *(.bss.$RamAHB32.*)
                0x000000002007c000                . = ALIGN ((. != 0x0)?0x4:0x1)
                [!provide]                        PROVIDE (__end_bss_RAM2 = .)
                [!provide]                        PROVIDE (__end_bss_RamAHB32 = .)

.bss            0x0000000010000010     0x1d50
                0x0000000010000010                _bss = .
                [!provide]                        PROVIDE (__start_bss_RAM = .)
                [!provide]                        PROVIDE (__start_bss_RamLoc32 = .)
 *(.bss*)
 .bss.ulTimerCountsForOneTick
                0x0000000010000010        0x4 ./freertos/src/port.o
 .bss.xMaximumPossibleSuppressedTicks
                0x0000000010000014        0x4 ./freertos/src/port.o
 .bss.ulStoppedTimerCompensation
                0x0000000010000018        0x4 ./freertos/src/port.o
 .bss.pxCurrentTCB
                0x000000001000001c        0x4 ./freertos/src/tasks.o
                0x000000001000001c                pxCurrentTCB
 .bss.pxReadyTasksLists
                0x0000000010000020       0xa0 ./freertos/src/tasks.o
 .bss.xDelayedTaskList1
                0x00000000100000c0       0x14 ./freertos/src/tasks.o
 .bss.xDelayedTaskList2
                0x00000000100000d4       0x14 ./freertos/src/tasks.o
 .bss.pxDelayedTaskList
                0x00000000100000e8        0x4 ./freertos/src/tasks.o
 .bss.pxOverflowDelayedTaskList
                0x00000000100000ec        0x4 ./freertos/src/tasks.o
 .bss.xPendingReadyList
                0x00000000100000f0       0x14 ./freertos/src/tasks.o
 .bss.xTasksWaitingTermination
                0x0000000010000104       0x14 ./freertos/src/tasks.o
 .bss.uxTasksDeleted
                0x0000000010000118        0x4 ./freertos/src/tasks.o
 .bss.xSuspendedTaskList
                0x000000001000011c       0x14 ./freertos/src/tasks.o
 .bss.uxCurrentNumberOfTasks
                0x0000000010000130        0x4 ./freertos/src/tasks.o
 .bss.xTickCount
                0x0000000010000134        0x4 ./freertos/src/tasks.o
 .bss.uxTopReadyPriority
                0x0000000010000138        0x4 ./freertos/src/tasks.o
 .bss.xSchedulerRunning
                0x000000001000013c        0x4 ./freertos/src/tasks.o
 .bss.uxSchedulerSuspended
                0x0000000010000140        0x4 ./freertos/src/tasks.o
 .bss.uxPendedTicks
                0x0000000010000144        0x4 ./freertos/src/tasks.o
 .bss.xYieldPending
                0x0000000010000148        0x4 ./freertos/src/tasks.o
 .bss.xNumOfOverflows
                0x000000001000014c        0x4 ./freertos/src/tasks.o
 .bss.uxTaskNumber
                0x0000000010000150        0x4 ./freertos/src/tasks.o
 .bss.sharedBuffer
                0x0000000010000154      0x100 ./example/src/P-C-individual.o
 .bss.HandleTzCtrl
                0x0000000010000254        0x4 ./example/src/trcKernelPort.o
 .bss.tasksInStackMonitor
                0x0000000010000258       0x50 ./example/src/trcKernelPort.o
                0x0000000010000258                tasksInStackMonitor
 .bss.tasksNotIncluded
                0x00000000100002a8        0x4 ./example/src/trcKernelPort.o
                0x00000000100002a8                tasksNotIncluded
 .bss.i.8023    0x00000000100002ac        0x4 ./example/src/trcKernelPort.o
 .bss.isPendingContextSwitch
                0x00000000100002b0        0x4 ./example/src/trcSnapshotRecorder.o
                0x00000000100002b0                isPendingContextSwitch
 .bss.uiTraceTickCount
                0x00000000100002b4        0x4 ./example/src/trcSnapshotRecorder.o
                0x00000000100002b4                uiTraceTickCount
 .bss.trace_disable_timestamp
                0x00000000100002b8        0x4 ./example/src/trcSnapshotRecorder.o
                0x00000000100002b8                trace_disable_timestamp
 .bss.last_timestamp
                0x00000000100002bc        0x4 ./example/src/trcSnapshotRecorder.o
 .bss.uiTraceSystemState
                0x00000000100002c0        0x4 ./example/src/trcSnapshotRecorder.o
                0x00000000100002c0                uiTraceSystemState
 .bss.recorder_busy
                0x00000000100002c4        0x4 ./example/src/trcSnapshotRecorder.o
                0x00000000100002c4                recorder_busy
 .bss.timestampFrequency
                0x00000000100002c8        0x4 ./example/src/trcSnapshotRecorder.o
                0x00000000100002c8                timestampFrequency
 .bss.traceErrorMessage
                0x00000000100002cc        0x4 ./example/src/trcSnapshotRecorder.o
                0x00000000100002cc                traceErrorMessage
 .bss.handle_of_last_logged_task
                0x00000000100002d0        0x1 ./example/src/trcSnapshotRecorder.o
                0x00000000100002d0                handle_of_last_logged_task
 *fill*         0x00000000100002d1        0x3 
 .bss.vTraceStopHookPtr
                0x00000000100002d4        0x4 ./example/src/trcSnapshotRecorder.o
                0x00000000100002d4                vTraceStopHookPtr
 .bss.objectHandleStacks
                0x00000000100002d8       0x8e ./example/src/trcSnapshotRecorder.o
                0x00000000100002d8                objectHandleStacks
 *fill*         0x0000000010000366        0x2 
 .bss.RecorderDataPtr
                0x0000000010000368        0x4 ./example/src/trcSnapshotRecorder.o
                0x0000000010000368                RecorderDataPtr
 .bss.indexOfHandle.8084
                0x000000001000036c        0x4 ./example/src/trcSnapshotRecorder.o
 .bss.idx.8111  0x0000000010000370        0x2 ./example/src/trcSnapshotRecorder.o
 *fill*         0x0000000010000372        0x2 
 .bss.old_timestamp.8147
                0x0000000010000374        0x4 ./example/src/trcSnapshotRecorder.o
 .bss.last_hwtc_count.8185
                0x0000000010000378        0x4 ./example/src/trcSnapshotRecorder.o
 .bss.last_hwtc_rest.8187
                0x000000001000037c        0x4 ./example/src/trcSnapshotRecorder.o
 .bss.__end_of_heap
                0x0000000010000380        0x4 /usr/local/mcuxpressoide-11.1.0_3209/ide/plugins/com.nxp.mcuxpresso.tools.linux_11.1.0.201909161352/tools/bin/../lib/gcc/arm-none-eabi/8.3.1/../../../../arm-none-eabi/lib/thumb/v7-m/nofp/libcr_c.a(__init_alloc.o)
                0x0000000010000380                __end_of_heap
 .bss.__heaps   0x0000000010000384        0x4 /usr/local/mcuxpressoide-11.1.0_3209/ide/plugins/com.nxp.mcuxpresso.tools.linux_11.1.0.201909161352/tools/bin/../lib/gcc/arm-none-eabi/8.3.1/../../../../arm-none-eabi/lib/thumb/v7-m/nofp/libcr_c.a(__init_alloc.o)
                0x0000000010000384                __heaps
 .bss.errno     0x0000000010000388        0x4 /usr/local/mcuxpressoide-11.1.0_3209/ide/plugins/com.nxp.mcuxpresso.tools.linux_11.1.0.201909161352/tools/bin/../lib/gcc/arm-none-eabi/8.3.1/../../../../arm-none-eabi/lib/thumb/v7-m/nofp/libcr_c.a(errno.o)
                0x0000000010000388                errno
 .bss.__Ciob    0x000000001000038c       0xb4 /usr/local/mcuxpressoide-11.1.0_3209/ide/plugins/com.nxp.mcuxpresso.tools.linux_11.1.0.201909161352/tools/bin/../lib/gcc/arm-none-eabi/8.3.1/../../../../arm-none-eabi/lib/thumb/v7-m/nofp/libcr_nohost_nf.a(__ciob.o)
                0x000000001000038c                __Ciob
 *(COMMON)
 COMMON         0x0000000010000440     0x191c ./example/src/trcSnapshotRecorder.o
                0x0000000010000440                RecorderData
                0x0000000010001d58                init_hwtc_count
 COMMON         0x0000000010001d5c        0x4 /home/nico/Documents/MCUXpresso_11.1.0_3209/workspace/lpcopen_2_10_lpcxpresso_nxp_lpcxpresso_1769.zip_expanded/lpc_chip_175x_6x/Debug/liblpc_chip_175x_6x.a(chip_17xx_40xx.o)
                0x0000000010001d5c                SystemCoreClock
                0x0000000010001d60                . = ALIGN (0x4)
                0x0000000010001d60                _ebss = .
                [!provide]                        PROVIDE (__end_bss_RAM = .)
                [!provide]                        PROVIDE (__end_bss_RamLoc32 = .)
                [!provide]                        PROVIDE (end = .)

.noinit_RAM2    0x000000002007c000        0x0
                [!provide]                        PROVIDE (__start_noinit_RAM2 = .)
                [!provide]                        PROVIDE (__start_noinit_RamAHB32 = .)
 *(.noinit.$RAM2)
 *(.noinit.$RamAHB32)
 *(.noinit.$RAM2.*)
 *(.noinit.$RamAHB32.*)
                0x000000002007c000                . = ALIGN (0x4)
                [!provide]                        PROVIDE (__end_noinit_RAM2 = .)
                [!provide]                        PROVIDE (__end_noinit_RamAHB32 = .)

.noinit         0x0000000010001d60        0x0
                0x0000000010001d60                _noinit = .
                [!provide]                        PROVIDE (__start_noinit_RAM = .)
                [!provide]                        PROVIDE (__start_noinit_RamLoc32 = .)
 *(.noinit*)
                0x0000000010001d60                . = ALIGN (0x4)
                0x0000000010001d60                _end_noinit = .
                [!provide]                        PROVIDE (__end_noinit_RAM = .)
                [!provide]                        PROVIDE (__end_noinit_RamLoc32 = .)
                0x0000000010001d60                PROVIDE (_pvHeapStart = DEFINED (__user_heap_base)?__user_heap_base:.)
                0x0000000010008000                PROVIDE (_vStackTop = DEFINED (__user_stack_top)?__user_stack_top:(__top_RamLoc32 - 0x0))
                [!provide]                        PROVIDE (__valid_user_code_checksum = (0x0 - ((((((_vStackTop + (ResetISR + 0x1)) + (NMI_Handler + 0x1)) + (HardFault_Handler + 0x1)) + (DEFINED (MemManage_Handler)?MemManage_Handler:0x0 + 0x1)) + (DEFINED (BusFault_Handler)?BusFault_Handler:0x0 + 0x1)) + (DEFINED (UsageFault_Handler)?UsageFault_Handler:0x0 + 0x1))))
                0x0000000000000000                _image_start = LOADADDR (.text)
                0x0000000000006ad0                _image_end = (LOADADDR (.data) + SIZEOF (.data))
                0x0000000000006ad0                _image_size = (_image_end - _image_start)
OUTPUT(productor-consumidor-simple.axf elf32-littlearm)

.debug_info     0x0000000000000000     0xc99b
 .debug_info    0x0000000000000000      0x8ab ./freertos/src/FreeRTOSCommonHooks.o
 .debug_info    0x00000000000008ab      0x835 ./freertos/src/heap_3.o
 .debug_info    0x00000000000010e0      0x9ec ./freertos/src/list.o
 .debug_info    0x0000000000001acc      0xaf1 ./freertos/src/port.o
 .debug_info    0x00000000000025bd     0x1b14 ./freertos/src/tasks.o
 .debug_info    0x00000000000040d1      0x95f ./example/src/P-C-individual.o
 .debug_info    0x0000000000004a30      0x272 ./example/src/cr_startup_lpc175x_6x.o
 .debug_info    0x0000000000004ca2      0x250 ./example/src/sysinit.o
 .debug_info    0x0000000000004ef2      0xd6b ./example/src/trcKernelPort.o
 .debug_info    0x0000000000005c5d     0x264b ./example/src/trcSnapshotRecorder.o
 .debug_info    0x00000000000082a8     0x164a /home/nico/Documents/MCUXpresso_11.1.0_3209/workspace/lpcopen_2_10_lpcxpresso_nxp_lpcxpresso_1769.zip_expanded/lpc_board_nxp_lpcxpresso_1769/Debug/liblpc_board_nxp_lpcxpresso_1769.a(board.o)
 .debug_info    0x00000000000098f2      0x71d /home/nico/Documents/MCUXpresso_11.1.0_3209/workspace/lpcopen_2_10_lpcxpresso_nxp_lpcxpresso_1769.zip_expanded/lpc_board_nxp_lpcxpresso_1769/Debug/liblpc_board_nxp_lpcxpresso_1769.a(board_sysinit.o)
 .debug_info    0x000000000000a00f      0x591 /home/nico/Documents/MCUXpresso_11.1.0_3209/workspace/lpcopen_2_10_lpcxpresso_nxp_lpcxpresso_1769.zip_expanded/lpc_chip_175x_6x/Debug/liblpc_chip_175x_6x.a(chip_17xx_40xx.o)
 .debug_info    0x000000000000a5a0      0xc2a /home/nico/Documents/MCUXpresso_11.1.0_3209/workspace/lpcopen_2_10_lpcxpresso_nxp_lpcxpresso_1769.zip_expanded/lpc_chip_175x_6x/Debug/liblpc_chip_175x_6x.a(clock_17xx_40xx.o)
 .debug_info    0x000000000000b1ca      0x347 /home/nico/Documents/MCUXpresso_11.1.0_3209/workspace/lpcopen_2_10_lpcxpresso_nxp_lpcxpresso_1769.zip_expanded/lpc_chip_175x_6x/Debug/liblpc_chip_175x_6x.a(iocon_17xx_40xx.o)
 .debug_info    0x000000000000b511      0x4b0 /home/nico/Documents/MCUXpresso_11.1.0_3209/workspace/lpcopen_2_10_lpcxpresso_nxp_lpcxpresso_1769.zip_expanded/lpc_chip_175x_6x/Debug/liblpc_chip_175x_6x.a(sysinit_17xx_40xx.o)
 .debug_info    0x000000000000b9c1      0xfda /home/nico/Documents/MCUXpresso_11.1.0_3209/workspace/lpcopen_2_10_lpcxpresso_nxp_lpcxpresso_1769.zip_expanded/lpc_chip_175x_6x/Debug/liblpc_chip_175x_6x.a(uart_17xx_40xx.o)

.debug_abbrev   0x0000000000000000     0x2655
 .debug_abbrev  0x0000000000000000      0x1d9 ./freertos/src/FreeRTOSCommonHooks.o
 .debug_abbrev  0x00000000000001d9      0x183 ./freertos/src/heap_3.o
 .debug_abbrev  0x000000000000035c      0x18e ./freertos/src/list.o
 .debug_abbrev  0x00000000000004ea      0x29b ./freertos/src/port.o
 .debug_abbrev  0x0000000000000785      0x363 ./freertos/src/tasks.o
 .debug_abbrev  0x0000000000000ae8      0x1a4 ./example/src/P-C-individual.o
 .debug_abbrev  0x0000000000000c8c      0x117 ./example/src/cr_startup_lpc175x_6x.o
 .debug_abbrev  0x0000000000000da3       0xeb ./example/src/sysinit.o
 .debug_abbrev  0x0000000000000e8e      0x2c1 ./example/src/trcKernelPort.o
 .debug_abbrev  0x000000000000114f      0x422 ./example/src/trcSnapshotRecorder.o
 .debug_abbrev  0x0000000000001571      0x420 /home/nico/Documents/MCUXpresso_11.1.0_3209/workspace/lpcopen_2_10_lpcxpresso_nxp_lpcxpresso_1769.zip_expanded/lpc_board_nxp_lpcxpresso_1769/Debug/liblpc_board_nxp_lpcxpresso_1769.a(board.o)
 .debug_abbrev  0x0000000000001991      0x1a2 /home/nico/Documents/MCUXpresso_11.1.0_3209/workspace/lpcopen_2_10_lpcxpresso_nxp_lpcxpresso_1769.zip_expanded/lpc_board_nxp_lpcxpresso_1769/Debug/liblpc_board_nxp_lpcxpresso_1769.a(board_sysinit.o)
 .debug_abbrev  0x0000000000001b33      0x16d /home/nico/Documents/MCUXpresso_11.1.0_3209/workspace/lpcopen_2_10_lpcxpresso_nxp_lpcxpresso_1769.zip_expanded/lpc_chip_175x_6x/Debug/liblpc_chip_175x_6x.a(chip_17xx_40xx.o)
 .debug_abbrev  0x0000000000001ca0      0x34d /home/nico/Documents/MCUXpresso_11.1.0_3209/workspace/lpcopen_2_10_lpcxpresso_nxp_lpcxpresso_1769.zip_expanded/lpc_chip_175x_6x/Debug/liblpc_chip_175x_6x.a(clock_17xx_40xx.o)
 .debug_abbrev  0x0000000000001fed      0x164 /home/nico/Documents/MCUXpresso_11.1.0_3209/workspace/lpcopen_2_10_lpcxpresso_nxp_lpcxpresso_1769.zip_expanded/lpc_chip_175x_6x/Debug/liblpc_chip_175x_6x.a(iocon_17xx_40xx.o)
 .debug_abbrev  0x0000000000002151      0x1b0 /home/nico/Documents/MCUXpresso_11.1.0_3209/workspace/lpcopen_2_10_lpcxpresso_nxp_lpcxpresso_1769.zip_expanded/lpc_chip_175x_6x/Debug/liblpc_chip_175x_6x.a(sysinit_17xx_40xx.o)
 .debug_abbrev  0x0000000000002301      0x354 /home/nico/Documents/MCUXpresso_11.1.0_3209/workspace/lpcopen_2_10_lpcxpresso_nxp_lpcxpresso_1769.zip_expanded/lpc_chip_175x_6x/Debug/liblpc_chip_175x_6x.a(uart_17xx_40xx.o)

.debug_aranges  0x0000000000000000      0xb00
 .debug_aranges
                0x0000000000000000       0x40 ./freertos/src/FreeRTOSCommonHooks.o
 .debug_aranges
                0x0000000000000040       0x28 ./freertos/src/heap_3.o
 .debug_aranges
                0x0000000000000068       0x40 ./freertos/src/list.o
 .debug_aranges
                0x00000000000000a8       0x90 ./freertos/src/port.o
 .debug_aranges
                0x0000000000000138      0x178 ./freertos/src/tasks.o
 .debug_aranges
                0x00000000000002b0       0x38 ./example/src/P-C-individual.o
 .debug_aranges
                0x00000000000002e8       0x80 ./example/src/cr_startup_lpc175x_6x.o
 .debug_aranges
                0x0000000000000368       0x20 ./example/src/sysinit.o
 .debug_aranges
                0x0000000000000388       0xd0 ./example/src/trcKernelPort.o
 .debug_aranges
                0x0000000000000458      0x200 ./example/src/trcSnapshotRecorder.o
 .debug_aranges
                0x0000000000000658      0x160 /home/nico/Documents/MCUXpresso_11.1.0_3209/workspace/lpcopen_2_10_lpcxpresso_nxp_lpcxpresso_1769.zip_expanded/lpc_board_nxp_lpcxpresso_1769/Debug/liblpc_board_nxp_lpcxpresso_1769.a(board.o)
 .debug_aranges
                0x00000000000007b8       0x38 /home/nico/Documents/MCUXpresso_11.1.0_3209/workspace/lpcopen_2_10_lpcxpresso_nxp_lpcxpresso_1769.zip_expanded/lpc_board_nxp_lpcxpresso_1769/Debug/liblpc_board_nxp_lpcxpresso_1769.a(board_sysinit.o)
 .debug_aranges
                0x00000000000007f0       0x38 /home/nico/Documents/MCUXpresso_11.1.0_3209/workspace/lpcopen_2_10_lpcxpresso_nxp_lpcxpresso_1769.zip_expanded/lpc_chip_175x_6x/Debug/liblpc_chip_175x_6x.a(chip_17xx_40xx.o)
 .debug_aranges
                0x0000000000000828      0x120 /home/nico/Documents/MCUXpresso_11.1.0_3209/workspace/lpcopen_2_10_lpcxpresso_nxp_lpcxpresso_1769.zip_expanded/lpc_chip_175x_6x/Debug/liblpc_chip_175x_6x.a(clock_17xx_40xx.o)
 .debug_aranges
                0x0000000000000948       0x30 /home/nico/Documents/MCUXpresso_11.1.0_3209/workspace/lpcopen_2_10_lpcxpresso_nxp_lpcxpresso_1769.zip_expanded/lpc_chip_175x_6x/Debug/liblpc_chip_175x_6x.a(iocon_17xx_40xx.o)
 .debug_aranges
                0x0000000000000978       0x60 /home/nico/Documents/MCUXpresso_11.1.0_3209/workspace/lpcopen_2_10_lpcxpresso_nxp_lpcxpresso_1769.zip_expanded/lpc_chip_175x_6x/Debug/liblpc_chip_175x_6x.a(sysinit_17xx_40xx.o)
 .debug_aranges
                0x00000000000009d8      0x128 /home/nico/Documents/MCUXpresso_11.1.0_3209/workspace/lpcopen_2_10_lpcxpresso_nxp_lpcxpresso_1769.zip_expanded/lpc_chip_175x_6x/Debug/liblpc_chip_175x_6x.a(uart_17xx_40xx.o)

.debug_ranges   0x0000000000000000      0x9f0
 .debug_ranges  0x0000000000000000       0x30 ./freertos/src/FreeRTOSCommonHooks.o
 .debug_ranges  0x0000000000000030       0x18 ./freertos/src/heap_3.o
 .debug_ranges  0x0000000000000048       0x30 ./freertos/src/list.o
 .debug_ranges  0x0000000000000078       0x80 ./freertos/src/port.o
 .debug_ranges  0x00000000000000f8      0x168 ./freertos/src/tasks.o
 .debug_ranges  0x0000000000000260       0x28 ./example/src/P-C-individual.o
 .debug_ranges  0x0000000000000288       0x70 ./example/src/cr_startup_lpc175x_6x.o
 .debug_ranges  0x00000000000002f8       0x10 ./example/src/sysinit.o
 .debug_ranges  0x0000000000000308       0xc0 ./example/src/trcKernelPort.o
 .debug_ranges  0x00000000000003c8      0x1f0 ./example/src/trcSnapshotRecorder.o
 .debug_ranges  0x00000000000005b8      0x150 /home/nico/Documents/MCUXpresso_11.1.0_3209/workspace/lpcopen_2_10_lpcxpresso_nxp_lpcxpresso_1769.zip_expanded/lpc_board_nxp_lpcxpresso_1769/Debug/liblpc_board_nxp_lpcxpresso_1769.a(board.o)
 .debug_ranges  0x0000000000000708       0x28 /home/nico/Documents/MCUXpresso_11.1.0_3209/workspace/lpcopen_2_10_lpcxpresso_nxp_lpcxpresso_1769.zip_expanded/lpc_board_nxp_lpcxpresso_1769/Debug/liblpc_board_nxp_lpcxpresso_1769.a(board_sysinit.o)
 .debug_ranges  0x0000000000000730       0x28 /home/nico/Documents/MCUXpresso_11.1.0_3209/workspace/lpcopen_2_10_lpcxpresso_nxp_lpcxpresso_1769.zip_expanded/lpc_chip_175x_6x/Debug/liblpc_chip_175x_6x.a(chip_17xx_40xx.o)
 .debug_ranges  0x0000000000000758      0x110 /home/nico/Documents/MCUXpresso_11.1.0_3209/workspace/lpcopen_2_10_lpcxpresso_nxp_lpcxpresso_1769.zip_expanded/lpc_chip_175x_6x/Debug/liblpc_chip_175x_6x.a(clock_17xx_40xx.o)
 .debug_ranges  0x0000000000000868       0x20 /home/nico/Documents/MCUXpresso_11.1.0_3209/workspace/lpcopen_2_10_lpcxpresso_nxp_lpcxpresso_1769.zip_expanded/lpc_chip_175x_6x/Debug/liblpc_chip_175x_6x.a(iocon_17xx_40xx.o)
 .debug_ranges  0x0000000000000888       0x50 /home/nico/Documents/MCUXpresso_11.1.0_3209/workspace/lpcopen_2_10_lpcxpresso_nxp_lpcxpresso_1769.zip_expanded/lpc_chip_175x_6x/Debug/liblpc_chip_175x_6x.a(sysinit_17xx_40xx.o)
 .debug_ranges  0x00000000000008d8      0x118 /home/nico/Documents/MCUXpresso_11.1.0_3209/workspace/lpcopen_2_10_lpcxpresso_nxp_lpcxpresso_1769.zip_expanded/lpc_chip_175x_6x/Debug/liblpc_chip_175x_6x.a(uart_17xx_40xx.o)

.debug_macro    0x0000000000000000     0x8607
 .debug_macro   0x0000000000000000      0x2f3 ./freertos/src/FreeRTOSCommonHooks.o
 .debug_macro   0x00000000000002f3      0xaa2 ./freertos/src/FreeRTOSCommonHooks.o
 .debug_macro   0x0000000000000d95       0x10 ./freertos/src/FreeRTOSCommonHooks.o
 .debug_macro   0x0000000000000da5      0x12e ./freertos/src/FreeRTOSCommonHooks.o
 .debug_macro   0x0000000000000ed3       0x16 ./freertos/src/FreeRTOSCommonHooks.o
 .debug_macro   0x0000000000000ee9       0x46 ./freertos/src/FreeRTOSCommonHooks.o
 .debug_macro   0x0000000000000f2f      0x5b3 ./freertos/src/FreeRTOSCommonHooks.o
 .debug_macro   0x00000000000014e2       0x22 ./freertos/src/FreeRTOSCommonHooks.o
 .debug_macro   0x0000000000001504       0x74 ./freertos/src/FreeRTOSCommonHooks.o
 .debug_macro   0x0000000000001578       0x10 ./freertos/src/FreeRTOSCommonHooks.o
 .debug_macro   0x0000000000001588       0x2d ./freertos/src/FreeRTOSCommonHooks.o
 .debug_macro   0x00000000000015b5       0x3a ./freertos/src/FreeRTOSCommonHooks.o
 .debug_macro   0x00000000000015ef       0x2d ./freertos/src/FreeRTOSCommonHooks.o
 .debug_macro   0x000000000000161c      0xbb1 ./freertos/src/FreeRTOSCommonHooks.o
 .debug_macro   0x00000000000021cd      0x22c ./freertos/src/FreeRTOSCommonHooks.o
 .debug_macro   0x00000000000023f9       0x42 ./freertos/src/FreeRTOSCommonHooks.o
 .debug_macro   0x000000000000243b       0x52 ./freertos/src/FreeRTOSCommonHooks.o
 .debug_macro   0x000000000000248d       0x78 ./freertos/src/FreeRTOSCommonHooks.o
 .debug_macro   0x0000000000002505       0x82 ./freertos/src/FreeRTOSCommonHooks.o
 .debug_macro   0x0000000000002587      0x48c ./freertos/src/FreeRTOSCommonHooks.o
 .debug_macro   0x0000000000002a13       0x34 ./freertos/src/FreeRTOSCommonHooks.o
 .debug_macro   0x0000000000002a47      0x4c5 ./freertos/src/FreeRTOSCommonHooks.o
 .debug_macro   0x0000000000002f0c      0x1b7 ./freertos/src/FreeRTOSCommonHooks.o
 .debug_macro   0x00000000000030c3       0x10 ./freertos/src/FreeRTOSCommonHooks.o
 .debug_macro   0x00000000000030d3      0x21b ./freertos/src/FreeRTOSCommonHooks.o
 .debug_macro   0x00000000000032ee      0x1b9 ./freertos/src/FreeRTOSCommonHooks.o
 .debug_macro   0x00000000000034a7       0x40 ./freertos/src/FreeRTOSCommonHooks.o
 .debug_macro   0x00000000000034e7       0x22 ./freertos/src/FreeRTOSCommonHooks.o
 .debug_macro   0x0000000000003509      0x162 ./freertos/src/FreeRTOSCommonHooks.o
 .debug_macro   0x000000000000366b       0x94 ./freertos/src/FreeRTOSCommonHooks.o
 .debug_macro   0x00000000000036ff       0xb8 ./freertos/src/FreeRTOSCommonHooks.o
 .debug_macro   0x00000000000037b7       0x4c ./freertos/src/FreeRTOSCommonHooks.o
 .debug_macro   0x0000000000003803       0x16 ./freertos/src/FreeRTOSCommonHooks.o
 .debug_macro   0x0000000000003819      0x328 ./freertos/src/FreeRTOSCommonHooks.o
 .debug_macro   0x0000000000003b41       0x49 ./freertos/src/FreeRTOSCommonHooks.o
 .debug_macro   0x0000000000003b8a       0x16 ./freertos/src/FreeRTOSCommonHooks.o
 .debug_macro   0x0000000000003ba0       0xca ./freertos/src/FreeRTOSCommonHooks.o
 .debug_macro   0x0000000000003c6a       0x11 ./freertos/src/FreeRTOSCommonHooks.o
 .debug_macro   0x0000000000003c7b       0x70 ./freertos/src/FreeRTOSCommonHooks.o
 .debug_macro   0x0000000000003ceb       0x9a ./freertos/src/FreeRTOSCommonHooks.o
 .debug_macro   0x0000000000003d85       0x20 ./freertos/src/FreeRTOSCommonHooks.o
 .debug_macro   0x0000000000003da5       0x28 ./freertos/src/FreeRTOSCommonHooks.o
 .debug_macro   0x0000000000003dcd       0xee ./freertos/src/FreeRTOSCommonHooks.o
 .debug_macro   0x0000000000003ebb       0x1c ./freertos/src/FreeRTOSCommonHooks.o
 .debug_macro   0x0000000000003ed7      0x13f ./freertos/src/FreeRTOSCommonHooks.o
 .debug_macro   0x0000000000004016       0x94 ./freertos/src/FreeRTOSCommonHooks.o
 .debug_macro   0x00000000000040aa       0xdd ./freertos/src/FreeRTOSCommonHooks.o
 .debug_macro   0x0000000000004187       0x88 ./freertos/src/FreeRTOSCommonHooks.o
 .debug_macro   0x000000000000420f      0x9b4 ./freertos/src/FreeRTOSCommonHooks.o
 .debug_macro   0x0000000000004bc3      0x226 ./freertos/src/FreeRTOSCommonHooks.o
 .debug_macro   0x0000000000004de9       0xab ./freertos/src/FreeRTOSCommonHooks.o
 .debug_macro   0x0000000000004e94       0x12 ./freertos/src/FreeRTOSCommonHooks.o
 .debug_macro   0x0000000000004ea6       0x1f ./freertos/src/FreeRTOSCommonHooks.o
 .debug_macro   0x0000000000004ec5      0x15b ./freertos/src/FreeRTOSCommonHooks.o
 .debug_macro   0x0000000000005020       0x64 ./freertos/src/FreeRTOSCommonHooks.o
 .debug_macro   0x0000000000005084       0x57 ./freertos/src/FreeRTOSCommonHooks.o
 .debug_macro   0x00000000000050db      0x309 ./freertos/src/heap_3.o
 .debug_macro   0x00000000000053e4       0x28 ./freertos/src/heap_3.o
 .debug_macro   0x000000000000540c      0x2ee ./freertos/src/list.o
 .debug_macro   0x00000000000056fa      0x380 ./freertos/src/port.o
 .debug_macro   0x0000000000005a7a      0x38d ./freertos/src/tasks.o
 .debug_macro   0x0000000000005e07       0x5b ./freertos/src/tasks.o
 .debug_macro   0x0000000000005e62       0x16 ./freertos/src/tasks.o
 .debug_macro   0x0000000000005e78      0x304 ./example/src/P-C-individual.o
 .debug_macro   0x000000000000617c       0x7b ./example/src/P-C-individual.o
 .debug_macro   0x00000000000061f7       0x18 ./example/src/P-C-individual.o
 .debug_macro   0x000000000000620f       0x10 ./example/src/P-C-individual.o
 .debug_macro   0x000000000000621f       0xf4 ./example/src/P-C-individual.o
 .debug_macro   0x0000000000006313       0x1c ./example/src/P-C-individual.o
 .debug_macro   0x000000000000632f       0x1d ./example/src/cr_startup_lpc175x_6x.o
 .debug_macro   0x000000000000634c      0x217 ./example/src/sysinit.o
 .debug_macro   0x0000000000006563      0x2f2 ./example/src/trcKernelPort.o
 .debug_macro   0x0000000000006855      0x2f6 ./example/src/trcSnapshotRecorder.o
 .debug_macro   0x0000000000006b4b      0x257 ./example/src/trcSnapshotRecorder.o
 .debug_macro   0x0000000000006da2       0x16 ./example/src/trcSnapshotRecorder.o
 .debug_macro   0x0000000000006db8      0x289 /home/nico/Documents/MCUXpresso_11.1.0_3209/workspace/lpcopen_2_10_lpcxpresso_nxp_lpcxpresso_1769.zip_expanded/lpc_board_nxp_lpcxpresso_1769/Debug/liblpc_board_nxp_lpcxpresso_1769.a(board.o)
 .debug_macro   0x0000000000007041      0xa9c /home/nico/Documents/MCUXpresso_11.1.0_3209/workspace/lpcopen_2_10_lpcxpresso_nxp_lpcxpresso_1769.zip_expanded/lpc_board_nxp_lpcxpresso_1769/Debug/liblpc_board_nxp_lpcxpresso_1769.a(board.o)
 .debug_macro   0x0000000000007add       0x12 /home/nico/Documents/MCUXpresso_11.1.0_3209/workspace/lpcopen_2_10_lpcxpresso_nxp_lpcxpresso_1769.zip_expanded/lpc_board_nxp_lpcxpresso_1769/Debug/liblpc_board_nxp_lpcxpresso_1769.a(board.o)
 .debug_macro   0x0000000000007aef      0x217 /home/nico/Documents/MCUXpresso_11.1.0_3209/workspace/lpcopen_2_10_lpcxpresso_nxp_lpcxpresso_1769.zip_expanded/lpc_board_nxp_lpcxpresso_1769/Debug/liblpc_board_nxp_lpcxpresso_1769.a(board_sysinit.o)
 .debug_macro   0x0000000000007d06      0x1cd /home/nico/Documents/MCUXpresso_11.1.0_3209/workspace/lpcopen_2_10_lpcxpresso_nxp_lpcxpresso_1769.zip_expanded/lpc_chip_175x_6x/Debug/liblpc_chip_175x_6x.a(chip_17xx_40xx.o)
 .debug_macro   0x0000000000007ed3      0x1cd /home/nico/Documents/MCUXpresso_11.1.0_3209/workspace/lpcopen_2_10_lpcxpresso_nxp_lpcxpresso_1769.zip_expanded/lpc_chip_175x_6x/Debug/liblpc_chip_175x_6x.a(clock_17xx_40xx.o)
 .debug_macro   0x00000000000080a0      0x1cd /home/nico/Documents/MCUXpresso_11.1.0_3209/workspace/lpcopen_2_10_lpcxpresso_nxp_lpcxpresso_1769.zip_expanded/lpc_chip_175x_6x/Debug/liblpc_chip_175x_6x.a(iocon_17xx_40xx.o)
 .debug_macro   0x000000000000826d      0x1cd /home/nico/Documents/MCUXpresso_11.1.0_3209/workspace/lpcopen_2_10_lpcxpresso_nxp_lpcxpresso_1769.zip_expanded/lpc_chip_175x_6x/Debug/liblpc_chip_175x_6x.a(sysinit_17xx_40xx.o)
 .debug_macro   0x000000000000843a      0x1cd /home/nico/Documents/MCUXpresso_11.1.0_3209/workspace/lpcopen_2_10_lpcxpresso_nxp_lpcxpresso_1769.zip_expanded/lpc_chip_175x_6x/Debug/liblpc_chip_175x_6x.a(uart_17xx_40xx.o)

.debug_line     0x0000000000000000     0xa57b
 .debug_line    0x0000000000000000      0x7d7 ./freertos/src/FreeRTOSCommonHooks.o
 .debug_line    0x00000000000007d7      0x779 ./freertos/src/heap_3.o
 .debug_line    0x0000000000000f50      0x842 ./freertos/src/list.o
 .debug_line    0x0000000000001792      0xa0a ./freertos/src/port.o
 .debug_line    0x000000000000219c     0x15b8 ./freertos/src/tasks.o
 .debug_line    0x0000000000003754      0x7e1 ./example/src/P-C-individual.o
 .debug_line    0x0000000000003f35      0x168 ./example/src/cr_startup_lpc175x_6x.o
 .debug_line    0x000000000000409d      0x592 ./example/src/sysinit.o
 .debug_line    0x000000000000462f      0xb6b ./example/src/trcKernelPort.o